Archive member included to satisfy reference by file (symbol)

c:/st/stm32cubeide_1.9.0/stm32cubeide/plugins/com.st.stm32cube.ide.mcu.externaltools.gnu-tools-for-stm32.10.3-2021.10.win32_1.0.0.202111181127/tools/bin/../lib/gcc/arm-none-eabi/10.3.1/../../../../arm-none-eabi/lib/thumb/v7-m/nofp\libstdc++_nano.a(pure.o)
                              ./Core/Src/interface.o (__cxa_pure_virtual)
c:/st/stm32cubeide_1.9.0/stm32cubeide/plugins/com.st.stm32cube.ide.mcu.externaltools.gnu-tools-for-stm32.10.3-2021.10.win32_1.0.0.202111181127/tools/bin/../lib/gcc/arm-none-eabi/10.3.1/../../../../arm-none-eabi/lib/thumb/v7-m/nofp\libstdc++_nano.a(eh_terminate.o)
                              c:/st/stm32cubeide_1.9.0/stm32cubeide/plugins/com.st.stm32cube.ide.mcu.externaltools.gnu-tools-for-stm32.10.3-2021.10.win32_1.0.0.202111181127/tools/bin/../lib/gcc/arm-none-eabi/10.3.1/../../../../arm-none-eabi/lib/thumb/v7-m/nofp\libstdc++_nano.a(pure.o) (std::terminate())
c:/st/stm32cubeide_1.9.0/stm32cubeide/plugins/com.st.stm32cube.ide.mcu.externaltools.gnu-tools-for-stm32.10.3-2021.10.win32_1.0.0.202111181127/tools/bin/../lib/gcc/arm-none-eabi/10.3.1/../../../../arm-none-eabi/lib/thumb/v7-m/nofp\libstdc++_nano.a(eh_unex_handler.o)
                              c:/st/stm32cubeide_1.9.0/stm32cubeide/plugins/com.st.stm32cube.ide.mcu.externaltools.gnu-tools-for-stm32.10.3-2021.10.win32_1.0.0.202111181127/tools/bin/../lib/gcc/arm-none-eabi/10.3.1/../../../../arm-none-eabi/lib/thumb/v7-m/nofp\libstdc++_nano.a(eh_terminate.o) (__cxxabiv1::__unexpected_handler)
c:/st/stm32cubeide_1.9.0/stm32cubeide/plugins/com.st.stm32cube.ide.mcu.externaltools.gnu-tools-for-stm32.10.3-2021.10.win32_1.0.0.202111181127/tools/bin/../lib/gcc/arm-none-eabi/10.3.1/../../../../arm-none-eabi/lib/thumb/v7-m/nofp\libstdc++_nano.a(eh_term_handler.o)
                              c:/st/stm32cubeide_1.9.0/stm32cubeide/plugins/com.st.stm32cube.ide.mcu.externaltools.gnu-tools-for-stm32.10.3-2021.10.win32_1.0.0.202111181127/tools/bin/../lib/gcc/arm-none-eabi/10.3.1/../../../../arm-none-eabi/lib/thumb/v7-m/nofp\libstdc++_nano.a(eh_terminate.o) (__cxxabiv1::__terminate_handler)
c:/st/stm32cubeide_1.9.0/stm32cubeide/plugins/com.st.stm32cube.ide.mcu.externaltools.gnu-tools-for-stm32.10.3-2021.10.win32_1.0.0.202111181127/tools/bin/../lib/gcc/arm-none-eabi/10.3.1/../../../../arm-none-eabi/lib/thumb/v7-m/nofp\libm.a(lib_a-s_cos.o)
                              ./Core/Src/lcdtp.o (cos)
c:/st/stm32cubeide_1.9.0/stm32cubeide/plugins/com.st.stm32cube.ide.mcu.externaltools.gnu-tools-for-stm32.10.3-2021.10.win32_1.0.0.202111181127/tools/bin/../lib/gcc/arm-none-eabi/10.3.1/../../../../arm-none-eabi/lib/thumb/v7-m/nofp\libm.a(lib_a-s_sin.o)
                              ./Core/Src/lcdtp.o (sin)
c:/st/stm32cubeide_1.9.0/stm32cubeide/plugins/com.st.stm32cube.ide.mcu.externaltools.gnu-tools-for-stm32.10.3-2021.10.win32_1.0.0.202111181127/tools/bin/../lib/gcc/arm-none-eabi/10.3.1/../../../../arm-none-eabi/lib/thumb/v7-m/nofp\libm.a(lib_a-e_rem_pio2.o)
                              c:/st/stm32cubeide_1.9.0/stm32cubeide/plugins/com.st.stm32cube.ide.mcu.externaltools.gnu-tools-for-stm32.10.3-2021.10.win32_1.0.0.202111181127/tools/bin/../lib/gcc/arm-none-eabi/10.3.1/../../../../arm-none-eabi/lib/thumb/v7-m/nofp\libm.a(lib_a-s_cos.o) (__ieee754_rem_pio2)
c:/st/stm32cubeide_1.9.0/stm32cubeide/plugins/com.st.stm32cube.ide.mcu.externaltools.gnu-tools-for-stm32.10.3-2021.10.win32_1.0.0.202111181127/tools/bin/../lib/gcc/arm-none-eabi/10.3.1/../../../../arm-none-eabi/lib/thumb/v7-m/nofp\libm.a(lib_a-k_cos.o)
                              c:/st/stm32cubeide_1.9.0/stm32cubeide/plugins/com.st.stm32cube.ide.mcu.externaltools.gnu-tools-for-stm32.10.3-2021.10.win32_1.0.0.202111181127/tools/bin/../lib/gcc/arm-none-eabi/10.3.1/../../../../arm-none-eabi/lib/thumb/v7-m/nofp\libm.a(lib_a-s_cos.o) (__kernel_cos)
c:/st/stm32cubeide_1.9.0/stm32cubeide/plugins/com.st.stm32cube.ide.mcu.externaltools.gnu-tools-for-stm32.10.3-2021.10.win32_1.0.0.202111181127/tools/bin/../lib/gcc/arm-none-eabi/10.3.1/../../../../arm-none-eabi/lib/thumb/v7-m/nofp\libm.a(lib_a-k_rem_pio2.o)
                              c:/st/stm32cubeide_1.9.0/stm32cubeide/plugins/com.st.stm32cube.ide.mcu.externaltools.gnu-tools-for-stm32.10.3-2021.10.win32_1.0.0.202111181127/tools/bin/../lib/gcc/arm-none-eabi/10.3.1/../../../../arm-none-eabi/lib/thumb/v7-m/nofp\libm.a(lib_a-e_rem_pio2.o) (__kernel_rem_pio2)
c:/st/stm32cubeide_1.9.0/stm32cubeide/plugins/com.st.stm32cube.ide.mcu.externaltools.gnu-tools-for-stm32.10.3-2021.10.win32_1.0.0.202111181127/tools/bin/../lib/gcc/arm-none-eabi/10.3.1/../../../../arm-none-eabi/lib/thumb/v7-m/nofp\libm.a(lib_a-k_sin.o)
                              c:/st/stm32cubeide_1.9.0/stm32cubeide/plugins/com.st.stm32cube.ide.mcu.externaltools.gnu-tools-for-stm32.10.3-2021.10.win32_1.0.0.202111181127/tools/bin/../lib/gcc/arm-none-eabi/10.3.1/../../../../arm-none-eabi/lib/thumb/v7-m/nofp\libm.a(lib_a-s_cos.o) (__kernel_sin)
[...]
Memory Configuration

Name             Origin             Length             Attributes
RAM              0x0000000020000000 0x0000000000010000 xrw
FLASH            0x0000000008000000 0x0000000000080000 xr
*default*        0x0000000000000000 0xffffffffffffffff

Linker script and memory map

LOAD c:/st/stm32cubeide_1.9.0/stm32cubeide/plugins/com.st.stm32cube.ide.mcu.externaltools.gnu-tools-for-stm32.10.3-2021.10.win32_1.0.0.202111181127/tools/bin/../lib/gcc/arm-none-eabi/10.3.1/thumb/v7-m/nofp/crti.o
LOAD c:/st/stm32cubeide_1.9.0/stm32cubeide/plugins/com.st.stm32cube.ide.mcu.externaltools.gnu-tools-for-stm32.10.3-2021.10.win32_1.0.0.202111181127/tools/bin/../lib/gcc/arm-none-eabi/10.3.1/thumb/v7-m/nofp/crtbegin.o
LOAD c:/st/stm32cubeide_1.9.0/stm32cubeide/plugins/com.st.stm32cube.ide.mcu.externaltools.gnu-tools-for-stm32.10.3-2021.10.win32_1.0.0.202111181127/tools/bin/../lib/gcc/arm-none-eabi/10.3.1/../../../../arm-none-eabi/lib/thumb/v7-m/nofp/crt0.o
LOAD ./Core/Src/EasyUI.o
LOAD ./Core/Src/UI.o
LOAD ./Core/Src/adc.o
LOAD ./Core/Src/bsp_usart.o
LOAD ./Core/Src/buzzer.o
LOAD ./Core/Src/dht11.o
LOAD ./Core/Src/esp8266.o
LOAD ./Core/Src/fsmc.o
LOAD ./Core/Src/gpio.o
LOAD ./Core/Src/interface.o
LOAD ./Core/Src/lcdtp.o
LOAD ./Core/Src/main.o
LOAD ./Core/Src/pet.o
LOAD ./Core/Src/printf.o
LOAD ./Core/Src/ring_buffer.o
LOAD ./Core/Src/rtc.o
LOAD ./Core/Src/stm32f1xx_hal_msp.o
LOAD ./Core/Src/stm32f1xx_it.o
LOAD ./Core/Src/syscalls.o
LOAD ./Core/Src/sysmem.o
LOAD ./Core/Src/system_stm32f1xx.o
LOAD ./Core/Src/tim.o
LOAD ./Core/Src/timer.o
LOAD ./Core/Src/usart.o
LOAD ./Core/Src/utils.o
LOAD ./Core/Src/xpt2046.o
LOAD ./Core/Startup/startup_stm32f103vetx.o
LOAD ./Core/batch/cold1.o
LOAD ./Core/batch/cold2.o
LOAD ./Core/batch/happy1.o
LOAD ./Core/batch/hot1.o
LOAD ./Core/batch/hot2.o
LOAD ./Core/batch/normal.o
LOAD ./Core/batch/sleep1.o
LOAD ./Core/batch/sleep2.o
LOAD ./Core/batch/sleep3.o
LOAD ./Core/batch/sleep_water.o
LOAD ./Core/batch/water1.o
LOAD ./Core/batch/water1_night.o
LOAD ./Core/batch/water2.o
LOAD ./Core/batch/water2_night.o
LOAD ./Core/batch/water3.o
LOAD ./Core/batch/water3_night.o
LOAD ./Drivers/STM32F1xx_HAL_Driver/Src/stm32f1xx_hal.o
LOAD ./Drivers/STM32F1xx_HAL_Driver/Src/stm32f1xx_hal_adc.o
LOAD ./Drivers/STM32F1xx_HAL_Driver/Src/stm32f1xx_hal_adc_ex.o
LOAD ./Drivers/STM32F1xx_HAL_Driver/Src/stm32f1xx_hal_cortex.o
LOAD ./Drivers/STM32F1xx_HAL_Driver/Src/stm32f1xx_hal_dma.o
LOAD ./Drivers/STM32F1xx_HAL_Driver/Src/stm32f1xx_hal_flash.o
LOAD ./Drivers/STM32F1xx_HAL_Driver/Src/stm32f1xx_hal_flash_ex.o
LOAD ./Drivers/STM32F1xx_HAL_Driver/Src/stm32f1xx_hal_gpio.o
LOAD ./Drivers/STM32F1xx_HAL_Driver/Src/stm32f1xx_hal_gpio_ex.o
LOAD ./Drivers/STM32F1xx_HAL_Driver/Src/stm32f1xx_hal_pwr.o
LOAD ./Drivers/STM32F1xx_HAL_Driver/Src/stm32f1xx_hal_rcc.o
LOAD ./Drivers/STM32F1xx_HAL_Driver/Src/stm32f1xx_hal_rcc_ex.o
LOAD ./Drivers/STM32F1xx_HAL_Driver/Src/stm32f1xx_hal_rtc.o
LOAD ./Drivers/STM32F1xx_HAL_Driver/Src/stm32f1xx_hal_rtc_ex.o
LOAD ./Drivers/STM32F1xx_HAL_Driver/Src/stm32f1xx_hal_sram.o
LOAD ./Drivers/STM32F1xx_HAL_Driver/Src/stm32f1xx_hal_tim.o
LOAD ./Drivers/STM32F1xx_HAL_Driver/Src/stm32f1xx_hal_tim_ex.o
LOAD ./Drivers/STM32F1xx_HAL_Driver/Src/stm32f1xx_hal_uart.o
LOAD ./Drivers/STM32F1xx_HAL_Driver/Src/stm32f1xx_ll_fsmc.o
START GROUP
LOAD c:/st/stm32cubeide_1.9.0/stm32cubeide/plugins/com.st.stm32cube.ide.mcu.externaltools.gnu-tools-for-stm32.10.3-2021.10.win32_1.0.0.202111181127/tools/bin/../lib/gcc/arm-none-eabi/10.3.1/../../../../arm-none-eabi/lib/thumb/v7-m/nofp\libstdc++_nano.a
LOAD c:/st/stm32cubeide_1.9.0/stm32cubeide/plugins/com.st.stm32cube.ide.mcu.externaltools.gnu-tools-for-stm32.10.3-2021.10.win32_1.0.0.202111181127/tools/bin/../lib/gcc/arm-none-eabi/10.3.1/../../../../arm-none-eabi/lib/thumb/v7-m/nofp\libsupc++_nano.a
END GROUP
LOAD c:/st/stm32cubeide_1.9.0/stm32cubeide/plugins/com.st.stm32cube.ide.mcu.externaltools.gnu-tools-for-stm32.10.3-2021.10.win32_1.0.0.202111181127/tools/bin/../lib/gcc/arm-none-eabi/10.3.1/../../../../arm-none-eabi/lib/thumb/v7-m/nofp\libstdc++_nano.a
LOAD c:/st/stm32cubeide_1.9.0/stm32cubeide/plugins/com.st.stm32cube.ide.mcu.externaltools.gnu-tools-for-stm32.10.3-2021.10.win32_1.0.0.202111181127/tools/bin/../lib/gcc/arm-none-eabi/10.3.1/../../../../arm-none-eabi/lib/thumb/v7-m/nofp\libm.a
LOAD c:/st/stm32cubeide_1.9.0/stm32cubeide/plugins/com.st.stm32cube.ide.mcu.externaltools.gnu-tools-for-stm32.10.3-2021.10.win32_1.0.0.202111181127/tools/bin/../lib/gcc/arm-none-eabi/10.3.1/../../../../arm-none-eabi/lib/thumb/v7-m/nofp\libc_nano.a
START GROUP
LOAD c:/st/stm32cubeide_1.9.0/stm32cubeide/plugins/com.st.stm32cube.ide.mcu.externaltools.gnu-tools-for-stm32.10.3-2021.10.win32_1.0.0.202111181127/tools/bin/../lib/gcc/arm-none-eabi/10.3.1/thumb/v7-m/nofp\libgcc.a
LOAD c:/st/stm32cubeide_1.9.0/stm32cubeide/plugins/com.st.stm32cube.ide.mcu.externaltools.gnu-tools-for-stm32.10.3-2021.10.win32_1.0.0.202111181127/tools/bin/../lib/gcc/arm-none-eabi/10.3.1/../../../../arm-none-eabi/lib/thumb/v7-m/nofp\libc_nano.a
END GROUP
START GROUP
LOAD c:/st/stm32cubeide_1.9.0/stm32cubeide/plugins/com.st.stm32cube.ide.mcu.externaltools.gnu-tools-for-stm32.10.3-2021.10.win32_1.0.0.202111181127/tools/bin/../lib/gcc/arm-none-eabi/10.3.1/thumb/v7-m/nofp\libgcc.a
LOAD c:/st/stm32cubeide_1.9.0/stm32cubeide/plugins/com.st.stm32cube.ide.mcu.externaltools.gnu-tools-for-stm32.10.3-2021.10.win32_1.0.0.202111181127/tools/bin/../lib/gcc/arm-none-eabi/10.3.1/../../../../arm-none-eabi/lib/thumb/v7-m/nofp\libc_nano.a
END GROUP
LOAD c:/st/stm32cubeide_1.9.0/stm32cubeide/plugins/com.st.stm32cube.ide.mcu.externaltools.gnu-tools-for-stm32.10.3-2021.10.win32_1.0.0.202111181127/tools/bin/../lib/gcc/arm-none-eabi/10.3.1/thumb/v7-m/nofp/crtend.o
LOAD c:/st/stm32cubeide_1.9.0/stm32cubeide/plugins/com.st.stm32cube.ide.mcu.externaltools.gnu-tools-for-stm32.10.3-2021.10.win32_1.0.0.202111181127/tools/bin/../lib/gcc/arm-none-eabi/10.3.1/thumb/v7-m/nofp/crtn.o
                0x0000000020010000                _estack = (ORIGIN (RAM) + LENGTH (RAM))
                0x0000000000000200                _Min_Heap_Size = 0x200
                0x0000000000000400                _Min_Stack_Size = 0x400

.isr_vector     0x0000000008000000      0x1e4
                0x0000000008000000                . = ALIGN (0x4)
 *(.isr_vector)
 .isr_vector    0x0000000008000000      0x1e4 ./Core/Startup/startup_stm32f103vetx.o
                0x0000000008000000                g_pfnVectors
                0x00000000080001e4                . = ALIGN (0x4)

.text           0x00000000080001e8     0x8fa4
                0x00000000080001e8                . = ALIGN (0x4)
 *(.text)
 .text          0x00000000080001e8       0x40 c:/st/stm32cubeide_1.9.0/stm32cubeide/plugins/com.st.stm32cube.ide.mcu.externaltools.gnu-tools-for-stm32.10.3-2021.10.win32_1.0.0.202111181127/tools/bin/../lib/gcc/arm-none-eabi/10.3.1/thumb/v7-m/nofp/crtbegin.o
 .text          0x0000000008000228       0x10 c:/st/stm32cubeide_1.9.0/stm32cubeide/plugins/com.st.stm32cube.ide.mcu.externaltools.gnu-tools-for-stm32.10.3-2021.10.win32_1.0.0.202111181127/tools/bin/../lib/gcc/arm-none-eabi/10.3.1/../../../../arm-none-eabi/lib/thumb/v7-m/nofp\libc_nano.a(lib_a-strlen.o)
                0x0000000008000228                strlen
 .text          0x0000000008000238      0x378 c:/st/stm32cubeide_1.9.0/stm32cubeide/plugins/com.st.stm32cube.ide.mcu.externaltools.gnu-tools-for-stm32.10.3-2021.10.win32_1.0.0.202111181127/tools/bin/../lib/gcc/arm-none-eabi/10.3.1/thumb/v7-m/nofp\libgcc.a(_arm_addsubdf3.o)
                0x0000000008000238                __aeabi_drsub
                0x0000000008000240                __aeabi_dsub
                0x0000000008000240                __subdf3
                0x0000000008000244                __aeabi_dadd
                0x0000000008000244                __adddf3
                0x00000000080004bc                __floatunsidf
                0x00000000080004bc                __aeabi_ui2d
                0x00000000080004dc                __floatsidf
                0x00000000080004dc                __aeabi_i2d
                0x0000000008000500                __aeabi_f2d
                0x0000000008000500                __extendsfdf2
                0x0000000008000544                __floatundidf
                0x0000000008000544                __aeabi_ul2d
                0x0000000008000554                __floatdidf
                0x0000000008000554                __aeabi_l2d
 .text          0x00000000080005b0      0x424 c:/st/stm32cubeide_1.9.0/stm32cubeide/plugins/com.st.stm32cube.ide.mcu.externaltools.gnu-tools-for-stm32.10.3-2021.10.win32_1.0.0.202111181127/tools/bin/../lib/gcc/arm-none-eabi/10.3.1/thumb/v7-m/nofp\libgcc.a(_arm_muldivdf3.o)
                0x00000000080005b0                __aeabi_dmul
                0x00000000080005b0                __muldf3
                0x0000000008000804                __divdf3
                0x0000000008000804                __aeabi_ddiv
 .text          0x00000000080009d4      0x110 c:/st/stm32cubeide_1.9.0/stm32cubeide/plugins/com.st.stm32cube.ide.mcu.externaltools.gnu-tools-for-stm32.10.3-2021.10.win32_1.0.0.202111181127/tools/bin/../lib/gcc/arm-none-eabi/10.3.1/thumb/v7-m/nofp\libgcc.a(_arm_cmpdf2.o)
                0x00000000080009d4                __gtdf2
                0x00000000080009d4                __gedf2
                0x00000000080009dc                __ltdf2
                0x00000000080009dc                __ledf2
                0x00000000080009e4                __nedf2
                0x00000000080009e4                __eqdf2
                0x00000000080009e4                __cmpdf2
                0x0000000008000a60                __aeabi_cdrcmple
                0x0000000008000a70                __aeabi_cdcmpeq
                0x0000000008000a70                __aeabi_cdcmple
                0x0000000008000a80                __aeabi_dcmpeq
                0x0000000008000a94                __aeabi_dcmplt
                0x0000000008000aa8                __aeabi_dcmple
                0x0000000008000abc                __aeabi_dcmpge
                0x0000000008000ad0                __aeabi_dcmpgt
 .text          0x0000000008000ae4       0x50 c:/st/stm32cubeide_1.9.0/stm32cubeide/plugins/com.st.stm32cube.ide.mcu.externaltools.gnu-tools-for-stm32.10.3-2021.10.win32_1.0.0.202111181127/tools/bin/../lib/gcc/arm-none-eabi/10.3.1/thumb/v7-m/nofp\libgcc.a(_arm_fixdfsi.o)
                0x0000000008000ae4                __aeabi_d2iz
                0x0000000008000ae4                __fixdfsi
 .text          0x0000000008000b34       0x40 c:/st/stm32cubeide_1.9.0/stm32cubeide/plugins/com.st.stm32cube.ide.mcu.externaltools.gnu-tools-for-stm32.10.3-2021.10.win32_1.0.0.202111181127/tools/bin/../lib/gcc/arm-none-eabi/10.3.1/thumb/v7-m/nofp\libgcc.a(_arm_fixunsdfsi.o)
                0x0000000008000b34                __aeabi_d2uiz
                0x0000000008000b34                __fixunsdfsi
 .text          0x0000000008000b74      0x21c c:/st/stm32cubeide_1.9.0/stm32cubeide/plugins/com.st.stm32cube.ide.mcu.externaltools.gnu-tools-for-stm32.10.3-2021.10.win32_1.0.0.202111181127/tools/bin/../lib/gcc/arm-none-eabi/10.3.1/thumb/v7-m/nofp\libgcc.a(_arm_addsubsf3.o)
                0x0000000008000b74                __aeabi_frsub
                0x0000000008000b7c                __subsf3
                0x0000000008000b7c                __aeabi_fsub
                0x0000000008000b80                __aeabi_fadd
                0x0000000008000b80                __addsf3
                0x0000000008000ce0                __aeabi_ui2f
                0x0000000008000ce0                __floatunsisf
                0x0000000008000ce8                __aeabi_i2f
                0x0000000008000ce8                __floatsisf
                0x0000000008000d04                __aeabi_ul2f
                0x0000000008000d04                __floatundisf
                0x0000000008000d14                __aeabi_l2f
                0x0000000008000d14                __floatdisf
 .text          0x0000000008000d90       0x30 c:/st/stm32cubeide_1.9.0/stm32cubeide/plugins/com.st.stm32cube.ide.mcu.externaltools.gnu-tools-for-stm32.10.3-2021.10.win32_1.0.0.202111181127/tools/bin/../lib/gcc/arm-none-eabi/10.3.1/thumb/v7-m/nofp\libgcc.a(_aeabi_uldivmod.o)
                0x0000000008000d90                __aeabi_uldivmod
 .text          0x0000000008000dc0      0x2d4 c:/st/stm32cubeide_1.9.0/stm32cubeide/plugins/com.st.stm32cube.ide.mcu.externaltools.gnu-tools-for-stm32.10.3-2021.10.win32_1.0.0.202111181127/tools/bin/../lib/gcc/arm-none-eabi/10.3.1/thumb/v7-m/nofp\libgcc.a(_udivmoddi4.o)
                0x0000000008000dc0                __udivmoddi4
 .text          0x0000000008001094        0x4 c:/st/stm32cubeide_1.9.0/stm32cubeide/plugins/com.st.stm32cube.ide.mcu.externaltools.gnu-tools-for-stm32.10.3-2021.10.win32_1.0.0.202111181127/tools/bin/../lib/gcc/arm-none-eabi/10.3.1/thumb/v7-m/nofp\libgcc.a(_dvmd_tls.o)
                0x0000000008001094                __aeabi_idiv0
                0x0000000008001094                __aeabi_ldiv0
 *(.text*)
 .text._ZN6StringC2EPKc
                0x0000000008001098       0x2c ./Core/Src/EasyUI.o
                0x0000000008001098                String::String(char const*)
                0x0000000008001098                String::String(char const*)
 .text._ZN9UIElement17updateAllElementsEv
                0x00000000080010c4      0x10c ./Core/Src/EasyUI.o
                0x00000000080010c4                UIElement::updateAllElements()
 .text.MX_ADC1_Init
                0x00000000080011d0       0x7c ./Core/Src/adc.o
                0x00000000080011d0                MX_ADC1_Init
 .text.HAL_ADC_MspInit
                0x000000000800124c       0x78 ./Core/Src/adc.o
                0x000000000800124c                HAL_ADC_MspInit
 .text.DEBUG_USART_Config
                0x00000000080012c4       0x54 ./Core/Src/bsp_usart.o
                0x00000000080012c4                DEBUG_USART_Config
 .text.MX_FSMC_Init
                0x0000000008001318       0xc8 ./Core/Src/fsmc.o
                0x0000000008001318                MX_FSMC_Init
 .text.HAL_FSMC_MspInit
                0x00000000080013e0       0x88 ./Core/Src/fsmc.o
 .text.HAL_SRAM_MspInit
                0x0000000008001468       0x14 ./Core/Src/fsmc.o
                0x0000000008001468                HAL_SRAM_MspInit
 .text.MX_GPIO_Init
                0x000000000800147c      0x1f4 ./Core/Src/gpio.o
                0x000000000800147c                MX_GPIO_Init
 .text._ZN6StringC2Ei
                0x0000000008001670       0x2c ./Core/Src/interface.o
                0x0000000008001670                String::String(int)
                0x0000000008001670                String::String(int)
 .text._ZN8SERVO42C6getCRCEPhh
                0x000000000800169c       0x42 ./Core/Src/interface.o
                0x000000000800169c                SERVO42C::getCRC(unsigned char*, unsigned char)
 *fill*         0x00000000080016de        0x2 
 .text._ZN8SERVO42C11receiveUARTEh
                0x00000000080016e0       0xb0 ./Core/Src/interface.o
                0x00000000080016e0                SERVO42C::receiveUART(unsigned char)
 .text._ZN8SERVO42CC2EhP18UART_HandleTypeDef
                0x0000000008001790       0x70 ./Core/Src/interface.o
                0x0000000008001790                SERVO42C::SERVO42C(unsigned char, UART_HandleTypeDef*)
                0x0000000008001790                SERVO42C::SERVO42C(unsigned char, UART_HandleTypeDef*)
 .text._ZN8SERVO42C4stepEhhm
                0x0000000008001800       0x9c ./Core/Src/interface.o
                0x0000000008001800                SERVO42C::step(unsigned char, unsigned char, unsigned long)
 .text._ZN8SERVO42C13stepClockwiseEh
                0x000000000800189c       0x22 ./Core/Src/interface.o
                0x000000000800189c                SERVO42C::stepClockwise(unsigned char)
 .text._ZN8SERVO42C20stepCounterClockwiseEh
                0x00000000080018be       0x22 ./Core/Src/interface.o
                0x00000000080018be                SERVO42C::stepCounterClockwise(unsigned char)
 .text._ZN8SERVO42C14receiveEncoderEv
                0x00000000080018e0       0xc4 ./Core/Src/interface.o
                0x00000000080018e0                SERVO42C::receiveEncoder()
 .text._ZN8SERVO42C10getEncoderEv
                0x00000000080019a4       0x16 ./Core/Src/interface.o
                0x00000000080019a4                SERVO42C::getEncoder()
 *fill*         0x00000000080019ba        0x2 
 .text._ZN9UIElementC2Etttt
                0x00000000080019bc       0x68 ./Core/Src/interface.o
                0x00000000080019bc                UIElement::UIElement(unsigned short, unsigned short, unsigned short, unsigned short)
                0x00000000080019bc                UIElement::UIElement(unsigned short, unsigned short, unsigned short, unsigned short)
 .text._ZN9UIElement10checkTouchEtt
                0x0000000008001a24       0x58 ./Core/Src/interface.o
                0x0000000008001a24                UIElement::checkTouch(unsigned short, unsigned short)
 .text._ZN6ButtonC2EttPcPFvPS_iiEtttt
                0x0000000008001a7c       0x6c ./Core/Src/interface.o
                0x0000000008001a7c                Button::Button(unsigned short, unsigned short, char*, void (*)(Button*, int, int), unsigned short, unsigned short, unsigned short, unsigned short)
                0x0000000008001a7c                Button::Button(unsigned short, unsigned short, char*, void (*)(Button*, int, int), unsigned short, unsigned short, unsigned short, unsigned short)
 .text._ZN6Button6renderEv
                0x0000000008001ae8       0x88 ./Core/Src/interface.o
                0x0000000008001ae8                Button::render()
 .text._ZN6Button6updateEtt
                0x0000000008001b70       0x8e ./Core/Src/interface.o
                0x0000000008001b70                Button::update(unsigned short, unsigned short)
 *fill*         0x0000000008001bfe        0x2 
 .text._ZN6SliderC2Etttttt
                0x0000000008001c00       0x78 ./Core/Src/interface.o
                0x0000000008001c00                Slider::Slider(unsigned short, unsigned short, unsigned short, unsigned short, unsigned short, unsigned short)
                0x0000000008001c00                Slider::Slider(unsigned short, unsigned short, unsigned short, unsigned short, unsigned short, unsigned short)
 .text._ZN6Slider6renderEv
                0x0000000008001c78       0x6c ./Core/Src/interface.o
                0x0000000008001c78                Slider::render()
 .text._ZN6Slider5wrapYEt
                0x0000000008001ce4       0x64 ./Core/Src/interface.o
                0x0000000008001ce4                Slider::wrapY(unsigned short)
 .text._ZN6Slider6updateEtt
                0x0000000008001d48      0x11a ./Core/Src/interface.o
                0x0000000008001d48                Slider::update(unsigned short, unsigned short)
 *fill*         0x0000000008001e62        0x2 
 .text._ZN8TouchPadC2Ettttt
                0x0000000008001e64       0x84 ./Core/Src/interface.o
                0x0000000008001e64                TouchPad::TouchPad(unsigned short, unsigned short, unsigned short, unsigned short, unsigned short)
                0x0000000008001e64                TouchPad::TouchPad(unsigned short, unsigned short, unsigned short, unsigned short, unsigned short)
 .text._ZN8TouchPad6renderEv
                0x0000000008001ee8       0x46 ./Core/Src/interface.o
                0x0000000008001ee8                TouchPad::render()
 .text._ZN8TouchPad8clearDotEv
                0x0000000008001f2e       0x50 ./Core/Src/interface.o
                0x0000000008001f2e                TouchPad::clearDot()
 .text._ZN8TouchPad9renderDotEv
                0x0000000008001f7e       0x4c ./Core/Src/interface.o
                0x0000000008001f7e                TouchPad::renderDot()
 .text._ZN8TouchPad5wrapXEt
                0x0000000008001fca       0x64 ./Core/Src/interface.o
                0x0000000008001fca                TouchPad::wrapX(unsigned short)
 .text._ZN8TouchPad5wrapYEt
                0x000000000800202e       0x64 ./Core/Src/interface.o
                0x000000000800202e                TouchPad::wrapY(unsigned short)
 .text._ZN8TouchPad6updateEtt
                0x0000000008002092       0xd6 ./Core/Src/interface.o
                0x0000000008002092                TouchPad::update(unsigned short, unsigned short)
 .text._Z17onTestButtonPressP6Buttonii
                0x0000000008002168       0x54 ./Core/Src/interface.o
                0x0000000008002168                onTestButtonPress(Button*, int, int)
 .text.myfunc   0x00000000080021bc      0x108 ./Core/Src/interface.o
                0x00000000080021bc                myfunc
 .text._Z41__static_initialization_and_destruction_0ii
                0x00000000080022c4       0x50 ./Core/Src/interface.o
 .text._GLOBAL__sub_I_xServo
                0x0000000008002314       0x10 ./Core/Src/interface.o
 .text.Delay    0x0000000008002324       0x22 ./Core/Src/lcdtp.o
                0x0000000008002324                Delay
 .text.LCD_INIT
                0x0000000008002346       0x24 ./Core/Src/lcdtp.o
                0x0000000008002346                LCD_INIT
 *fill*         0x000000000800236a        0x2 
 .text.LCD_Rst  0x000000000800236c       0x30 ./Core/Src/lcdtp.o
                0x000000000800236c                LCD_Rst
 .text.LCD_BackLed_Control
                0x000000000800239c       0x38 ./Core/Src/lcdtp.o
                0x000000000800239c                LCD_BackLed_Control
 .text.LCD_Write_Cmd
                0x00000000080023d4       0x1c ./Core/Src/lcdtp.o
                0x00000000080023d4                LCD_Write_Cmd
 .text.LCD_Write_Data
                0x00000000080023f0       0x20 ./Core/Src/lcdtp.o
                0x00000000080023f0                LCD_Write_Data
 .text.LCD_REG_Config
                0x0000000008002410      0x234 ./Core/Src/lcdtp.o
                0x0000000008002410                LCD_REG_Config
 .text.LCD_OpenWindow
                0x0000000008002644       0xb2 ./Core/Src/lcdtp.o
                0x0000000008002644                LCD_OpenWindow
 .text.LCD_FillColor
                0x00000000080026f6       0x3c ./Core/Src/lcdtp.o
                0x00000000080026f6                LCD_FillColor
 *fill*         0x0000000008002732        0x2 
 .text.LCD_Clear
                0x0000000008002734       0x5c ./Core/Src/lcdtp.o
                0x0000000008002734                LCD_Clear
 .text.LCD_DrawChar
                0x0000000008002790       0xb8 ./Core/Src/lcdtp.o
                0x0000000008002790                LCD_DrawChar
 .text.LCD_DrawString
                0x0000000008002848       0x5e ./Core/Src/lcdtp.o
                0x0000000008002848                LCD_DrawString
 *fill*         0x00000000080028a6        0x2 
 .text.LCD_DrawChar_Color
                0x00000000080028a8       0x9c ./Core/Src/lcdtp.o
                0x00000000080028a8                LCD_DrawChar_Color
 .text.LCD_DrawString_Color
                0x0000000008002944       0x6a ./Core/Src/lcdtp.o
                0x0000000008002944                LCD_DrawString_Color
 *fill*         0x00000000080029ae        0x2 
 .text.main     0x00000000080029b0       0x6c ./Core/Src/main.o
                0x00000000080029b0                main
 .text.SystemClock_Config
                0x0000000008002a1c       0xc4 ./Core/Src/main.o
                0x0000000008002a1c                SystemClock_Config
 .text.Error_Handler
                0x0000000008002ae0        0xc ./Core/Src/main.o
                0x0000000008002ae0                Error_Handler
 .text._out_buffer
                0x0000000008002aec       0x2c ./Core/Src/printf.o
 .text._out_null
                0x0000000008002b18       0x1a ./Core/Src/printf.o
 .text._strnlen_s
                0x0000000008002b32       0x38 ./Core/Src/printf.o
 .text._is_digit
                0x0000000008002b6a       0x2c ./Core/Src/printf.o
 .text._atoi    0x0000000008002b96       0x48 ./Core/Src/printf.o
 .text._out_rev
                0x0000000008002bde       0xa0 ./Core/Src/printf.o
 .text._ntoa_format
                0x0000000008002c7e      0x1b8 ./Core/Src/printf.o
 .text._ntoa_long
                0x0000000008002e36       0xcc ./Core/Src/printf.o
 .text._ntoa_long_long
                0x0000000008002f02       0xda ./Core/Src/printf.o
 *fill*         0x0000000008002fdc        0x4 
 .text._ftoa    0x0000000008002fe0      0x4b0 ./Core/Src/printf.o
 .text._etoa    0x0000000008003490      0x520 ./Core/Src/printf.o
 .text._vsnprintf
                0x00000000080039b0      0x9c0 ./Core/Src/printf.o
 .text.sprintf_
                0x0000000008004370       0x38 ./Core/Src/printf.o
                0x0000000008004370                sprintf_
 .text.store_char
                0x00000000080043a8       0x44 ./Core/Src/ring_buffer.o
                0x00000000080043a8                store_char
 .text.Uart_isr
                0x00000000080043ec       0xc8 ./Core/Src/ring_buffer.o
                0x00000000080043ec                Uart_isr
 .text.HAL_MspInit
                0x00000000080044b4       0x64 ./Core/Src/stm32f1xx_hal_msp.o
                0x00000000080044b4                HAL_MspInit
 .text.NMI_Handler
                0x0000000008004518        0xc ./Core/Src/stm32f1xx_it.o
                0x0000000008004518                NMI_Handler
 .text.HardFault_Handler
                0x0000000008004524        0x6 ./Core/Src/stm32f1xx_it.o
                0x0000000008004524                HardFault_Handler
 .text.MemManage_Handler
                0x000000000800452a        0x6 ./Core/Src/stm32f1xx_it.o
                0x000000000800452a                MemManage_Handler
 .text.BusFault_Handler
                0x0000000008004530        0x6 ./Core/Src/stm32f1xx_it.o
                0x0000000008004530                BusFault_Handler
 .text.UsageFault_Handler
                0x0000000008004536        0x6 ./Core/Src/stm32f1xx_it.o
                0x0000000008004536                UsageFault_Handler
 .text.SVC_Handler
                0x000000000800453c        0xc ./Core/Src/stm32f1xx_it.o
                0x000000000800453c                SVC_Handler
 .text.DebugMon_Handler
                0x0000000008004548        0xc ./Core/Src/stm32f1xx_it.o
                0x0000000008004548                DebugMon_Handler
 .text.PendSV_Handler
                0x0000000008004554        0xc ./Core/Src/stm32f1xx_it.o
                0x0000000008004554                PendSV_Handler
 .text.SysTick_Handler
                0x0000000008004560       0x24 ./Core/Src/stm32f1xx_it.o
                0x0000000008004560                SysTick_Handler
 .text.EXTI0_IRQHandler
                0x0000000008004584       0x2c ./Core/Src/stm32f1xx_it.o
                0x0000000008004584                EXTI0_IRQHandler
 .text.EXTI4_IRQHandler
                0x00000000080045b0       0x34 ./Core/Src/stm32f1xx_it.o
                0x00000000080045b0                EXTI4_IRQHandler
 .text.TIM3_IRQHandler
                0x00000000080045e4       0x48 ./Core/Src/stm32f1xx_it.o
                0x00000000080045e4                TIM3_IRQHandler
 .text.USART1_IRQHandler
                0x000000000800462c       0x44 ./Core/Src/stm32f1xx_it.o
                0x000000000800462c                USART1_IRQHandler
 .text.USART3_IRQHandler
                0x0000000008004670       0x14 ./Core/Src/stm32f1xx_it.o
                0x0000000008004670                USART3_IRQHandler
 .text.EXTI15_10_IRQHandler
                0x0000000008004684       0x30 ./Core/Src/stm32f1xx_it.o
                0x0000000008004684                EXTI15_10_IRQHandler
 .text.TIM5_IRQHandler
                0x00000000080046b4       0x1c ./Core/Src/stm32f1xx_it.o
                0x00000000080046b4                TIM5_IRQHandler
 .text._getpid  0x00000000080046d0        0xe ./Core/Src/syscalls.o
                0x00000000080046d0                _getpid
 .text._kill    0x00000000080046de       0x20 ./Core/Src/syscalls.o
                0x00000000080046de                _kill
 .text._exit    0x00000000080046fe       0x14 ./Core/Src/syscalls.o
                0x00000000080046fe                _exit
 *fill*         0x0000000008004712        0x2 
 .text._sbrk    0x0000000008004714       0x6c ./Core/Src/sysmem.o
                0x0000000008004714                _sbrk
 .text.SystemInit
                0x0000000008004780       0x68 ./Core/Src/system_stm32f1xx.o
                0x0000000008004780                SystemInit
 .text.MX_TIM1_Init
                0x00000000080047e8      0x14c ./Core/Src/tim.o
                0x00000000080047e8                MX_TIM1_Init
 .text.MX_TIM2_Init
                0x0000000008004934       0x98 ./Core/Src/tim.o
                0x0000000008004934                MX_TIM2_Init
 .text.MX_TIM3_Init
                0x00000000080049cc       0x9c ./Core/Src/tim.o
                0x00000000080049cc                MX_TIM3_Init
 .text.MX_TIM5_Init
                0x0000000008004a68       0x9c ./Core/Src/tim.o
                0x0000000008004a68                MX_TIM5_Init
 .text.HAL_TIM_Base_MspInit
                0x0000000008004b04       0xd0 ./Core/Src/tim.o
                0x0000000008004b04                HAL_TIM_Base_MspInit
 .text.HAL_TIM_MspPostInit
                0x0000000008004bd4       0x68 ./Core/Src/tim.o
                0x0000000008004bd4                HAL_TIM_MspPostInit
 .text.TIMER_INIT
                0x0000000008004c3c       0x24 ./Core/Src/timer.o
                0x0000000008004c3c                TIMER_INIT
 .text.timer_min
                0x0000000008004c60       0x44 ./Core/Src/timer.o
                0x0000000008004c60                timer_min
 .text.MX_USART1_UART_Init
                0x0000000008004ca4       0x54 ./Core/Src/usart.o
                0x0000000008004ca4                MX_USART1_UART_Init
 .text.MX_USART2_UART_Init
                0x0000000008004cf8       0x54 ./Core/Src/usart.o
                0x0000000008004cf8                MX_USART2_UART_Init
 .text.MX_USART3_UART_Init
                0x0000000008004d4c       0x54 ./Core/Src/usart.o
                0x0000000008004d4c                MX_USART3_UART_Init
 .text.HAL_UART_MspInit
                0x0000000008004da0      0x1a0 ./Core/Src/usart.o
                0x0000000008004da0                HAL_UART_MspInit
 .text._ZN6StringC2Ev
                0x0000000008004f40       0x1a ./Core/Src/utils.o
                0x0000000008004f40                String::String()
                0x0000000008004f40                String::String()
 .text._ZplPKcRK6String
                0x0000000008004f5a       0x46 ./Core/Src/utils.o
                0x0000000008004f5a                operator+(char const*, String const&)
 .text._Z10printToLCDRK6Stringt
                0x0000000008004fa0       0x50 ./Core/Src/utils.o
                0x0000000008004fa0                printToLCD(String const&, unsigned short)
 .text._Z8debugLogRK6String
                0x0000000008004ff0       0x18 ./Core/Src/utils.o
                0x0000000008004ff0                debugLog(String const&)
 .text.XPT2046_DelayUS
                0x0000000008005008       0x38 ./Core/Src/xpt2046.o
 .text.XPT2046_WriteCMD
                0x0000000008005040       0x88 ./Core/Src/xpt2046.o
 .text.XPT2046_ReadCMD
                0x00000000080050c8       0x78 ./Core/Src/xpt2046.o
 .text.XPT2046_ReadAdc
                0x0000000008005140       0x20 ./Core/Src/xpt2046.o
 .text.XPT2046_ReadAdc_XY
                0x0000000008005160       0x38 ./Core/Src/xpt2046.o
 .text.XPT2046_ReadAdc_Smooth_XY
                0x0000000008005198      0x22c ./Core/Src/xpt2046.o
 .text.XPT2046_Get_TouchedPoint
                0x00000000080053c4      0x10e ./Core/Src/xpt2046.o
                0x00000000080053c4                XPT2046_Get_TouchedPoint
 *fill*         0x00000000080054d2        0x2 
 .text.Reset_Handler
                0x00000000080054d4       0x48 ./Core/Startup/startup_stm32f103vetx.o
                0x00000000080054d4                Reset_Handler
 .text.Default_Handler
                0x000000000800551c        0x2 ./Core/Startup/startup_stm32f103vetx.o
                0x000000000800551c                RTC_Alarm_IRQHandler
                0x000000000800551c                EXTI2_IRQHandler
                0x000000000800551c                TIM8_TRG_COM_IRQHandler
                0x000000000800551c                TIM8_CC_IRQHandler
                0x000000000800551c                TIM1_CC_IRQHandler
                0x000000000800551c                TIM6_IRQHandler
                0x000000000800551c                PVD_IRQHandler
                0x000000000800551c                SDIO_IRQHandler
                0x000000000800551c                EXTI3_IRQHandler
                0x000000000800551c                I2C2_EV_IRQHandler
                0x000000000800551c                ADC1_2_IRQHandler
                0x000000000800551c                SPI1_IRQHandler
                0x000000000800551c                TAMPER_IRQHandler
                0x000000000800551c                TIM8_UP_IRQHandler
                0x000000000800551c                DMA2_Channel2_IRQHandler
                0x000000000800551c                DMA1_Channel4_IRQHandler
                0x000000000800551c                RTC_IRQHandler
                0x000000000800551c                DMA1_Channel7_IRQHandler
                0x000000000800551c                CAN1_RX1_IRQHandler
                0x000000000800551c                UART5_IRQHandler
                0x000000000800551c                ADC3_IRQHandler
                0x000000000800551c                TIM4_IRQHandler
                0x000000000800551c                DMA2_Channel1_IRQHandler
                0x000000000800551c                I2C1_EV_IRQHandler
                0x000000000800551c                DMA1_Channel6_IRQHandler
                0x000000000800551c                UART4_IRQHandler
                0x000000000800551c                RCC_IRQHandler
                0x000000000800551c                TIM1_TRG_COM_IRQHandler
                0x000000000800551c                DMA1_Channel1_IRQHandler
                0x000000000800551c                Default_Handler
                0x000000000800551c                TIM7_IRQHandler
                0x000000000800551c                EXTI9_5_IRQHandler
                0x000000000800551c                SPI2_IRQHandler
                0x000000000800551c                DMA1_Channel5_IRQHandler
                0x000000000800551c                USB_LP_CAN1_RX0_IRQHandler
                0x000000000800551c                USB_HP_CAN1_TX_IRQHandler
                0x000000000800551c                DMA1_Channel3_IRQHandler
                0x000000000800551c                FSMC_IRQHandler
                0x000000000800551c                TIM1_UP_IRQHandler
                0x000000000800551c                WWDG_IRQHandler
                0x000000000800551c                TIM2_IRQHandler
                0x000000000800551c                TIM1_BRK_IRQHandler
                0x000000000800551c                EXTI1_IRQHandler
                0x000000000800551c                DMA2_Channel4_5_IRQHandler
                0x000000000800551c                USART2_IRQHandler
                0x000000000800551c                I2C2_ER_IRQHandler
                0x000000000800551c                DMA1_Channel2_IRQHandler
                0x000000000800551c                TIM8_BRK_IRQHandler
                0x000000000800551c                CAN1_SCE_IRQHandler
                0x000000000800551c                FLASH_IRQHandler
                0x000000000800551c                SPI3_IRQHandler
                0x000000000800551c                I2C1_ER_IRQHandler
                0x000000000800551c                USBWakeUp_IRQHandler
                0x000000000800551c                DMA2_Channel3_IRQHandler
 *fill*         0x000000000800551e        0x2 
 .text.HAL_Init
                0x0000000008005520       0x2c ./Drivers/STM32F1xx_HAL_Driver/Src/stm32f1xx_hal.o
                0x0000000008005520                HAL_Init
 .text.HAL_InitTick
                0x000000000800554c       0x60 ./Drivers/STM32F1xx_HAL_Driver/Src/stm32f1xx_hal.o
                0x000000000800554c                HAL_InitTick
 .text.HAL_IncTick
                0x00000000080055ac       0x24 ./Drivers/STM32F1xx_HAL_Driver/Src/stm32f1xx_hal.o
                0x00000000080055ac                HAL_IncTick
 .text.HAL_GetTick
                0x00000000080055d0       0x14 ./Drivers/STM32F1xx_HAL_Driver/Src/stm32f1xx_hal.o
                0x00000000080055d0                HAL_GetTick
 .text.HAL_ADC_Init
                0x00000000080055e4      0x1d4 ./Drivers/STM32F1xx_HAL_Driver/Src/stm32f1xx_hal_adc.o
                0x00000000080055e4                HAL_ADC_Init
 .text.HAL_ADC_ConfigChannel
                0x00000000080057b8      0x1f0 ./Drivers/STM32F1xx_HAL_Driver/Src/stm32f1xx_hal_adc.o
                0x00000000080057b8                HAL_ADC_ConfigChannel
 .text.ADC_ConversionStop_Disable
                0x00000000080059a8       0x74 ./Drivers/STM32F1xx_HAL_Driver/Src/stm32f1xx_hal_adc.o
                0x00000000080059a8                ADC_ConversionStop_Disable
 .text.NVIC_SetPriorityGrouping
                0x0000000008005a1c       0x48 ./Drivers/STM32F1xx_HAL_Driver/Src/stm32f1xx_hal_cortex.o
 .text.NVIC_GetPriorityGrouping
                0x0000000008005a64       0x1c ./Drivers/STM32F1xx_HAL_Driver/Src/stm32f1xx_hal_cortex.o
 .text.NVIC_EnableIRQ
                0x0000000008005a80       0x30 ./Drivers/STM32F1xx_HAL_Driver/Src/stm32f1xx_hal_cortex.o
 .text.NVIC_SetPriority
                0x0000000008005ab0       0x54 ./Drivers/STM32F1xx_HAL_Driver/Src/stm32f1xx_hal_cortex.o
 .text.NVIC_EncodePriority
                0x0000000008005b04       0x64 ./Drivers/STM32F1xx_HAL_Driver/Src/stm32f1xx_hal_cortex.o
 .text.SysTick_Config
                0x0000000008005b68       0x44 ./Drivers/STM32F1xx_HAL_Driver/Src/stm32f1xx_hal_cortex.o
 .text.HAL_NVIC_SetPriorityGrouping
                0x0000000008005bac       0x16 ./Drivers/STM32F1xx_HAL_Driver/Src/stm32f1xx_hal_cortex.o
                0x0000000008005bac                HAL_NVIC_SetPriorityGrouping
 .text.HAL_NVIC_SetPriority
                0x0000000008005bc2       0x38 ./Drivers/STM32F1xx_HAL_Driver/Src/stm32f1xx_hal_cortex.o
                0x0000000008005bc2                HAL_NVIC_SetPriority
 .text.HAL_NVIC_EnableIRQ
                0x0000000008005bfa       0x1c ./Drivers/STM32F1xx_HAL_Driver/Src/stm32f1xx_hal_cortex.o
                0x0000000008005bfa                HAL_NVIC_EnableIRQ
 .text.HAL_SYSTICK_Config
                0x0000000008005c16       0x18 ./Drivers/STM32F1xx_HAL_Driver/Src/stm32f1xx_hal_cortex.o
                0x0000000008005c16                HAL_SYSTICK_Config
 *fill*         0x0000000008005c2e        0x2 
 .text.HAL_DMA_Abort_IT
                0x0000000008005c30      0x210 ./Drivers/STM32F1xx_HAL_Driver/Src/stm32f1xx_hal_dma.o
                0x0000000008005c30                HAL_DMA_Abort_IT
 .text.HAL_GPIO_Init
                0x0000000008005e40      0x330 ./Drivers/STM32F1xx_HAL_Driver/Src/stm32f1xx_hal_gpio.o
                0x0000000008005e40                HAL_GPIO_Init
 .text.HAL_GPIO_ReadPin
                0x0000000008006170       0x2e ./Drivers/STM32F1xx_HAL_Driver/Src/stm32f1xx_hal_gpio.o
                0x0000000008006170                HAL_GPIO_ReadPin
 .text.HAL_GPIO_WritePin
                0x000000000800619e       0x30 ./Drivers/STM32F1xx_HAL_Driver/Src/stm32f1xx_hal_gpio.o
                0x000000000800619e                HAL_GPIO_WritePin
 *fill*         0x00000000080061ce        0x2 
 .text.HAL_GPIO_EXTI_IRQHandler
                0x00000000080061d0       0x30 ./Drivers/STM32F1xx_HAL_Driver/Src/stm32f1xx_hal_gpio.o
                0x00000000080061d0                HAL_GPIO_EXTI_IRQHandler
 .text.HAL_GPIO_EXTI_Callback
                0x0000000008006200       0x14 ./Drivers/STM32F1xx_HAL_Driver/Src/stm32f1xx_hal_gpio.o
                0x0000000008006200                HAL_GPIO_EXTI_Callback
 .text.HAL_RCC_OscConfig
                0x0000000008006214      0x4c8 ./Drivers/STM32F1xx_HAL_Driver/Src/stm32f1xx_hal_rcc.o
                0x0000000008006214                HAL_RCC_OscConfig
 .text.HAL_RCC_ClockConfig
                0x00000000080066dc      0x218 ./Drivers/STM32F1xx_HAL_Driver/Src/stm32f1xx_hal_rcc.o
                0x00000000080066dc                HAL_RCC_ClockConfig
 .text.HAL_RCC_GetSysClockFreq
                0x00000000080068f4       0xbc ./Drivers/STM32F1xx_HAL_Driver/Src/stm32f1xx_hal_rcc.o
                0x00000000080068f4                HAL_RCC_GetSysClockFreq
 .text.HAL_RCC_GetHCLKFreq
                0x00000000080069b0       0x14 ./Drivers/STM32F1xx_HAL_Driver/Src/stm32f1xx_hal_rcc.o
                0x00000000080069b0                HAL_RCC_GetHCLKFreq
 .text.HAL_RCC_GetPCLK1Freq
                0x00000000080069c4       0x28 ./Drivers/STM32F1xx_HAL_Driver/Src/stm32f1xx_hal_rcc.o
                0x00000000080069c4                HAL_RCC_GetPCLK1Freq
 .text.HAL_RCC_GetPCLK2Freq
                0x00000000080069ec       0x28 ./Drivers/STM32F1xx_HAL_Driver/Src/stm32f1xx_hal_rcc.o
                0x00000000080069ec                HAL_RCC_GetPCLK2Freq
 .text.RCC_Delay
                0x0000000008006a14       0x40 ./Drivers/STM32F1xx_HAL_Driver/Src/stm32f1xx_hal_rcc.o
 .text.HAL_RCCEx_PeriphCLKConfig
                0x0000000008006a54      0x16c ./Drivers/STM32F1xx_HAL_Driver/Src/stm32f1xx_hal_rcc_ex.o
                0x0000000008006a54                HAL_RCCEx_PeriphCLKConfig
 .text.HAL_SRAM_Init
                0x0000000008006bc0       0x88 ./Drivers/STM32F1xx_HAL_Driver/Src/stm32f1xx_hal_sram.o
                0x0000000008006bc0                HAL_SRAM_Init
 .text.HAL_TIM_Base_Init
                0x0000000008006c48       0x56 ./Drivers/STM32F1xx_HAL_Driver/Src/stm32f1xx_hal_tim.o
                0x0000000008006c48                HAL_TIM_Base_Init
 .text.HAL_TIM_Base_Start
                0x0000000008006c9e       0x34 ./Drivers/STM32F1xx_HAL_Driver/Src/stm32f1xx_hal_tim.o
                0x0000000008006c9e                HAL_TIM_Base_Start
 .text.HAL_TIM_Base_Stop
                0x0000000008006cd2       0x54 ./Drivers/STM32F1xx_HAL_Driver/Src/stm32f1xx_hal_tim.o
                0x0000000008006cd2                HAL_TIM_Base_Stop
 .text.HAL_TIM_Base_Start_IT
                0x0000000008006d26       0x34 ./Drivers/STM32F1xx_HAL_Driver/Src/stm32f1xx_hal_tim.o
                0x0000000008006d26                HAL_TIM_Base_Start_IT
 .text.HAL_TIM_Base_Stop_IT
                0x0000000008006d5a       0x54 ./Drivers/STM32F1xx_HAL_Driver/Src/stm32f1xx_hal_tim.o
                0x0000000008006d5a                HAL_TIM_Base_Stop_IT
 .text.HAL_TIM_PWM_Init
                0x0000000008006dae       0x56 ./Drivers/STM32F1xx_HAL_Driver/Src/stm32f1xx_hal_tim.o
                0x0000000008006dae                HAL_TIM_PWM_Init
 .text.HAL_TIM_PWM_MspInit
                0x0000000008006e04       0x12 ./Drivers/STM32F1xx_HAL_Driver/Src/stm32f1xx_hal_tim.o
                0x0000000008006e04                HAL_TIM_PWM_MspInit
 .text.HAL_TIM_IRQHandler
                0x0000000008006e16      0x210 ./Drivers/STM32F1xx_HAL_Driver/Src/stm32f1xx_hal_tim.o
                0x0000000008006e16                HAL_TIM_IRQHandler
 *fill*         0x0000000008007026        0x2 
 .text.HAL_TIM_PWM_ConfigChannel
                0x0000000008007028      0x18c ./Drivers/STM32F1xx_HAL_Driver/Src/stm32f1xx_hal_tim.o
                0x0000000008007028                HAL_TIM_PWM_ConfigChannel
 .text.HAL_TIM_ConfigClockSource
                0x00000000080071b4      0x1d6 ./Drivers/STM32F1xx_HAL_Driver/Src/stm32f1xx_hal_tim.o
                0x00000000080071b4                HAL_TIM_ConfigClockSource
 .text.HAL_TIM_PeriodElapsedCallback
                0x000000000800738a       0x12 ./Drivers/STM32F1xx_HAL_Driver/Src/stm32f1xx_hal_tim.o
                0x000000000800738a                HAL_TIM_PeriodElapsedCallback
 .text.HAL_TIM_OC_DelayElapsedCallback
                0x000000000800739c       0x12 ./Drivers/STM32F1xx_HAL_Driver/Src/stm32f1xx_hal_tim.o
                0x000000000800739c                HAL_TIM_OC_DelayElapsedCallback
 .text.HAL_TIM_IC_CaptureCallback
                0x00000000080073ae       0x12 ./Drivers/STM32F1xx_HAL_Driver/Src/stm32f1xx_hal_tim.o
                0x00000000080073ae                HAL_TIM_IC_CaptureCallback
 .text.HAL_TIM_PWM_PulseFinishedCallback
                0x00000000080073c0       0x12 ./Drivers/STM32F1xx_HAL_Driver/Src/stm32f1xx_hal_tim.o
                0x00000000080073c0                HAL_TIM_PWM_PulseFinishedCallback
 .text.HAL_TIM_TriggerCallback
                0x00000000080073d2       0x12 ./Drivers/STM32F1xx_HAL_Driver/Src/stm32f1xx_hal_tim.o
                0x00000000080073d2                HAL_TIM_TriggerCallback
 .text.TIM_Base_SetConfig
                0x00000000080073e4       0xfc ./Drivers/STM32F1xx_HAL_Driver/Src/stm32f1xx_hal_tim.o
                0x00000000080073e4                TIM_Base_SetConfig
 .text.TIM_OC1_SetConfig
                0x00000000080074e0       0xec ./Drivers/STM32F1xx_HAL_Driver/Src/stm32f1xx_hal_tim.o
 .text.TIM_OC2_SetConfig
                0x00000000080075cc       0xf4 ./Drivers/STM32F1xx_HAL_Driver/Src/stm32f1xx_hal_tim.o
                0x00000000080075cc                TIM_OC2_SetConfig
 .text.TIM_OC3_SetConfig
                0x00000000080076c0       0xf4 ./Drivers/STM32F1xx_HAL_Driver/Src/stm32f1xx_hal_tim.o
 .text.TIM_OC4_SetConfig
                0x00000000080077b4       0xb4 ./Drivers/STM32F1xx_HAL_Driver/Src/stm32f1xx_hal_tim.o
 .text.TIM_TI1_ConfigInputStage
                0x0000000008007868       0x64 ./Drivers/STM32F1xx_HAL_Driver/Src/stm32f1xx_hal_tim.o
 .text.TIM_TI2_ConfigInputStage
                0x00000000080078cc       0x66 ./Drivers/STM32F1xx_HAL_Driver/Src/stm32f1xx_hal_tim.o
 .text.TIM_ITRx_SetConfig
                0x0000000008007932       0x3e ./Drivers/STM32F1xx_HAL_Driver/Src/stm32f1xx_hal_tim.o
 .text.TIM_ETR_SetConfig
                0x0000000008007970       0x42 ./Drivers/STM32F1xx_HAL_Driver/Src/stm32f1xx_hal_tim.o
 .text.HAL_TIMEx_ConfigBreakDeadTime
                0x00000000080079b2       0xb0 ./Drivers/STM32F1xx_HAL_Driver/Src/stm32f1xx_hal_tim_ex.o
                0x00000000080079b2                HAL_TIMEx_ConfigBreakDeadTime
 .text.HAL_TIMEx_MasterConfigSynchronization
                0x0000000008007a62       0x88 ./Drivers/STM32F1xx_HAL_Driver/Src/stm32f1xx_hal_tim_ex.o
                0x0000000008007a62                HAL_TIMEx_MasterConfigSynchronization
 .text.HAL_TIMEx_CommutationCallback
                0x0000000008007aea       0x12 ./Drivers/STM32F1xx_HAL_Driver/Src/stm32f1xx_hal_tim_ex.o
                0x0000000008007aea                HAL_TIMEx_CommutationCallback
 .text.HAL_TIMEx_BreakCallback
                0x0000000008007afc       0x12 ./Drivers/STM32F1xx_HAL_Driver/Src/stm32f1xx_hal_tim_ex.o
                0x0000000008007afc                HAL_TIMEx_BreakCallback
 .text.HAL_UART_Init
                0x0000000008007b0e       0x9a ./Drivers/STM32F1xx_HAL_Driver/Src/stm32f1xx_hal_uart.o
                0x0000000008007b0e                HAL_UART_Init
 .text.HAL_UART_Transmit
                0x0000000008007ba8      0x132 ./Drivers/STM32F1xx_HAL_Driver/Src/stm32f1xx_hal_uart.o
                0x0000000008007ba8                HAL_UART_Transmit
 .text.HAL_UART_Receive
                0x0000000008007cda      0x14c ./Drivers/STM32F1xx_HAL_Driver/Src/stm32f1xx_hal_uart.o
                0x0000000008007cda                HAL_UART_Receive
 *fill*         0x0000000008007e26        0x2 
 .text.HAL_UART_IRQHandler
                0x0000000008007e28      0x1f4 ./Drivers/STM32F1xx_HAL_Driver/Src/stm32f1xx_hal_uart.o
                0x0000000008007e28                HAL_UART_IRQHandler
 .text.HAL_UART_TxCpltCallback
                0x000000000800801c       0x12 ./Drivers/STM32F1xx_HAL_Driver/Src/stm32f1xx_hal_uart.o
                0x000000000800801c                HAL_UART_TxCpltCallback
 .text.HAL_UART_RxCpltCallback
                0x000000000800802e       0x12 ./Drivers/STM32F1xx_HAL_Driver/Src/stm32f1xx_hal_uart.o
                0x000000000800802e                HAL_UART_RxCpltCallback
 .text.HAL_UART_ErrorCallback
                0x0000000008008040       0x12 ./Drivers/STM32F1xx_HAL_Driver/Src/stm32f1xx_hal_uart.o
                0x0000000008008040                HAL_UART_ErrorCallback
 .text.UART_WaitOnFlagUntilTimeout
                0x0000000008008052       0x94 ./Drivers/STM32F1xx_HAL_Driver/Src/stm32f1xx_hal_uart.o
 .text.UART_EndRxTransfer
                0x00000000080080e6       0x3a ./Drivers/STM32F1xx_HAL_Driver/Src/stm32f1xx_hal_uart.o
 .text.UART_DMAAbortOnError
                0x0000000008008120       0x28 ./Drivers/STM32F1xx_HAL_Driver/Src/stm32f1xx_hal_uart.o
 .text.UART_Transmit_IT
                0x0000000008008148       0xaa ./Drivers/STM32F1xx_HAL_Driver/Src/stm32f1xx_hal_uart.o
 .text.UART_EndTransmit_IT
                0x00000000080081f2       0x30 ./Drivers/STM32F1xx_HAL_Driver/Src/stm32f1xx_hal_uart.o
 .text.UART_Receive_IT
                0x0000000008008222      0x102 ./Drivers/STM32F1xx_HAL_Driver/Src/stm32f1xx_hal_uart.o
 .text.UART_SetConfig
                0x0000000008008324      0x230 ./Drivers/STM32F1xx_HAL_Driver/Src/stm32f1xx_hal_uart.o
 .text.FSMC_NORSRAM_Init
                0x0000000008008554      0x100 ./Drivers/STM32F1xx_HAL_Driver/Src/stm32f1xx_ll_fsmc.o
                0x0000000008008554                FSMC_NORSRAM_Init
 .text.FSMC_NORSRAM_Timing_Init
                0x0000000008008654       0x68 ./Drivers/STM32F1xx_HAL_Driver/Src/stm32f1xx_ll_fsmc.o
                0x0000000008008654                FSMC_NORSRAM_Timing_Init
 .text.FSMC_NORSRAM_Extended_Timing_Init
                0x00000000080086bc       0x70 ./Drivers/STM32F1xx_HAL_Driver/Src/stm32f1xx_ll_fsmc.o
                0x00000000080086bc                FSMC_NORSRAM_Extended_Timing_Init
 .text.__cxa_pure_virtual
                0x000000000800872c        0x6 c:/st/stm32cubeide_1.9.0/stm32cubeide/plugins/com.st.stm32cube.ide.mcu.externaltools.gnu-tools-for-stm32.10.3-2021.10.win32_1.0.0.202111181127/tools/bin/../lib/gcc/arm-none-eabi/10.3.1/../../../../arm-none-eabi/lib/thumb/v7-m/nofp\libstdc++_nano.a(pure.o)
                0x000000000800872c                __cxa_pure_virtual
 .text._ZN10__cxxabiv111__terminateEPFvvE
                0x0000000008008732        0x8 c:/st/stm32cubeide_1.9.0/stm32cubeide/plugins/com.st.stm32cube.ide.mcu.externaltools.gnu-tools-for-stm32.10.3-2021.10.win32_1.0.0.202111181127/tools/bin/../lib/gcc/arm-none-eabi/10.3.1/../../../../arm-none-eabi/lib/thumb/v7-m/nofp\libstdc++_nano.a(eh_terminate.o)
                0x0000000008008732                __cxxabiv1::__terminate(void (*)())
 *fill*         0x000000000800873a        0x2 
 .text._ZSt13get_terminatev
                0x000000000800873c       0x10 c:/st/stm32cubeide_1.9.0/stm32cubeide/plugins/com.st.stm32cube.ide.mcu.externaltools.gnu-tools-for-stm32.10.3-2021.10.win32_1.0.0.202111181127/tools/bin/../lib/gcc/arm-none-eabi/10.3.1/../../../../arm-none-eabi/lib/thumb/v7-m/nofp\libstdc++_nano.a(eh_terminate.o)
                0x000000000800873c                std::get_terminate()
 .text._ZSt9terminatev
                0x000000000800874c        0xa c:/st/stm32cubeide_1.9.0/stm32cubeide/plugins/com.st.stm32cube.ide.mcu.externaltools.gnu-tools-for-stm32.10.3-2021.10.win32_1.0.0.202111181127/tools/bin/../lib/gcc/arm-none-eabi/10.3.1/../../../../arm-none-eabi/lib/thumb/v7-m/nofp\libstdc++_nano.a(eh_terminate.o)
                0x000000000800874c                std::terminate()
 .text.abort    0x0000000008008756        0xe c:/st/stm32cubeide_1.9.0/stm32cubeide/plugins/com.st.stm32cube.ide.mcu.externaltools.gnu-tools-for-stm32.10.3-2021.10.win32_1.0.0.202111181127/tools/bin/../lib/gcc/arm-none-eabi/10.3.1/../../../../arm-none-eabi/lib/thumb/v7-m/nofp\libc_nano.a(lib_a-abort.o)
                0x0000000008008756                abort
 .text.__errno  0x0000000008008764        0xc c:/st/stm32cubeide_1.9.0/stm32cubeide/plugins/com.st.stm32cube.ide.mcu.externaltools.gnu-tools-for-stm32.10.3-2021.10.win32_1.0.0.202111181127/tools/bin/../lib/gcc/arm-none-eabi/10.3.1/../../../../arm-none-eabi/lib/thumb/v7-m/nofp\libc_nano.a(lib_a-errno.o)
                0x0000000008008764                __errno
 .text.__libc_init_array
                0x0000000008008770       0x48 c:/st/stm32cubeide_1.9.0/stm32cubeide/plugins/com.st.stm32cube.ide.mcu.externaltools.gnu-tools-for-stm32.10.3-2021.10.win32_1.0.0.202111181127/tools/bin/../lib/gcc/arm-none-eabi/10.3.1/../../../../arm-none-eabi/lib/thumb/v7-m/nofp\libc_nano.a(lib_a-init.o)
                0x0000000008008770                __libc_init_array
 .text.memset   0x00000000080087b8       0x10 c:/st/stm32cubeide_1.9.0/stm32cubeide/plugins/com.st.stm32cube.ide.mcu.externaltools.gnu-tools-for-stm32.10.3-2021.10.win32_1.0.0.202111181127/tools/bin/../lib/gcc/arm-none-eabi/10.3.1/../../../../arm-none-eabi/lib/thumb/v7-m/nofp\libc_nano.a(lib_a-memset.o)
                0x00000000080087b8                memset
 .text._raise_r
                0x00000000080087c8       0x50 c:/st/stm32cubeide_1.9.0/stm32cubeide/plugins/com.st.stm32cube.ide.mcu.externaltools.gnu-tools-for-stm32.10.3-2021.10.win32_1.0.0.202111181127/tools/bin/../lib/gcc/arm-none-eabi/10.3.1/../../../../arm-none-eabi/lib/thumb/v7-m/nofp\libc_nano.a(lib_a-signal.o)
                0x00000000080087c8                _raise_r
 .text.raise    0x0000000008008818       0x10 c:/st/stm32cubeide_1.9.0/stm32cubeide/plugins/com.st.stm32cube.ide.mcu.externaltools.gnu-tools-for-stm32.10.3-2021.10.win32_1.0.0.202111181127/tools/bin/../lib/gcc/arm-none-eabi/10.3.1/../../../../arm-none-eabi/lib/thumb/v7-m/nofp\libc_nano.a(lib_a-signal.o)
                0x0000000008008818                raise
 .text._kill_r  0x0000000008008828       0x24 c:/st/stm32cubeide_1.9.0/stm32cubeide/plugins/com.st.stm32cube.ide.mcu.externaltools.gnu-tools-for-stm32.10.3-2021.10.win32_1.0.0.202111181127/tools/bin/../lib/gcc/arm-none-eabi/10.3.1/../../../../arm-none-eabi/lib/thumb/v7-m/nofp\libc_nano.a(lib_a-signalr.o)
                0x0000000008008828                _kill_r
 .text._getpid_r
                0x000000000800884c        0x4 c:/st/stm32cubeide_1.9.0/stm32cubeide/plugins/com.st.stm32cube.ide.mcu.externaltools.gnu-tools-for-stm32.10.3-2021.10.win32_1.0.0.202111181127/tools/bin/../lib/gcc/arm-none-eabi/10.3.1/../../../../arm-none-eabi/lib/thumb/v7-m/nofp\libc_nano.a(lib_a-signalr.o)
                0x000000000800884c                _getpid_r
 .text.sprintf  0x0000000008008850       0x40 c:/st/stm32cubeide_1.9.0/stm32cubeide/plugins/com.st.stm32cube.ide.mcu.externaltools.gnu-tools-for-stm32.10.3-2021.10.win32_1.0.0.202111181127/tools/bin/../lib/gcc/arm-none-eabi/10.3.1/../../../../arm-none-eabi/lib/thumb/v7-m/nofp\libc_nano.a(lib_a-sprintf.o)
                0x0000000008008850                siprintf
                0x0000000008008850                sprintf
 .text.strcat   0x0000000008008890       0x1e c:/st/stm32cubeide_1.9.0/stm32cubeide/plugins/com.st.stm32cube.ide.mcu.externaltools.gnu-tools-for-stm32.10.3-2021.10.win32_1.0.0.202111181127/tools/bin/../lib/gcc/arm-none-eabi/10.3.1/../../../../arm-none-eabi/lib/thumb/v7-m/nofp\libc_nano.a(lib_a-strcat.o)
                0x0000000008008890                strcat
 .text.strcpy   0x00000000080088ae       0x10 c:/st/stm32cubeide_1.9.0/stm32cubeide/plugins/com.st.stm32cube.ide.mcu.externaltools.gnu-tools-for-stm32.10.3-2021.10.win32_1.0.0.202111181127/tools/bin/../lib/gcc/arm-none-eabi/10.3.1/../../../../arm-none-eabi/lib/thumb/v7-m/nofp\libc_nano.a(lib_a-strcpy.o)
                0x00000000080088ae                strcpy
 *fill*         0x00000000080088be        0x2 
 .text.sbrk_aligned
                0x00000000080088c0       0x40 c:/st/stm32cubeide_1.9.0/stm32cubeide/plugins/com.st.stm32cube.ide.mcu.externaltools.gnu-tools-for-stm32.10.3-2021.10.win32_1.0.0.202111181127/tools/bin/../lib/gcc/arm-none-eabi/10.3.1/../../../../arm-none-eabi/lib/thumb/v7-m/nofp\libc_nano.a(lib_a-nano-mallocr.o)
 .text._malloc_r
                0x0000000008008900       0xe8 c:/st/stm32cubeide_1.9.0/stm32cubeide/plugins/com.st.stm32cube.ide.mcu.externaltools.gnu-tools-for-stm32.10.3-2021.10.win32_1.0.0.202111181127/tools/bin/../lib/gcc/arm-none-eabi/10.3.1/../../../../arm-none-eabi/lib/thumb/v7-m/nofp\libc_nano.a(lib_a-nano-mallocr.o)
                0x0000000008008900                _malloc_r
 .text.__ssputs_r
                0x00000000080089e8       0xb6 c:/st/stm32cubeide_1.9.0/stm32cubeide/plugins/com.st.stm32cube.ide.mcu.externaltools.gnu-tools-for-stm32.10.3-2021.10.win32_1.0.0.202111181127/tools/bin/../lib/gcc/arm-none-eabi/10.3.1/../../../../arm-none-eabi/lib/thumb/v7-m/nofp\libc_nano.a(lib_a-nano-svfprintf.o)
                0x00000000080089e8                __ssputs_r
 *fill*         0x0000000008008a9e        0x2 
 .text._svfprintf_r
                0x0000000008008aa0      0x200 c:/st/stm32cubeide_1.9.0/stm32cubeide/plugins/com.st.stm32cube.ide.mcu.externaltools.gnu-tools-for-stm32.10.3-2021.10.win32_1.0.0.202111181127/tools/bin/../lib/gcc/arm-none-eabi/10.3.1/../../../../arm-none-eabi/lib/thumb/v7-m/nofp\libc_nano.a(lib_a-nano-svfprintf.o)
                0x0000000008008aa0                _svfiprintf_r
                0x0000000008008aa0                _svfprintf_r
 .text._printf_common
                0x0000000008008ca0       0xde c:/st/stm32cubeide_1.9.0/stm32cubeide/plugins/com.st.stm32cube.ide.mcu.externaltools.gnu-tools-for-stm32.10.3-2021.10.win32_1.0.0.202111181127/tools/bin/../lib/gcc/arm-none-eabi/10.3.1/../../../../arm-none-eabi/lib/thumb/v7-m/nofp\libc_nano.a(lib_a-nano-vfprintf_i.o)
                0x0000000008008ca0                _printf_common
 *fill*         0x0000000008008d7e        0x2 
 .text._printf_i
                0x0000000008008d80      0x24c c:/st/stm32cubeide_1.9.0/stm32cubeide/plugins/com.st.stm32cube.ide.mcu.externaltools.gnu-tools-for-stm32.10.3-2021.10.win32_1.0.0.202111181127/tools/bin/../lib/gcc/arm-none-eabi/10.3.1/../../../../arm-none-eabi/lib/thumb/v7-m/nofp\libc_nano.a(lib_a-nano-vfprintf_i.o)
                0x0000000008008d80                _printf_i
 .text._sbrk_r  0x0000000008008fcc       0x20 c:/st/stm32cubeide_1.9.0/stm32cubeide/plugins/com.st.stm32cube.ide.mcu.externaltools.gnu-tools-for-stm32.10.3-2021.10.win32_1.0.0.202111181127/tools/bin/../lib/gcc/arm-none-eabi/10.3.1/../../../../arm-none-eabi/lib/thumb/v7-m/nofp\libc_nano.a(lib_a-sbrkr.o)
                0x0000000008008fcc                _sbrk_r
 .text.memchr   0x0000000008008fec       0x1c c:/st/stm32cubeide_1.9.0/stm32cubeide/plugins/com.st.stm32cube.ide.mcu.externaltools.gnu-tools-for-stm32.10.3-2021.10.win32_1.0.0.202111181127/tools/bin/../lib/gcc/arm-none-eabi/10.3.1/../../../../arm-none-eabi/lib/thumb/v7-m/nofp\libc_nano.a(lib_a-memchr-stub.o)
                0x0000000008008fec                memchr
 .text.memcpy   0x0000000008009008       0x1c c:/st/stm32cubeide_1.9.0/stm32cubeide/plugins/com.st.stm32cube.ide.mcu.externaltools.gnu-tools-for-stm32.10.3-2021.10.win32_1.0.0.202111181127/tools/bin/../lib/gcc/arm-none-eabi/10.3.1/../../../../arm-none-eabi/lib/thumb/v7-m/nofp\libc_nano.a(lib_a-memcpy-stub.o)
                0x0000000008009008                memcpy
 .text.memmove  0x0000000008009024       0x34 c:/st/stm32cubeide_1.9.0/stm32cubeide/plugins/com.st.stm32cube.ide.mcu.externaltools.gnu-tools-for-stm32.10.3-2021.10.win32_1.0.0.202111181127/tools/bin/../lib/gcc/arm-none-eabi/10.3.1/../../../../arm-none-eabi/lib/thumb/v7-m/nofp\libc_nano.a(lib_a-memmove.o)
                0x0000000008009024                memmove
 .text.__malloc_lock
                0x0000000008009058        0xc c:/st/stm32cubeide_1.9.0/stm32cubeide/plugins/com.st.stm32cube.ide.mcu.externaltools.gnu-tools-for-stm32.10.3-2021.10.win32_1.0.0.202111181127/tools/bin/../lib/gcc/arm-none-eabi/10.3.1/../../../../arm-none-eabi/lib/thumb/v7-m/nofp\libc_nano.a(lib_a-mlock.o)
                0x0000000008009058                __malloc_lock
 .text.__malloc_unlock
                0x0000000008009064        0xc c:/st/stm32cubeide_1.9.0/stm32cubeide/plugins/com.st.stm32cube.ide.mcu.externaltools.gnu-tools-for-stm32.10.3-2021.10.win32_1.0.0.202111181127/tools/bin/../lib/gcc/arm-none-eabi/10.3.1/../../../../arm-none-eabi/lib/thumb/v7-m/nofp\libc_nano.a(lib_a-mlock.o)
                0x0000000008009064                __malloc_unlock
 .text._free_r  0x0000000008009070       0x90 c:/st/stm32cubeide_1.9.0/stm32cubeide/plugins/com.st.stm32cube.ide.mcu.externaltools.gnu-tools-for-stm32.10.3-2021.10.win32_1.0.0.202111181127/tools/bin/../lib/gcc/arm-none-eabi/10.3.1/../../../../arm-none-eabi/lib/thumb/v7-m/nofp\libc_nano.a(lib_a-nano-freer.o)
                0x0000000008009070                _free_r
 .text._realloc_r
                0x0000000008009100       0x5e c:/st/stm32cubeide_1.9.0/stm32cubeide/plugins/com.st.stm32cube.ide.mcu.externaltools.gnu-tools-for-stm32.10.3-2021.10.win32_1.0.0.202111181127/tools/bin/../lib/gcc/arm-none-eabi/10.3.1/../../../../arm-none-eabi/lib/thumb/v7-m/nofp\libc_nano.a(lib_a-nano-reallocr.o)
                0x0000000008009100                _realloc_r
 .text.__retarget_lock_acquire_recursive
                0x000000000800915e        0x2 c:/st/stm32cubeide_1.9.0/stm32cubeide/plugins/com.st.stm32cube.ide.mcu.externaltools.gnu-tools-for-stm32.10.3-2021.10.win32_1.0.0.202111181127/tools/bin/../lib/gcc/arm-none-eabi/10.3.1/../../../../arm-none-eabi/lib/thumb/v7-m/nofp\libc_nano.a(lib_a-lock.o)
                0x000000000800915e                __retarget_lock_acquire_recursive
 .text.__retarget_lock_release_recursive
                0x0000000008009160        0x2 c:/st/stm32cubeide_1.9.0/stm32cubeide/plugins/com.st.stm32cube.ide.mcu.externaltools.gnu-tools-for-stm32.10.3-2021.10.win32_1.0.0.202111181127/tools/bin/../lib/gcc/arm-none-eabi/10.3.1/../../../../arm-none-eabi/lib/thumb/v7-m/nofp\libc_nano.a(lib_a-lock.o)
                0x0000000008009160                __retarget_lock_release_recursive
 .text._malloc_usable_size_r
                0x0000000008009162       0x10 c:/st/stm32cubeide_1.9.0/stm32cubeide/plugins/com.st.stm32cube.ide.mcu.externaltools.gnu-tools-for-stm32.10.3-2021.10.win32_1.0.0.202111181127/tools/bin/../lib/gcc/arm-none-eabi/10.3.1/../../../../arm-none-eabi/lib/thumb/v7-m/nofp\libc_nano.a(lib_a-nano-msizer.o)
                0x0000000008009162                _malloc_usable_size_r
 *(.glue_7)
 .glue_7        0x0000000008009172        0x0 linker stubs
 *(.glue_7t)
 .glue_7t       0x0000000008009172        0x0 linker stubs
 *(.eh_frame)
 *fill*         0x0000000008009172        0x2 
 .eh_frame      0x0000000008009174        0x0 c:/st/stm32cubeide_1.9.0/stm32cubeide/plugins/com.st.stm32cube.ide.mcu.externaltools.gnu-tools-for-stm32.10.3-2021.10.win32_1.0.0.202111181127/tools/bin/../lib/gcc/arm-none-eabi/10.3.1/thumb/v7-m/nofp/crtbegin.o
 *(.init)
 .init          0x0000000008009174        0x4 c:/st/stm32cubeide_1.9.0/stm32cubeide/plugins/com.st.stm32cube.ide.mcu.externaltools.gnu-tools-for-stm32.10.3-2021.10.win32_1.0.0.202111181127/tools/bin/../lib/gcc/arm-none-eabi/10.3.1/thumb/v7-m/nofp/crti.o
                0x0000000008009174                _init
 .init          0x0000000008009178        0x8 c:/st/stm32cubeide_1.9.0/stm32cubeide/plugins/com.st.stm32cube.ide.mcu.externaltools.gnu-tools-for-stm32.10.3-2021.10.win32_1.0.0.202111181127/tools/bin/../lib/gcc/arm-none-eabi/10.3.1/thumb/v7-m/nofp/crtn.o
 *(.fini)
 .fini          0x0000000008009180        0x4 c:/st/stm32cubeide_1.9.0/stm32cubeide/plugins/com.st.stm32cube.ide.mcu.externaltools.gnu-tools-for-stm32.10.3-2021.10.win32_1.0.0.202111181127/tools/bin/../lib/gcc/arm-none-eabi/10.3.1/thumb/v7-m/nofp/crti.o
                0x0000000008009180                _fini
 .fini          0x0000000008009184        0x8 c:/st/stm32cubeide_1.9.0/stm32cubeide/plugins/com.st.stm32cube.ide.mcu.externaltools.gnu-tools-for-stm32.10.3-2021.10.win32_1.0.0.202111181127/tools/bin/../lib/gcc/arm-none-eabi/10.3.1/thumb/v7-m/nofp/crtn.o
                0x000000000800918c                . = ALIGN (0x4)
                0x000000000800918c                _etext = .

.vfp11_veneer   0x000000000800918c        0x0
 .vfp11_veneer  0x000000000800918c        0x0 linker stubs

.v4_bx          0x000000000800918c        0x0
 .v4_bx         0x000000000800918c        0x0 linker stubs

.iplt           0x000000000800918c        0x0
 .iplt          0x000000000800918c        0x0 c:/st/stm32cubeide_1.9.0/stm32cubeide/plugins/com.st.stm32cube.ide.mcu.externaltools.gnu-tools-for-stm32.10.3-2021.10.win32_1.0.0.202111181127/tools/bin/../lib/gcc/arm-none-eabi/10.3.1/thumb/v7-m/nofp/crtbegin.o

.rodata         0x0000000008009190      0x774
                0x0000000008009190                . = ALIGN (0x4)
 *(.rodata)
 .rodata        0x0000000008009190       0x1f ./Core/Src/EasyUI.o
 *fill*         0x00000000080091af        0x1 
 .rodata        0x00000000080091b0       0x41 ./Core/Src/interface.o
 *fill*         0x00000000080091f1        0x3 
 .rodata        0x00000000080091f4       0x18 ./Core/Src/printf.o
 .rodata        0x000000000800920c       0x19 ./Core/Src/utils.o
 *fill*         0x0000000008009225        0x3 
 .rodata        0x0000000008009228       0x10 ./Drivers/STM32F1xx_HAL_Driver/Src/stm32f1xx_hal_rcc.o
 *(.rodata*)
 .rodata._ZTV8TouchPad
                0x0000000008009238       0x10 ./Core/Src/interface.o
                0x0000000008009238                vtable for TouchPad
 .rodata._ZTV6Slider
                0x0000000008009248       0x10 ./Core/Src/interface.o
                0x0000000008009248                vtable for Slider
 .rodata._ZTV6Button
                0x0000000008009258       0x10 ./Core/Src/interface.o
                0x0000000008009258                vtable for Button
 .rodata._ZTV9UIElement
                0x0000000008009268       0x10 ./Core/Src/interface.o
                0x0000000008009268                vtable for UIElement
 .rodata.ucAscii_1608
                0x0000000008009278      0x5f0 ./Core/Src/lcdtp.o
                0x0000000008009278                ucAscii_1608
 .rodata.pow10.0
                0x0000000008009868       0x50 ./Core/Src/printf.o
 .rodata.AHBPrescTable
                0x00000000080098b8       0x10 ./Core/Src/system_stm32f1xx.o
                0x00000000080098b8                AHBPrescTable
 .rodata.APBPrescTable
                0x00000000080098c8        0x8 ./Core/Src/system_stm32f1xx.o
                0x00000000080098c8                APBPrescTable
 .rodata._svfprintf_r.str1.1
                0x00000000080098d0       0x11 c:/st/stm32cubeide_1.9.0/stm32cubeide/plugins/com.st.stm32cube.ide.mcu.externaltools.gnu-tools-for-stm32.10.3-2021.10.win32_1.0.0.202111181127/tools/bin/../lib/gcc/arm-none-eabi/10.3.1/../../../../arm-none-eabi/lib/thumb/v7-m/nofp\libc_nano.a(lib_a-nano-svfprintf.o)
 .rodata._printf_i.str1.1
                0x00000000080098e1       0x22 c:/st/stm32cubeide_1.9.0/stm32cubeide/plugins/com.st.stm32cube.ide.mcu.externaltools.gnu-tools-for-stm32.10.3-2021.10.win32_1.0.0.202111181127/tools/bin/../lib/gcc/arm-none-eabi/10.3.1/../../../../arm-none-eabi/lib/thumb/v7-m/nofp\libc_nano.a(lib_a-nano-vfprintf_i.o)
                0x0000000008009904                . = ALIGN (0x4)
 *fill*         0x0000000008009903        0x1 

.ARM.extab      0x0000000008009904        0x0
                0x0000000008009904                . = ALIGN (0x4)
 *(.ARM.extab* .gnu.linkonce.armextab.*)
                0x0000000008009904                . = ALIGN (0x4)

.ARM            0x0000000008009904        0x8
                0x0000000008009904                . = ALIGN (0x4)
                0x0000000008009904                __exidx_start = .
 *(.ARM.exidx*)
 .ARM.exidx     0x0000000008009904        0x8 c:/st/stm32cubeide_1.9.0/stm32cubeide/plugins/com.st.stm32cube.ide.mcu.externaltools.gnu-tools-for-stm32.10.3-2021.10.win32_1.0.0.202111181127/tools/bin/../lib/gcc/arm-none-eabi/10.3.1/thumb/v7-m/nofp\libgcc.a(_udivmoddi4.o)
                0x000000000800990c                __exidx_end = .
                0x000000000800990c                . = ALIGN (0x4)

.rel.dyn        0x000000000800990c        0x0
 .rel.iplt      0x000000000800990c        0x0 c:/st/stm32cubeide_1.9.0/stm32cubeide/plugins/com.st.stm32cube.ide.mcu.externaltools.gnu-tools-for-stm32.10.3-2021.10.win32_1.0.0.202111181127/tools/bin/../lib/gcc/arm-none-eabi/10.3.1/thumb/v7-m/nofp/crtbegin.o

.preinit_array  0x000000000800990c        0x0
                0x000000000800990c                . = ALIGN (0x4)
                0x000000000800990c                PROVIDE (__preinit_array_start = .)
 *(.preinit_array*)
                0x000000000800990c                PROVIDE (__preinit_array_end = .)
                0x000000000800990c                . = ALIGN (0x4)

.init_array     0x000000000800990c        0x8
                0x000000000800990c                . = ALIGN (0x4)
                0x000000000800990c                PROVIDE (__init_array_start = .)
 *(SORT_BY_NAME(.init_array.*))
 *(.init_array*)
 .init_array    0x000000000800990c        0x4 c:/st/stm32cubeide_1.9.0/stm32cubeide/plugins/com.st.stm32cube.ide.mcu.externaltools.gnu-tools-for-stm32.10.3-2021.10.win32_1.0.0.202111181127/tools/bin/../lib/gcc/arm-none-eabi/10.3.1/thumb/v7-m/nofp/crtbegin.o
 .init_array    0x0000000008009910        0x4 ./Core/Src/interface.o
                0x0000000008009914                PROVIDE (__init_array_end = .)
                0x0000000008009914                . = ALIGN (0x4)

.fini_array     0x0000000008009914        0x4
                0x0000000008009914                . = ALIGN (0x4)
                [!provide]                        PROVIDE (__fini_array_start = .)
 *(SORT_BY_NAME(.fini_array.*))
 *(.fini_array*)
 .fini_array    0x0000000008009914        0x4 c:/st/stm32cubeide_1.9.0/stm32cubeide/plugins/com.st.stm32cube.ide.mcu.externaltools.gnu-tools-for-stm32.10.3-2021.10.win32_1.0.0.202111181127/tools/bin/../lib/gcc/arm-none-eabi/10.3.1/thumb/v7-m/nofp/crtbegin.o
                [!provide]                        PROVIDE (__fini_array_end = .)
                0x0000000008009918                . = ALIGN (0x4)
                0x0000000008009918                _sidata = LOADADDR (.data)

.data           0x0000000020000000       0xa8 load address 0x0000000008009918
                0x0000000020000000                . = ALIGN (0x4)
                0x0000000020000000                _sdata = .
 *(.data)
 *(.data*)
 .data.DHT11_SCHEDULE_FLAG
                0x0000000020000000        0x1 ./Core/Src/main.o
                0x0000000020000000                DHT11_SCHEDULE_FLAG
 *fill*         0x0000000020000001        0x3 
 .data.SystemCoreClock
                0x0000000020000004        0x4 ./Core/Src/system_stm32f1xx.o
                0x0000000020000004                SystemCoreClock
 .data.strXPT2046_TouchPara
                0x0000000020000008       0x30 ./Core/Src/xpt2046.o
                0x0000000020000008                strXPT2046_TouchPara
 .data.uwTickPrio
                0x0000000020000038        0x4 ./Drivers/STM32F1xx_HAL_Driver/Src/stm32f1xx_hal.o
                0x0000000020000038                uwTickPrio
 .data.uwTickFreq
                0x000000002000003c        0x1 ./Drivers/STM32F1xx_HAL_Driver/Src/stm32f1xx_hal.o
                0x000000002000003c                uwTickFreq
 *fill*         0x000000002000003d        0x3 
 .data._ZN10__cxxabiv119__terminate_handlerE
                0x0000000020000040        0x4 c:/st/stm32cubeide_1.9.0/stm32cubeide/plugins/com.st.stm32cube.ide.mcu.externaltools.gnu-tools-for-stm32.10.3-2021.10.win32_1.0.0.202111181127/tools/bin/../lib/gcc/arm-none-eabi/10.3.1/../../../../arm-none-eabi/lib/thumb/v7-m/nofp\libstdc++_nano.a(eh_term_handler.o)
                0x0000000020000040                __cxxabiv1::__terminate_handler
 .data._impure_ptr
                0x0000000020000044        0x4 c:/st/stm32cubeide_1.9.0/stm32cubeide/plugins/com.st.stm32cube.ide.mcu.externaltools.gnu-tools-for-stm32.10.3-2021.10.win32_1.0.0.202111181127/tools/bin/../lib/gcc/arm-none-eabi/10.3.1/../../../../arm-none-eabi/lib/thumb/v7-m/nofp\libc_nano.a(lib_a-impure.o)
                0x0000000020000044                _impure_ptr
 .data.impure_data
                0x0000000020000048       0x60 c:/st/stm32cubeide_1.9.0/stm32cubeide/plugins/com.st.stm32cube.ide.mcu.externaltools.gnu-tools-for-stm32.10.3-2021.10.win32_1.0.0.202111181127/tools/bin/../lib/gcc/arm-none-eabi/10.3.1/../../../../arm-none-eabi/lib/thumb/v7-m/nofp\libc_nano.a(lib_a-impure.o)
 *(.RamFunc)
 *(.RamFunc*)
                0x00000000200000a8                . = ALIGN (0x4)
                0x00000000200000a8                _edata = .

.igot.plt       0x00000000200000a8        0x0 load address 0x00000000080099c0
 .igot.plt      0x00000000200000a8        0x0 c:/st/stm32cubeide_1.9.0/stm32cubeide/plugins/com.st.stm32cube.ide.mcu.externaltools.gnu-tools-for-stm32.10.3-2021.10.win32_1.0.0.202111181127/tools/bin/../lib/gcc/arm-none-eabi/10.3.1/thumb/v7-m/nofp/crtbegin.o
                0x00000000200000a8                . = ALIGN (0x4)

.bss            0x00000000200000a8      0x80c load address 0x00000000080099c0
                0x00000000200000a8                _sbss = .
                0x00000000200000a8                __bss_start__ = _sbss
 *(.bss)
 .bss           0x00000000200000a8       0x1c c:/st/stm32cubeide_1.9.0/stm32cubeide/plugins/com.st.stm32cube.ide.mcu.externaltools.gnu-tools-for-stm32.10.3-2021.10.win32_1.0.0.202111181127/tools/bin/../lib/gcc/arm-none-eabi/10.3.1/thumb/v7-m/nofp/crtbegin.o
 *(.bss*)
 .bss._ZN9UIElement11allElementsE
                0x00000000200000c4       0x80 ./Core/Src/EasyUI.o
                0x00000000200000c4                UIElement::allElements
 .bss._ZN9UIElement10elementNumE
                0x0000000020000144        0x1 ./Core/Src/EasyUI.o
                0x0000000020000144                UIElement::elementNum
 .bss._ZZN9UIElement17updateAllElementsEvE9firstCall
                0x0000000020000145        0x1 ./Core/Src/EasyUI.o
 *fill*         0x0000000020000146        0x2 
 .bss.hadc1     0x0000000020000148       0x30 ./Core/Src/adc.o
                0x0000000020000148                hadc1
 .bss.DebugUartHandle
                0x0000000020000178       0x40 ./Core/Src/bsp_usart.o
                0x0000000020000178                DebugUartHandle
 .bss.WifiUartHandle
                0x00000000200001b8       0x40 ./Core/Src/bsp_usart.o
                0x00000000200001b8                WifiUartHandle
 .bss.hsram1    0x00000000200001f8       0x44 ./Core/Src/fsmc.o
                0x00000000200001f8                hsram1
 .bss.FSMC_Initialized
                0x000000002000023c        0x4 ./Core/Src/fsmc.o
 .bss._ZZN8SERVO42C11receiveUARTEhE4data
                0x0000000020000240       0x10 ./Core/Src/interface.o
                0x0000000020000240                SERVO42C::receiveUART(unsigned char)::data
 .bss.xServo    0x0000000020000250       0x24 ./Core/Src/interface.o
                0x0000000020000250                xServo
 .bss.yServo    0x0000000020000274       0x24 ./Core/Src/interface.o
                0x0000000020000274                yServo
 .bss.zServo    0x0000000020000298       0x24 ./Core/Src/interface.o
                0x0000000020000298                zServo
 .bss.darkmode_toggle
                0x00000000200002bc        0x1 ./Core/Src/lcdtp.o
                0x00000000200002bc                darkmode_toggle
 *fill*         0x00000000200002bd        0x3 
 .bss.Coordinate
                0x00000000200002c0        0x4 ./Core/Src/main.o
                0x00000000200002c0                Coordinate
 .bss.timeout_rb
                0x00000000200002c4        0x2 ./Core/Src/ring_buffer.o
                0x00000000200002c4                timeout_rb
 *fill*         0x00000000200002c6        0x2 
 .bss.tx_buffer
                0x00000000200002c8      0x408 ./Core/Src/ring_buffer.o
                0x00000000200002c8                tx_buffer
 .bss._rx_buffer
                0x00000000200006d0        0x4 ./Core/Src/ring_buffer.o
                0x00000000200006d0                _rx_buffer
 .bss.__sbrk_heap_end
                0x00000000200006d4        0x4 ./Core/Src/sysmem.o
 .bss.htim1     0x00000000200006d8       0x40 ./Core/Src/tim.o
                0x00000000200006d8                htim1
 .bss.htim2     0x0000000020000718       0x40 ./Core/Src/tim.o
                0x0000000020000718                htim2
 .bss.htim3     0x0000000020000758       0x40 ./Core/Src/tim.o
                0x0000000020000758                htim3
 .bss.htim5     0x0000000020000798       0x40 ./Core/Src/tim.o
                0x0000000020000798                htim5
 .bss.timer_left
                0x00000000200007d8        0x1 ./Core/Src/timer.o
                0x00000000200007d8                timer_left
 .bss.start_counting
                0x00000000200007d9        0x1 ./Core/Src/timer.o
                0x00000000200007d9                start_counting
 *fill*         0x00000000200007da        0x2 
 .bss.huart1    0x00000000200007dc       0x40 ./Core/Src/usart.o
                0x00000000200007dc                huart1
 .bss.huart2    0x000000002000081c       0x40 ./Core/Src/usart.o
                0x000000002000081c                huart2
 .bss.huart3    0x000000002000085c       0x40 ./Core/Src/usart.o
                0x000000002000085c                huart3
 .bss.ucXPT2046_TouchFlag
                0x000000002000089c        0x1 ./Core/Src/xpt2046.o
                0x000000002000089c                ucXPT2046_TouchFlag
 *fill*         0x000000002000089d        0x3 
 .bss.uwTick    0x00000000200008a0        0x4 ./Drivers/STM32F1xx_HAL_Driver/Src/stm32f1xx_hal.o
                0x00000000200008a0                uwTick
 .bss.__malloc_free_list
                0x00000000200008a4        0x4 c:/st/stm32cubeide_1.9.0/stm32cubeide/plugins/com.st.stm32cube.ide.mcu.externaltools.gnu-tools-for-stm32.10.3-2021.10.win32_1.0.0.202111181127/tools/bin/../lib/gcc/arm-none-eabi/10.3.1/../../../../arm-none-eabi/lib/thumb/v7-m/nofp\libc_nano.a(lib_a-nano-mallocr.o)
                0x00000000200008a4                __malloc_free_list
 .bss.__malloc_sbrk_start
                0x00000000200008a8        0x4 c:/st/stm32cubeide_1.9.0/stm32cubeide/plugins/com.st.stm32cube.ide.mcu.externaltools.gnu-tools-for-stm32.10.3-2021.10.win32_1.0.0.202111181127/tools/bin/../lib/gcc/arm-none-eabi/10.3.1/../../../../arm-none-eabi/lib/thumb/v7-m/nofp\libc_nano.a(lib_a-nano-mallocr.o)
                0x00000000200008a8                __malloc_sbrk_start
 .bss.errno     0x00000000200008ac        0x4 c:/st/stm32cubeide_1.9.0/stm32cubeide/plugins/com.st.stm32cube.ide.mcu.externaltools.gnu-tools-for-stm32.10.3-2021.10.win32_1.0.0.202111181127/tools/bin/../lib/gcc/arm-none-eabi/10.3.1/../../../../arm-none-eabi/lib/thumb/v7-m/nofp\libc_nano.a(lib_a-reent.o)
                0x00000000200008ac                errno
 .bss.__lock___malloc_recursive_mutex
                0x00000000200008b0        0x1 c:/st/stm32cubeide_1.9.0/stm32cubeide/plugins/com.st.stm32cube.ide.mcu.externaltools.gnu-tools-for-stm32.10.3-2021.10.win32_1.0.0.202111181127/tools/bin/../lib/gcc/arm-none-eabi/10.3.1/../../../../arm-none-eabi/lib/thumb/v7-m/nofp\libc_nano.a(lib_a-lock.o)
                0x00000000200008b0                __lock___malloc_recursive_mutex
 *(COMMON)
                0x00000000200008b4                . = ALIGN (0x4)
 *fill*         0x00000000200008b1        0x3 
                0x00000000200008b4                _ebss = .
                0x00000000200008b4                __bss_end__ = _ebss

._user_heap_stack
                0x00000000200008b4      0x604 load address 0x00000000080099c0
                0x00000000200008b8                . = ALIGN (0x8)
 *fill*         0x00000000200008b4        0x4 
                [!provide]                        PROVIDE (end = .)
                0x00000000200008b8                PROVIDE (_end = .)
                0x0000000020000ab8                . = (. + _Min_Heap_Size)
 *fill*         0x00000000200008b8      0x200 
                0x0000000020000eb8                . = (. + _Min_Stack_Size)
 *fill*         0x0000000020000ab8      0x400 
                0x0000000020000eb8                . = ALIGN (0x8)

/DISCARD/
 libc.a(*)
 libm.a(*)
 libgcc.a(*)

.ARM.attributes
                0x0000000000000000       0x29
 *(.ARM.attributes)
 .ARM.attributes
                0x0000000000000000       0x1d c:/st/stm32cubeide_1.9.0/stm32cubeide/plugins/com.st.stm32cube.ide.mcu.externaltools.gnu-tools-for-stm32.10.3-2021.10.win32_1.0.0.202111181127/tools/bin/../lib/gcc/arm-none-eabi/10.3.1/thumb/v7-m/nofp/crti.o
 .ARM.attributes
                0x000000000000001d       0x2d c:/st/stm32cubeide_1.9.0/stm32cubeide/plugins/com.st.stm32cube.ide.mcu.externaltools.gnu-tools-for-stm32.10.3-2021.10.win32_1.0.0.202111181127/tools/bin/../lib/gcc/arm-none-eabi/10.3.1/thumb/v7-m/nofp/crtbegin.o
 .ARM.attributes
                0x000000000000004a       0x2d ./Core/Src/EasyUI.o
 .ARM.attributes
                0x0000000000000077       0x2d ./Core/Src/adc.o
 .ARM.attributes
                0x00000000000000a4       0x2d ./Core/Src/bsp_usart.o
 .ARM.attributes
                0x00000000000000d1       0x2d ./Core/Src/fsmc.o
 .ARM.attributes
                0x00000000000000fe       0x2d ./Core/Src/gpio.o
 .ARM.attributes
                0x000000000000012b       0x2d ./Core/Src/interface.o
 .ARM.attributes
                0x0000000000000158       0x2d ./Core/Src/lcdtp.o
 .ARM.attributes
                0x0000000000000185       0x2d ./Core/Src/main.o
 .ARM.attributes
                0x00000000000001b2       0x2d ./Core/Src/printf.o
 .ARM.attributes
                0x00000000000001df       0x2d ./Core/Src/ring_buffer.o
 .ARM.attributes
                0x000000000000020c       0x2d ./Core/Src/stm32f1xx_hal_msp.o
 .ARM.attributes
                0x0000000000000239       0x2d ./Core/Src/stm32f1xx_it.o
 .ARM.attributes
                0x0000000000000266       0x2d ./Core/Src/syscalls.o
 .ARM.attributes
                0x0000000000000293       0x2d ./Core/Src/sysmem.o
 .ARM.attributes
                0x00000000000002c0       0x2d ./Core/Src/system_stm32f1xx.o
 .ARM.attributes
                0x00000000000002ed       0x2d ./Core/Src/tim.o
 .ARM.attributes
                0x000000000000031a       0x2d ./Core/Src/timer.o
 .ARM.attributes
                0x0000000000000347       0x2d ./Core/Src/usart.o
 .ARM.attributes
                0x0000000000000374       0x2d ./Core/Src/utils.o
 .ARM.attributes
                0x00000000000003a1       0x2d ./Core/Src/xpt2046.o
 .ARM.attributes
                0x00000000000003ce       0x21 ./Core/Startup/startup_stm32f103vetx.o
 .ARM.attributes
                0x00000000000003ef       0x2d ./Drivers/STM32F1xx_HAL_Driver/Src/stm32f1xx_hal.o
 .ARM.attributes
                0x000000000000041c       0x2d ./Drivers/STM32F1xx_HAL_Driver/Src/stm32f1xx_hal_adc.o
 .ARM.attributes
                0x0000000000000449       0x2d ./Drivers/STM32F1xx_HAL_Driver/Src/stm32f1xx_hal_cortex.o
 .ARM.attributes
                0x0000000000000476       0x2d ./Drivers/STM32F1xx_HAL_Driver/Src/stm32f1xx_hal_dma.o
 .ARM.attributes
                0x00000000000004a3       0x2d ./Drivers/STM32F1xx_HAL_Driver/Src/stm32f1xx_hal_gpio.o
 .ARM.attributes
                0x00000000000004d0       0x2d ./Drivers/STM32F1xx_HAL_Driver/Src/stm32f1xx_hal_rcc.o
 .ARM.attributes
                0x00000000000004fd       0x2d ./Drivers/STM32F1xx_HAL_Driver/Src/stm32f1xx_hal_rcc_ex.o
 .ARM.attributes
                0x000000000000052a       0x2d ./Drivers/STM32F1xx_HAL_Driver/Src/stm32f1xx_hal_sram.o
 .ARM.attributes
                0x0000000000000557       0x2d ./Drivers/STM32F1xx_HAL_Driver/Src/stm32f1xx_hal_tim.o
 .ARM.attributes
                0x0000000000000584       0x2d ./Drivers/STM32F1xx_HAL_Driver/Src/stm32f1xx_hal_tim_ex.o
 .ARM.attributes
                0x00000000000005b1       0x2d ./Drivers/STM32F1xx_HAL_Driver/Src/stm32f1xx_hal_uart.o
 .ARM.attributes
                0x00000000000005de       0x2d ./Drivers/STM32F1xx_HAL_Driver/Src/stm32f1xx_ll_fsmc.o
 .ARM.attributes
                0x000000000000060b       0x2d c:/st/stm32cubeide_1.9.0/stm32cubeide/plugins/com.st.stm32cube.ide.mcu.externaltools.gnu-tools-for-stm32.10.3-2021.10.win32_1.0.0.202111181127/tools/bin/../lib/gcc/arm-none-eabi/10.3.1/../../../../arm-none-eabi/lib/thumb/v7-m/nofp\libstdc++_nano.a(pure.o)
 .ARM.attributes
                0x0000000000000638       0x2d c:/st/stm32cubeide_1.9.0/stm32cubeide/plugins/com.st.stm32cube.ide.mcu.externaltools.gnu-tools-for-stm32.10.3-2021.10.win32_1.0.0.202111181127/tools/bin/../lib/gcc/arm-none-eabi/10.3.1/../../../../arm-none-eabi/lib/thumb/v7-m/nofp\libstdc++_nano.a(eh_terminate.o)
 .ARM.attributes
                0x0000000000000665       0x2d c:/st/stm32cubeide_1.9.0/stm32cubeide/plugins/com.st.stm32cube.ide.mcu.externaltools.gnu-tools-for-stm32.10.3-2021.10.win32_1.0.0.202111181127/tools/bin/../lib/gcc/arm-none-eabi/10.3.1/../../../../arm-none-eabi/lib/thumb/v7-m/nofp\libstdc++_nano.a(eh_term_handler.o)
 .ARM.attributes
                0x0000000000000692       0x2d c:/st/stm32cubeide_1.9.0/stm32cubeide/plugins/com.st.stm32cube.ide.mcu.externaltools.gnu-tools-for-stm32.10.3-2021.10.win32_1.0.0.202111181127/tools/bin/../lib/gcc/arm-none-eabi/10.3.1/../../../../arm-none-eabi/lib/thumb/v7-m/nofp\libc_nano.a(lib_a-abort.o)
 .ARM.attributes
                0x00000000000006bf       0x2d c:/st/stm32cubeide_1.9.0/stm32cubeide/plugins/com.st.stm32cube.ide.mcu.externaltools.gnu-tools-for-stm32.10.3-2021.10.win32_1.0.0.202111181127/tools/bin/../lib/gcc/arm-none-eabi/10.3.1/../../../../arm-none-eabi/lib/thumb/v7-m/nofp\libc_nano.a(lib_a-errno.o)
 .ARM.attributes
                0x00000000000006ec       0x2d c:/st/stm32cubeide_1.9.0/stm32cubeide/plugins/com.st.stm32cube.ide.mcu.externaltools.gnu-tools-for-stm32.10.3-2021.10.win32_1.0.0.202111181127/tools/bin/../lib/gcc/arm-none-eabi/10.3.1/../../../../arm-none-eabi/lib/thumb/v7-m/nofp\libc_nano.a(lib_a-impure.o)
 .ARM.attributes
                0x0000000000000719       0x2d c:/st/stm32cubeide_1.9.0/stm32cubeide/plugins/com.st.stm32cube.ide.mcu.externaltools.gnu-tools-for-stm32.10.3-2021.10.win32_1.0.0.202111181127/tools/bin/../lib/gcc/arm-none-eabi/10.3.1/../../../../arm-none-eabi/lib/thumb/v7-m/nofp\libc_nano.a(lib_a-init.o)
 .ARM.attributes
                0x0000000000000746       0x2d c:/st/stm32cubeide_1.9.0/stm32cubeide/plugins/com.st.stm32cube.ide.mcu.externaltools.gnu-tools-for-stm32.10.3-2021.10.win32_1.0.0.202111181127/tools/bin/../lib/gcc/arm-none-eabi/10.3.1/../../../../arm-none-eabi/lib/thumb/v7-m/nofp\libc_nano.a(lib_a-memset.o)
 .ARM.attributes
                0x0000000000000773       0x2d c:/st/stm32cubeide_1.9.0/stm32cubeide/plugins/com.st.stm32cube.ide.mcu.externaltools.gnu-tools-for-stm32.10.3-2021.10.win32_1.0.0.202111181127/tools/bin/../lib/gcc/arm-none-eabi/10.3.1/../../../../arm-none-eabi/lib/thumb/v7-m/nofp\libc_nano.a(lib_a-signal.o)
 .ARM.attributes
                0x00000000000007a0       0x2d c:/st/stm32cubeide_1.9.0/stm32cubeide/plugins/com.st.stm32cube.ide.mcu.externaltools.gnu-tools-for-stm32.10.3-2021.10.win32_1.0.0.202111181127/tools/bin/../lib/gcc/arm-none-eabi/10.3.1/../../../../arm-none-eabi/lib/thumb/v7-m/nofp\libc_nano.a(lib_a-signalr.o)
 .ARM.attributes
                0x00000000000007cd       0x2d c:/st/stm32cubeide_1.9.0/stm32cubeide/plugins/com.st.stm32cube.ide.mcu.externaltools.gnu-tools-for-stm32.10.3-2021.10.win32_1.0.0.202111181127/tools/bin/../lib/gcc/arm-none-eabi/10.3.1/../../../../arm-none-eabi/lib/thumb/v7-m/nofp\libc_nano.a(lib_a-sprintf.o)
 .ARM.attributes
                0x00000000000007fa       0x2d c:/st/stm32cubeide_1.9.0/stm32cubeide/plugins/com.st.stm32cube.ide.mcu.externaltools.gnu-tools-for-stm32.10.3-2021.10.win32_1.0.0.202111181127/tools/bin/../lib/gcc/arm-none-eabi/10.3.1/../../../../arm-none-eabi/lib/thumb/v7-m/nofp\libc_nano.a(lib_a-strcat.o)
 .ARM.attributes
                0x0000000000000827       0x2d c:/st/stm32cubeide_1.9.0/stm32cubeide/plugins/com.st.stm32cube.ide.mcu.externaltools.gnu-tools-for-stm32.10.3-2021.10.win32_1.0.0.202111181127/tools/bin/../lib/gcc/arm-none-eabi/10.3.1/../../../../arm-none-eabi/lib/thumb/v7-m/nofp\libc_nano.a(lib_a-strcpy.o)
 .ARM.attributes
                0x0000000000000854       0x17 c:/st/stm32cubeide_1.9.0/stm32cubeide/plugins/com.st.stm32cube.ide.mcu.externaltools.gnu-tools-for-stm32.10.3-2021.10.win32_1.0.0.202111181127/tools/bin/../lib/gcc/arm-none-eabi/10.3.1/../../../../arm-none-eabi/lib/thumb/v7-m/nofp\libc_nano.a(lib_a-strlen.o)
 .ARM.attributes
                0x000000000000086b       0x2d c:/st/stm32cubeide_1.9.0/stm32cubeide/plugins/com.st.stm32cube.ide.mcu.externaltools.gnu-tools-for-stm32.10.3-2021.10.win32_1.0.0.202111181127/tools/bin/../lib/gcc/arm-none-eabi/10.3.1/../../../../arm-none-eabi/lib/thumb/v7-m/nofp\libc_nano.a(lib_a-nano-mallocr.o)
 .ARM.attributes
                0x0000000000000898       0x2d c:/st/stm32cubeide_1.9.0/stm32cubeide/plugins/com.st.stm32cube.ide.mcu.externaltools.gnu-tools-for-stm32.10.3-2021.10.win32_1.0.0.202111181127/tools/bin/../lib/gcc/arm-none-eabi/10.3.1/../../../../arm-none-eabi/lib/thumb/v7-m/nofp\libc_nano.a(lib_a-nano-svfprintf.o)
 .ARM.attributes
                0x00000000000008c5       0x2d c:/st/stm32cubeide_1.9.0/stm32cubeide/plugins/com.st.stm32cube.ide.mcu.externaltools.gnu-tools-for-stm32.10.3-2021.10.win32_1.0.0.202111181127/tools/bin/../lib/gcc/arm-none-eabi/10.3.1/../../../../arm-none-eabi/lib/thumb/v7-m/nofp\libc_nano.a(lib_a-nano-vfprintf_i.o)
 .ARM.attributes
                0x00000000000008f2       0x2d c:/st/stm32cubeide_1.9.0/stm32cubeide/plugins/com.st.stm32cube.ide.mcu.externaltools.gnu-tools-for-stm32.10.3-2021.10.win32_1.0.0.202111181127/tools/bin/../lib/gcc/arm-none-eabi/10.3.1/../../../../arm-none-eabi/lib/thumb/v7-m/nofp\libc_nano.a(lib_a-reent.o)
 .ARM.attributes
                0x000000000000091f       0x2d c:/st/stm32cubeide_1.9.0/stm32cubeide/plugins/com.st.stm32cube.ide.mcu.externaltools.gnu-tools-for-stm32.10.3-2021.10.win32_1.0.0.202111181127/tools/bin/../lib/gcc/arm-none-eabi/10.3.1/../../../../arm-none-eabi/lib/thumb/v7-m/nofp\libc_nano.a(lib_a-sbrkr.o)
 .ARM.attributes
                0x000000000000094c       0x2d c:/st/stm32cubeide_1.9.0/stm32cubeide/plugins/com.st.stm32cube.ide.mcu.externaltools.gnu-tools-for-stm32.10.3-2021.10.win32_1.0.0.202111181127/tools/bin/../lib/gcc/arm-none-eabi/10.3.1/../../../../arm-none-eabi/lib/thumb/v7-m/nofp\libc_nano.a(lib_a-memchr-stub.o)
 .ARM.attributes
                0x0000000000000979       0x2d c:/st/stm32cubeide_1.9.0/stm32cubeide/plugins/com.st.stm32cube.ide.mcu.externaltools.gnu-tools-for-stm32.10.3-2021.10.win32_1.0.0.202111181127/tools/bin/../lib/gcc/arm-none-eabi/10.3.1/../../../../arm-none-eabi/lib/thumb/v7-m/nofp\libc_nano.a(lib_a-memcpy-stub.o)
 .ARM.attributes
                0x00000000000009a6       0x2d c:/st/stm32cubeide_1.9.0/stm32cubeide/plugins/com.st.stm32cube.ide.mcu.externaltools.gnu-tools-for-stm32.10.3-2021.10.win32_1.0.0.202111181127/tools/bin/../lib/gcc/arm-none-eabi/10.3.1/../../../../arm-none-eabi/lib/thumb/v7-m/nofp\libc_nano.a(lib_a-memmove.o)
 .ARM.attributes
                0x00000000000009d3       0x2d c:/st/stm32cubeide_1.9.0/stm32cubeide/plugins/com.st.stm32cube.ide.mcu.externaltools.gnu-tools-for-stm32.10.3-2021.10.win32_1.0.0.202111181127/tools/bin/../lib/gcc/arm-none-eabi/10.3.1/../../../../arm-none-eabi/lib/thumb/v7-m/nofp\libc_nano.a(lib_a-mlock.o)
 .ARM.attributes
                0x0000000000000a00       0x2d c:/st/stm32cubeide_1.9.0/stm32cubeide/plugins/com.st.stm32cube.ide.mcu.externaltools.gnu-tools-for-stm32.10.3-2021.10.win32_1.0.0.202111181127/tools/bin/../lib/gcc/arm-none-eabi/10.3.1/../../../../arm-none-eabi/lib/thumb/v7-m/nofp\libc_nano.a(lib_a-nano-freer.o)
 .ARM.attributes
                0x0000000000000a2d       0x2d c:/st/stm32cubeide_1.9.0/stm32cubeide/plugins/com.st.stm32cube.ide.mcu.externaltools.gnu-tools-for-stm32.10.3-2021.10.win32_1.0.0.202111181127/tools/bin/../lib/gcc/arm-none-eabi/10.3.1/../../../../arm-none-eabi/lib/thumb/v7-m/nofp\libc_nano.a(lib_a-nano-reallocr.o)
 .ARM.attributes
                0x0000000000000a5a       0x2d c:/st/stm32cubeide_1.9.0/stm32cubeide/plugins/com.st.stm32cube.ide.mcu.externaltools.gnu-tools-for-stm32.10.3-2021.10.win32_1.0.0.202111181127/tools/bin/../lib/gcc/arm-none-eabi/10.3.1/../../../../arm-none-eabi/lib/thumb/v7-m/nofp\libc_nano.a(lib_a-lock.o)
 .ARM.attributes
                0x0000000000000a87       0x2d c:/st/stm32cubeide_1.9.0/stm32cubeide/plugins/com.st.stm32cube.ide.mcu.externaltools.gnu-tools-for-stm32.10.3-2021.10.win32_1.0.0.202111181127/tools/bin/../lib/gcc/arm-none-eabi/10.3.1/../../../../arm-none-eabi/lib/thumb/v7-m/nofp\libc_nano.a(lib_a-nano-msizer.o)
 .ARM.attributes
                0x0000000000000ab4       0x1d c:/st/stm32cubeide_1.9.0/stm32cubeide/plugins/com.st.stm32cube.ide.mcu.externaltools.gnu-tools-for-stm32.10.3-2021.10.win32_1.0.0.202111181127/tools/bin/../lib/gcc/arm-none-eabi/10.3.1/thumb/v7-m/nofp\libgcc.a(_arm_addsubdf3.o)
 .ARM.attributes
                0x0000000000000ad1       0x1d c:/st/stm32cubeide_1.9.0/stm32cubeide/plugins/com.st.stm32cube.ide.mcu.externaltools.gnu-tools-for-stm32.10.3-2021.10.win32_1.0.0.202111181127/tools/bin/../lib/gcc/arm-none-eabi/10.3.1/thumb/v7-m/nofp\libgcc.a(_arm_muldivdf3.o)
 .ARM.attributes
                0x0000000000000aee       0x1d c:/st/stm32cubeide_1.9.0/stm32cubeide/plugins/com.st.stm32cube.ide.mcu.externaltools.gnu-tools-for-stm32.10.3-2021.10.win32_1.0.0.202111181127/tools/bin/../lib/gcc/arm-none-eabi/10.3.1/thumb/v7-m/nofp\libgcc.a(_arm_cmpdf2.o)
 .ARM.attributes
                0x0000000000000b0b       0x1d c:/st/stm32cubeide_1.9.0/stm32cubeide/plugins/com.st.stm32cube.ide.mcu.externaltools.gnu-tools-for-stm32.10.3-2021.10.win32_1.0.0.202111181127/tools/bin/../lib/gcc/arm-none-eabi/10.3.1/thumb/v7-m/nofp\libgcc.a(_arm_fixdfsi.o)
 .ARM.attributes
                0x0000000000000b28       0x1d c:/st/stm32cubeide_1.9.0/stm32cubeide/plugins/com.st.stm32cube.ide.mcu.externaltools.gnu-tools-for-stm32.10.3-2021.10.win32_1.0.0.202111181127/tools/bin/../lib/gcc/arm-none-eabi/10.3.1/thumb/v7-m/nofp\libgcc.a(_arm_fixunsdfsi.o)
 .ARM.attributes