Archive member included to satisfy reference by file (symbol)

/Applications/STM32CubeIDE 2.app/Contents/Eclipse/plugins/com.st.stm32cube.ide.mcu.externaltools.gnu-tools-for-stm32.10.3-2021.10.macos64_1.0.0.202111181127/tools/bin/../lib/gcc/arm-none-eabi/10.3.1/../../../../arm-none-eabi/lib/thumb/v7-m/nofp/libstdc++_nano.a(pure.o)
                              ./Core/Src/interface.o (__cxa_pure_virtual)
/Applications/STM32CubeIDE 2.app/Contents/Eclipse/plugins/com.st.stm32cube.ide.mcu.externaltools.gnu-tools-for-stm32.10.3-2021.10.macos64_1.0.0.202111181127/tools/bin/../lib/gcc/arm-none-eabi/10.3.1/../../../../arm-none-eabi/lib/thumb/v7-m/nofp/libstdc++_nano.a(eh_terminate.o)
                              /Applications/STM32CubeIDE 2.app/Contents/Eclipse/plugins/com.st.stm32cube.ide.mcu.externaltools.gnu-tools-for-stm32.10.3-2021.10.macos64_1.0.0.202111181127/tools/bin/../lib/gcc/arm-none-eabi/10.3.1/../../../../arm-none-eabi/lib/thumb/v7-m/nofp/libstdc++_nano.a(pure.o) (std::terminate())
/Applications/STM32CubeIDE 2.app/Contents/Eclipse/plugins/com.st.stm32cube.ide.mcu.externaltools.gnu-tools-for-stm32.10.3-2021.10.macos64_1.0.0.202111181127/tools/bin/../lib/gcc/arm-none-eabi/10.3.1/../../../../arm-none-eabi/lib/thumb/v7-m/nofp/libstdc++_nano.a(eh_unex_handler.o)
                              /Applications/STM32CubeIDE 2.app/Contents/Eclipse/plugins/com.st.stm32cube.ide.mcu.externaltools.gnu-tools-for-stm32.10.3-2021.10.macos64_1.0.0.202111181127/tools/bin/../lib/gcc/arm-none-eabi/10.3.1/../../../../arm-none-eabi/lib/thumb/v7-m/nofp/libstdc++_nano.a(eh_terminate.o) (__cxxabiv1::__unexpected_handler)
/Applications/STM32CubeIDE 2.app/Contents/Eclipse/plugins/com.st.stm32cube.ide.mcu.externaltools.gnu-tools-for-stm32.10.3-2021.10.macos64_1.0.0.202111181127/tools/bin/../lib/gcc/arm-none-eabi/10.3.1/../../../../arm-none-eabi/lib/thumb/v7-m/nofp/libstdc++_nano.a(eh_term_handler.o)
                              /Applications/STM32CubeIDE 2.app/Contents/Eclipse/plugins/com.st.stm32cube.ide.mcu.externaltools.gnu-tools-for-stm32.10.3-2021.10.macos64_1.0.0.202111181127/tools/bin/../lib/gcc/arm-none-eabi/10.3.1/../../../../arm-none-eabi/lib/thumb/v7-m/nofp/libstdc++_nano.a(eh_terminate.o) (__cxxabiv1::__terminate_handler)
/Applications/STM32CubeIDE 2.app/Contents/Eclipse/plugins/com.st.stm32cube.ide.mcu.externaltools.gnu-tools-for-stm32.10.3-2021.10.macos64_1.0.0.202111181127/tools/bin/../lib/gcc/arm-none-eabi/10.3.1/../../../../arm-none-eabi/lib/thumb/v7-m/nofp/libm.a(lib_a-s_cos.o)
                              ./Core/Src/lcdtp.o (cos)
/Applications/STM32CubeIDE 2.app/Contents/Eclipse/plugins/com.st.stm32cube.ide.mcu.externaltools.gnu-tools-for-stm32.10.3-2021.10.macos64_1.0.0.202111181127/tools/bin/../lib/gcc/arm-none-eabi/10.3.1/../../../../arm-none-eabi/lib/thumb/v7-m/nofp/libm.a(lib_a-s_sin.o)
                              ./Core/Src/lcdtp.o (sin)
/Applications/STM32CubeIDE 2.app/Contents/Eclipse/plugins/com.st.stm32cube.ide.mcu.externaltools.gnu-tools-for-stm32.10.3-2021.10.macos64_1.0.0.202111181127/tools/bin/../lib/gcc/arm-none-eabi/10.3.1/../../../../arm-none-eabi/lib/thumb/v7-m/nofp/libm.a(lib_a-e_rem_pio2.o)
                              /Applications/STM32CubeIDE 2.app/Contents/Eclipse/plugins/com.st.stm32cube.ide.mcu.externaltools.gnu-tools-for-stm32.10.3-2021.10.macos64_1.0.0.202111181127/tools/bin/../lib/gcc/arm-none-eabi/10.3.1/../../../../arm-none-eabi/lib/thumb/v7-m/nofp/libm.a(lib_a-s_cos.o) (__ieee754_rem_pio2)
/Applications/STM32CubeIDE 2.app/Contents/Eclipse/plugins/com.st.stm32cube.ide.mcu.externaltools.gnu-tools-for-stm32.10.3-2021.10.macos64_1.0.0.202111181127/tools/bin/../lib/gcc/arm-none-eabi/10.3.1/../../../../arm-none-eabi/lib/thumb/v7-m/nofp/libm.a(lib_a-k_cos.o)
                              /Applications/STM32CubeIDE 2.app/Contents/Eclipse/plugins/com.st.stm32cube.ide.mcu.externaltools.gnu-tools-for-stm32.10.3-2021.10.macos64_1.0.0.202111181127/tools/bin/../lib/gcc/arm-none-eabi/10.3.1/../../../../arm-none-eabi/lib/thumb/v7-m/nofp/libm.a(lib_a-s_cos.o) (__kernel_cos)
/Applications/STM32CubeIDE 2.app/Contents/Eclipse/plugins/com.st.stm32cube.ide.mcu.externaltools.gnu-tools-for-stm32.10.3-2021.10.macos64_1.0.0.202111181127/tools/bin/../lib/gcc/arm-none-eabi/10.3.1/../../../../arm-none-eabi/lib/thumb/v7-m/nofp/libm.a(lib_a-k_rem_pio2.o)
                              /Applications/STM32CubeIDE 2.app/Contents/Eclipse/plugins/com.st.stm32cube.ide.mcu.externaltools.gnu-tools-for-stm32.10.3-2021.10.macos64_1.0.0.202111181127/tools/bin/../lib/gcc/arm-none-eabi/10.3.1/../../../../arm-none-eabi/lib/thumb/v7-m/nofp/libm.a(lib_a-e_rem_pio2.o) (__kernel_rem_pio2)
/Applications/STM32CubeIDE 2.app/Contents/Eclipse/plugins/com.st.stm32cube.ide.mcu.externaltools.gnu-tools-for-stm32.10.3-2021.10.macos64_1.0.0.202111181127/tools/bin/../lib/gcc/arm-none-eabi/10.3.1/../../../../arm-none-eabi/lib/thumb/v7-m/nofp/libm.a(lib_a-k_sin.o)
[...]
Memory Configuration

Name             Origin             Length             Attributes
RAM              0x0000000020000000 0x0000000000010000 xrw
FLASH            0x0000000008000000 0x0000000000080000 xr
*default*        0x0000000000000000 0xffffffffffffffff

Linker script and memory map

LOAD /Applications/STM32CubeIDE 2.app/Contents/Eclipse/plugins/com.st.stm32cube.ide.mcu.externaltools.gnu-tools-for-stm32.10.3-2021.10.macos64_1.0.0.202111181127/tools/bin/../lib/gcc/arm-none-eabi/10.3.1/thumb/v7-m/nofp/crti.o
LOAD /Applications/STM32CubeIDE 2.app/Contents/Eclipse/plugins/com.st.stm32cube.ide.mcu.externaltools.gnu-tools-for-stm32.10.3-2021.10.macos64_1.0.0.202111181127/tools/bin/../lib/gcc/arm-none-eabi/10.3.1/thumb/v7-m/nofp/crtbegin.o
LOAD /Applications/STM32CubeIDE 2.app/Contents/Eclipse/plugins/com.st.stm32cube.ide.mcu.externaltools.gnu-tools-for-stm32.10.3-2021.10.macos64_1.0.0.202111181127/tools/bin/../lib/gcc/arm-none-eabi/10.3.1/../../../../arm-none-eabi/lib/thumb/v7-m/nofp/crt0.o
LOAD ./Core/Src/EasyUI.o
LOAD ./Core/Src/UI.o
LOAD ./Core/Src/adc.o
LOAD ./Core/Src/alarm.o
LOAD ./Core/Src/bsp_usart.o
LOAD ./Core/Src/buzzer.o
LOAD ./Core/Src/dht11.o
LOAD ./Core/Src/esp8266.o
LOAD ./Core/Src/fsmc.o
LOAD ./Core/Src/gpio.o
LOAD ./Core/Src/interface.o
LOAD ./Core/Src/lcdtp.o
LOAD ./Core/Src/main.o
LOAD ./Core/Src/pet.o
LOAD ./Core/Src/printf.o
LOAD ./Core/Src/ring_buffer.o
LOAD ./Core/Src/rtc.o
LOAD ./Core/Src/stm32f1xx_hal_msp.o
LOAD ./Core/Src/stm32f1xx_it.o
LOAD ./Core/Src/syscalls.o
LOAD ./Core/Src/sysmem.o
LOAD ./Core/Src/system_stm32f1xx.o
LOAD ./Core/Src/tim.o
LOAD ./Core/Src/timer.o
LOAD ./Core/Src/usart.o
LOAD ./Core/Src/utils.o
LOAD ./Core/Src/xpt2046.o
LOAD ./Core/Startup/startup_stm32f103vetx.o
LOAD ./Core/batch/cold1.o
LOAD ./Core/batch/cold2.o
LOAD ./Core/batch/happy1.o
LOAD ./Core/batch/hot1.o
LOAD ./Core/batch/hot2.o
LOAD ./Core/batch/normal.o
LOAD ./Core/batch/sleep1.o
LOAD ./Core/batch/sleep2.o
LOAD ./Core/batch/sleep3.o
LOAD ./Core/batch/sleep_water.o
LOAD ./Core/batch/water1.o
LOAD ./Core/batch/water1_night.o
LOAD ./Core/batch/water2.o
LOAD ./Core/batch/water2_night.o
LOAD ./Core/batch/water3.o
LOAD ./Core/batch/water3_night.o
LOAD ./Drivers/STM32F1xx_HAL_Driver/Src/stm32f1xx_hal.o
LOAD ./Drivers/STM32F1xx_HAL_Driver/Src/stm32f1xx_hal_adc.o
LOAD ./Drivers/STM32F1xx_HAL_Driver/Src/stm32f1xx_hal_adc_ex.o
LOAD ./Drivers/STM32F1xx_HAL_Driver/Src/stm32f1xx_hal_cortex.o
LOAD ./Drivers/STM32F1xx_HAL_Driver/Src/stm32f1xx_hal_dma.o
LOAD ./Drivers/STM32F1xx_HAL_Driver/Src/stm32f1xx_hal_flash.o
LOAD ./Drivers/STM32F1xx_HAL_Driver/Src/stm32f1xx_hal_flash_ex.o
LOAD ./Drivers/STM32F1xx_HAL_Driver/Src/stm32f1xx_hal_gpio.o
LOAD ./Drivers/STM32F1xx_HAL_Driver/Src/stm32f1xx_hal_gpio_ex.o
LOAD ./Drivers/STM32F1xx_HAL_Driver/Src/stm32f1xx_hal_pwr.o
LOAD ./Drivers/STM32F1xx_HAL_Driver/Src/stm32f1xx_hal_rcc.o
LOAD ./Drivers/STM32F1xx_HAL_Driver/Src/stm32f1xx_hal_rcc_ex.o
LOAD ./Drivers/STM32F1xx_HAL_Driver/Src/stm32f1xx_hal_rtc.o
LOAD ./Drivers/STM32F1xx_HAL_Driver/Src/stm32f1xx_hal_rtc_ex.o
LOAD ./Drivers/STM32F1xx_HAL_Driver/Src/stm32f1xx_hal_sram.o
LOAD ./Drivers/STM32F1xx_HAL_Driver/Src/stm32f1xx_hal_tim.o
LOAD ./Drivers/STM32F1xx_HAL_Driver/Src/stm32f1xx_hal_tim_ex.o
LOAD ./Drivers/STM32F1xx_HAL_Driver/Src/stm32f1xx_hal_uart.o
LOAD ./Drivers/STM32F1xx_HAL_Driver/Src/stm32f1xx_ll_fsmc.o
START GROUP
LOAD /Applications/STM32CubeIDE 2.app/Contents/Eclipse/plugins/com.st.stm32cube.ide.mcu.externaltools.gnu-tools-for-stm32.10.3-2021.10.macos64_1.0.0.202111181127/tools/bin/../lib/gcc/arm-none-eabi/10.3.1/../../../../arm-none-eabi/lib/thumb/v7-m/nofp/libstdc++_nano.a
LOAD /Applications/STM32CubeIDE 2.app/Contents/Eclipse/plugins/com.st.stm32cube.ide.mcu.externaltools.gnu-tools-for-stm32.10.3-2021.10.macos64_1.0.0.202111181127/tools/bin/../lib/gcc/arm-none-eabi/10.3.1/../../../../arm-none-eabi/lib/thumb/v7-m/nofp/libsupc++_nano.a
END GROUP
LOAD /Applications/STM32CubeIDE 2.app/Contents/Eclipse/plugins/com.st.stm32cube.ide.mcu.externaltools.gnu-tools-for-stm32.10.3-2021.10.macos64_1.0.0.202111181127/tools/bin/../lib/gcc/arm-none-eabi/10.3.1/../../../../arm-none-eabi/lib/thumb/v7-m/nofp/libstdc++_nano.a
LOAD /Applications/STM32CubeIDE 2.app/Contents/Eclipse/plugins/com.st.stm32cube.ide.mcu.externaltools.gnu-tools-for-stm32.10.3-2021.10.macos64_1.0.0.202111181127/tools/bin/../lib/gcc/arm-none-eabi/10.3.1/../../../../arm-none-eabi/lib/thumb/v7-m/nofp/libm.a
LOAD /Applications/STM32CubeIDE 2.app/Contents/Eclipse/plugins/com.st.stm32cube.ide.mcu.externaltools.gnu-tools-for-stm32.10.3-2021.10.macos64_1.0.0.202111181127/tools/bin/../lib/gcc/arm-none-eabi/10.3.1/../../../../arm-none-eabi/lib/thumb/v7-m/nofp/libc_nano.a
START GROUP
LOAD /Applications/STM32CubeIDE 2.app/Contents/Eclipse/plugins/com.st.stm32cube.ide.mcu.externaltools.gnu-tools-for-stm32.10.3-2021.10.macos64_1.0.0.202111181127/tools/bin/../lib/gcc/arm-none-eabi/10.3.1/thumb/v7-m/nofp/libgcc.a
LOAD /Applications/STM32CubeIDE 2.app/Contents/Eclipse/plugins/com.st.stm32cube.ide.mcu.externaltools.gnu-tools-for-stm32.10.3-2021.10.macos64_1.0.0.202111181127/tools/bin/../lib/gcc/arm-none-eabi/10.3.1/../../../../arm-none-eabi/lib/thumb/v7-m/nofp/libc_nano.a
END GROUP
START GROUP
LOAD /Applications/STM32CubeIDE 2.app/Contents/Eclipse/plugins/com.st.stm32cube.ide.mcu.externaltools.gnu-tools-for-stm32.10.3-2021.10.macos64_1.0.0.202111181127/tools/bin/../lib/gcc/arm-none-eabi/10.3.1/thumb/v7-m/nofp/libgcc.a
LOAD /Applications/STM32CubeIDE 2.app/Contents/Eclipse/plugins/com.st.stm32cube.ide.mcu.externaltools.gnu-tools-for-stm32.10.3-2021.10.macos64_1.0.0.202111181127/tools/bin/../lib/gcc/arm-none-eabi/10.3.1/../../../../arm-none-eabi/lib/thumb/v7-m/nofp/libc_nano.a
END GROUP
LOAD /Applications/STM32CubeIDE 2.app/Contents/Eclipse/plugins/com.st.stm32cube.ide.mcu.externaltools.gnu-tools-for-stm32.10.3-2021.10.macos64_1.0.0.202111181127/tools/bin/../lib/gcc/arm-none-eabi/10.3.1/thumb/v7-m/nofp/crtend.o
LOAD /Applications/STM32CubeIDE 2.app/Contents/Eclipse/plugins/com.st.stm32cube.ide.mcu.externaltools.gnu-tools-for-stm32.10.3-2021.10.macos64_1.0.0.202111181127/tools/bin/../lib/gcc/arm-none-eabi/10.3.1/thumb/v7-m/nofp/crtn.o
                0x0000000020010000                _estack = (ORIGIN (RAM) + LENGTH (RAM))
                0x0000000000000200                _Min_Heap_Size = 0x200
                0x0000000000000400                _Min_Stack_Size = 0x400

.isr_vector     0x0000000008000000      0x1e4
                0x0000000008000000                . = ALIGN (0x4)
 *(.isr_vector)
 .isr_vector    0x0000000008000000      0x1e4 ./Core/Startup/startup_stm32f103vetx.o
                0x0000000008000000                g_pfnVectors
                0x00000000080001e4                . = ALIGN (0x4)

.text           0x00000000080001e8     0x8f6c
                0x00000000080001e8                . = ALIGN (0x4)
 *(.text)
 .text          0x00000000080001e8       0x40 /Applications/STM32CubeIDE 2.app/Contents/Eclipse/plugins/com.st.stm32cube.ide.mcu.externaltools.gnu-tools-for-stm32.10.3-2021.10.macos64_1.0.0.202111181127/tools/bin/../lib/gcc/arm-none-eabi/10.3.1/thumb/v7-m/nofp/crtbegin.o
 .text          0x0000000008000228       0x10 /Applications/STM32CubeIDE 2.app/Contents/Eclipse/plugins/com.st.stm32cube.ide.mcu.externaltools.gnu-tools-for-stm32.10.3-2021.10.macos64_1.0.0.202111181127/tools/bin/../lib/gcc/arm-none-eabi/10.3.1/../../../../arm-none-eabi/lib/thumb/v7-m/nofp/libc_nano.a(lib_a-strlen.o)
                0x0000000008000228                strlen
 .text          0x0000000008000238      0x378 /Applications/STM32CubeIDE 2.app/Contents/Eclipse/plugins/com.st.stm32cube.ide.mcu.externaltools.gnu-tools-for-stm32.10.3-2021.10.macos64_1.0.0.202111181127/tools/bin/../lib/gcc/arm-none-eabi/10.3.1/thumb/v7-m/nofp/libgcc.a(_arm_addsubdf3.o)
                0x0000000008000238                __aeabi_drsub
                0x0000000008000240                __subdf3
                0x0000000008000240                __aeabi_dsub
                0x0000000008000244                __aeabi_dadd
                0x0000000008000244                __adddf3
                0x00000000080004bc                __aeabi_ui2d
                0x00000000080004bc                __floatunsidf
                0x00000000080004dc                __floatsidf
                0x00000000080004dc                __aeabi_i2d
                0x0000000008000500                __extendsfdf2
                0x0000000008000500                __aeabi_f2d
                0x0000000008000544                __aeabi_ul2d
                0x0000000008000544                __floatundidf
                0x0000000008000554                __aeabi_l2d
                0x0000000008000554                __floatdidf
 .text          0x00000000080005b0      0x424 /Applications/STM32CubeIDE 2.app/Contents/Eclipse/plugins/com.st.stm32cube.ide.mcu.externaltools.gnu-tools-for-stm32.10.3-2021.10.macos64_1.0.0.202111181127/tools/bin/../lib/gcc/arm-none-eabi/10.3.1/thumb/v7-m/nofp/libgcc.a(_arm_muldivdf3.o)
                0x00000000080005b0                __aeabi_dmul
                0x00000000080005b0                __muldf3
                0x0000000008000804                __aeabi_ddiv
                0x0000000008000804                __divdf3
 .text          0x00000000080009d4      0x110 /Applications/STM32CubeIDE 2.app/Contents/Eclipse/plugins/com.st.stm32cube.ide.mcu.externaltools.gnu-tools-for-stm32.10.3-2021.10.macos64_1.0.0.202111181127/tools/bin/../lib/gcc/arm-none-eabi/10.3.1/thumb/v7-m/nofp/libgcc.a(_arm_cmpdf2.o)
                0x00000000080009d4                __gedf2
                0x00000000080009d4                __gtdf2
                0x00000000080009dc                __ledf2
                0x00000000080009dc                __ltdf2
                0x00000000080009e4                __cmpdf2
                0x00000000080009e4                __eqdf2
                0x00000000080009e4                __nedf2
                0x0000000008000a60                __aeabi_cdrcmple
                0x0000000008000a70                __aeabi_cdcmple
                0x0000000008000a70                __aeabi_cdcmpeq
                0x0000000008000a80                __aeabi_dcmpeq
                0x0000000008000a94                __aeabi_dcmplt
                0x0000000008000aa8                __aeabi_dcmple
                0x0000000008000abc                __aeabi_dcmpge
                0x0000000008000ad0                __aeabi_dcmpgt
 .text          0x0000000008000ae4       0x50 /Applications/STM32CubeIDE 2.app/Contents/Eclipse/plugins/com.st.stm32cube.ide.mcu.externaltools.gnu-tools-for-stm32.10.3-2021.10.macos64_1.0.0.202111181127/tools/bin/../lib/gcc/arm-none-eabi/10.3.1/thumb/v7-m/nofp/libgcc.a(_arm_fixdfsi.o)
                0x0000000008000ae4                __fixdfsi
                0x0000000008000ae4                __aeabi_d2iz
 .text          0x0000000008000b34       0x40 /Applications/STM32CubeIDE 2.app/Contents/Eclipse/plugins/com.st.stm32cube.ide.mcu.externaltools.gnu-tools-for-stm32.10.3-2021.10.macos64_1.0.0.202111181127/tools/bin/../lib/gcc/arm-none-eabi/10.3.1/thumb/v7-m/nofp/libgcc.a(_arm_fixunsdfsi.o)
                0x0000000008000b34                __fixunsdfsi
                0x0000000008000b34                __aeabi_d2uiz
 .text          0x0000000008000b74      0x21c /Applications/STM32CubeIDE 2.app/Contents/Eclipse/plugins/com.st.stm32cube.ide.mcu.externaltools.gnu-tools-for-stm32.10.3-2021.10.macos64_1.0.0.202111181127/tools/bin/../lib/gcc/arm-none-eabi/10.3.1/thumb/v7-m/nofp/libgcc.a(_arm_addsubsf3.o)
                0x0000000008000b74                __aeabi_frsub
                0x0000000008000b7c                __aeabi_fsub
                0x0000000008000b7c                __subsf3
                0x0000000008000b80                __aeabi_fadd
                0x0000000008000b80                __addsf3
                0x0000000008000ce0                __aeabi_ui2f
                0x0000000008000ce0                __floatunsisf
                0x0000000008000ce8                __floatsisf
                0x0000000008000ce8                __aeabi_i2f
                0x0000000008000d04                __aeabi_ul2f
                0x0000000008000d04                __floatundisf
                0x0000000008000d14                __aeabi_l2f
                0x0000000008000d14                __floatdisf
 .text          0x0000000008000d90       0x30 /Applications/STM32CubeIDE 2.app/Contents/Eclipse/plugins/com.st.stm32cube.ide.mcu.externaltools.gnu-tools-for-stm32.10.3-2021.10.macos64_1.0.0.202111181127/tools/bin/../lib/gcc/arm-none-eabi/10.3.1/thumb/v7-m/nofp/libgcc.a(_aeabi_uldivmod.o)
                0x0000000008000d90                __aeabi_uldivmod
 .text          0x0000000008000dc0      0x2d4 /Applications/STM32CubeIDE 2.app/Contents/Eclipse/plugins/com.st.stm32cube.ide.mcu.externaltools.gnu-tools-for-stm32.10.3-2021.10.macos64_1.0.0.202111181127/tools/bin/../lib/gcc/arm-none-eabi/10.3.1/thumb/v7-m/nofp/libgcc.a(_udivmoddi4.o)
                0x0000000008000dc0                __udivmoddi4
 .text          0x0000000008001094        0x4 /Applications/STM32CubeIDE 2.app/Contents/Eclipse/plugins/com.st.stm32cube.ide.mcu.externaltools.gnu-tools-for-stm32.10.3-2021.10.macos64_1.0.0.202111181127/tools/bin/../lib/gcc/arm-none-eabi/10.3.1/thumb/v7-m/nofp/libgcc.a(_dvmd_tls.o)
                0x0000000008001094                __aeabi_ldiv0
                0x0000000008001094                __aeabi_idiv0
 *(.text*)
 .text._ZN6StringC2EPKc
                0x0000000008001098       0x2c ./Core/Src/EasyUI.o
                0x0000000008001098                String::String(char const*)
                0x0000000008001098                String::String(char const*)
 .text._ZN9UIElement17updateAllElementsEv
                0x00000000080010c4       0xd8 ./Core/Src/EasyUI.o
                0x00000000080010c4                UIElement::updateAllElements()
 .text.MX_ADC1_Init
                0x000000000800119c       0x7c ./Core/Src/adc.o
                0x000000000800119c                MX_ADC1_Init
 .text.HAL_ADC_MspInit
                0x0000000008001218       0x78 ./Core/Src/adc.o
                0x0000000008001218                HAL_ADC_MspInit
 .text.DEBUG_USART_Config
                0x0000000008001290       0x54 ./Core/Src/bsp_usart.o
                0x0000000008001290                DEBUG_USART_Config
 .text.MX_FSMC_Init
                0x00000000080012e4       0xc8 ./Core/Src/fsmc.o
                0x00000000080012e4                MX_FSMC_Init
 .text.HAL_FSMC_MspInit
                0x00000000080013ac       0x88 ./Core/Src/fsmc.o
 .text.HAL_SRAM_MspInit
                0x0000000008001434       0x14 ./Core/Src/fsmc.o
                0x0000000008001434                HAL_SRAM_MspInit
 .text.MX_GPIO_Init
                0x0000000008001448      0x1f4 ./Core/Src/gpio.o
                0x0000000008001448                MX_GPIO_Init
 .text._ZN6StringC2Ei
                0x000000000800163c       0x2c ./Core/Src/interface.o
                0x000000000800163c                String::String(int)
                0x000000000800163c                String::String(int)
 .text._ZN8SERVO42C6getCRCEPhh
                0x0000000008001668       0x42 ./Core/Src/interface.o
                0x0000000008001668                SERVO42C::getCRC(unsigned char*, unsigned char)
 *fill*         0x00000000080016aa        0x2 
 .text._ZN8SERVO42C11receiveUARTEh
                0x00000000080016ac       0xb0 ./Core/Src/interface.o
                0x00000000080016ac                SERVO42C::receiveUART(unsigned char)
 .text._ZN8SERVO42CC2EhP18UART_HandleTypeDef
                0x000000000800175c       0x70 ./Core/Src/interface.o
                0x000000000800175c                SERVO42C::SERVO42C(unsigned char, UART_HandleTypeDef*)
                0x000000000800175c                SERVO42C::SERVO42C(unsigned char, UART_HandleTypeDef*)
 .text._ZN8SERVO42C4stepEhhm
                0x00000000080017cc       0x9c ./Core/Src/interface.o
                0x00000000080017cc                SERVO42C::step(unsigned char, unsigned char, unsigned long)
 .text._ZN8SERVO42C13stepClockwiseEh
                0x0000000008001868       0x22 ./Core/Src/interface.o
                0x0000000008001868                SERVO42C::stepClockwise(unsigned char)
 .text._ZN8SERVO42C20stepCounterClockwiseEh
                0x000000000800188a       0x22 ./Core/Src/interface.o
                0x000000000800188a                SERVO42C::stepCounterClockwise(unsigned char)
 .text._ZN8SERVO42C14receiveEncoderEv
                0x00000000080018ac       0xc4 ./Core/Src/interface.o
                0x00000000080018ac                SERVO42C::receiveEncoder()
 .text._ZN8SERVO42C10getEncoderEv
                0x0000000008001970       0x16 ./Core/Src/interface.o
                0x0000000008001970                SERVO42C::getEncoder()
 *fill*         0x0000000008001986        0x2 
 .text._ZN9UIElementC2Etttt
                0x0000000008001988       0x68 ./Core/Src/interface.o
                0x0000000008001988                UIElement::UIElement(unsigned short, unsigned short, unsigned short, unsigned short)
                0x0000000008001988                UIElement::UIElement(unsigned short, unsigned short, unsigned short, unsigned short)
 .text._ZN9UIElement10checkTouchEtt
                0x00000000080019f0       0x58 ./Core/Src/interface.o
                0x00000000080019f0                UIElement::checkTouch(unsigned short, unsigned short)
 .text._ZN6ButtonC2EttPcPFvPS_iiEtttt
                0x0000000008001a48       0x6c ./Core/Src/interface.o
                0x0000000008001a48                Button::Button(unsigned short, unsigned short, char*, void (*)(Button*, int, int), unsigned short, unsigned short, unsigned short, unsigned short)
                0x0000000008001a48                Button::Button(unsigned short, unsigned short, char*, void (*)(Button*, int, int), unsigned short, unsigned short, unsigned short, unsigned short)
 .text._ZN6Button6renderEv
                0x0000000008001ab4       0x88 ./Core/Src/interface.o
                0x0000000008001ab4                Button::render()
 .text._ZN6Button6updateEtt
                0x0000000008001b3c       0x8e ./Core/Src/interface.o
                0x0000000008001b3c                Button::update(unsigned short, unsigned short)
 *fill*         0x0000000008001bca        0x2 
 .text._ZN6SliderC2Etttttt
                0x0000000008001bcc       0x78 ./Core/Src/interface.o
                0x0000000008001bcc                Slider::Slider(unsigned short, unsigned short, unsigned short, unsigned short, unsigned short, unsigned short)
                0x0000000008001bcc                Slider::Slider(unsigned short, unsigned short, unsigned short, unsigned short, unsigned short, unsigned short)
 .text._ZN6Slider6renderEv
                0x0000000008001c44       0x6c ./Core/Src/interface.o
                0x0000000008001c44                Slider::render()
 .text._ZN6Slider5wrapYEt
                0x0000000008001cb0       0x64 ./Core/Src/interface.o
                0x0000000008001cb0                Slider::wrapY(unsigned short)
 .text._ZN6Slider6updateEtt
                0x0000000008001d14      0x11a ./Core/Src/interface.o
                0x0000000008001d14                Slider::update(unsigned short, unsigned short)
 *fill*         0x0000000008001e2e        0x2 
 .text._ZN8TouchPadC2Ettttt
                0x0000000008001e30       0x84 ./Core/Src/interface.o
                0x0000000008001e30                TouchPad::TouchPad(unsigned short, unsigned short, unsigned short, unsigned short, unsigned short)
                0x0000000008001e30                TouchPad::TouchPad(unsigned short, unsigned short, unsigned short, unsigned short, unsigned short)
 .text._ZN8TouchPad6renderEv
                0x0000000008001eb4       0x46 ./Core/Src/interface.o
                0x0000000008001eb4                TouchPad::render()
 .text._ZN8TouchPad8clearDotEv
                0x0000000008001efa       0x50 ./Core/Src/interface.o
                0x0000000008001efa                TouchPad::clearDot()
 .text._ZN8TouchPad9renderDotEv
                0x0000000008001f4a       0x4c ./Core/Src/interface.o
                0x0000000008001f4a                TouchPad::renderDot()
 .text._ZN8TouchPad5wrapXEt
                0x0000000008001f96       0x64 ./Core/Src/interface.o
                0x0000000008001f96                TouchPad::wrapX(unsigned short)
 .text._ZN8TouchPad5wrapYEt
                0x0000000008001ffa       0x64 ./Core/Src/interface.o
                0x0000000008001ffa                TouchPad::wrapY(unsigned short)
 .text._ZN8TouchPad6updateEtt
                0x000000000800205e       0xd6 ./Core/Src/interface.o
                0x000000000800205e                TouchPad::update(unsigned short, unsigned short)
 .text._Z17onTestButtonPressP6Buttonii
                0x0000000008002134       0x54 ./Core/Src/interface.o
                0x0000000008002134                onTestButtonPress(Button*, int, int)
 .text.myfunc   0x0000000008002188      0x108 ./Core/Src/interface.o
                0x0000000008002188                myfunc
 .text._Z41__static_initialization_and_destruction_0ii
                0x0000000008002290       0x50 ./Core/Src/interface.o
 .text._GLOBAL__sub_I_xServo
                0x00000000080022e0       0x10 ./Core/Src/interface.o
 .text.Delay    0x00000000080022f0       0x22 ./Core/Src/lcdtp.o
                0x00000000080022f0                Delay
 .text.LCD_INIT
                0x0000000008002312       0x24 ./Core/Src/lcdtp.o
                0x0000000008002312                LCD_INIT
 *fill*         0x0000000008002336        0x2 
 .text.LCD_Rst  0x0000000008002338       0x30 ./Core/Src/lcdtp.o
                0x0000000008002338                LCD_Rst
 .text.LCD_BackLed_Control
                0x0000000008002368       0x38 ./Core/Src/lcdtp.o
                0x0000000008002368                LCD_BackLed_Control
 .text.LCD_Write_Cmd
                0x00000000080023a0       0x1c ./Core/Src/lcdtp.o
                0x00000000080023a0                LCD_Write_Cmd
 .text.LCD_Write_Data
                0x00000000080023bc       0x20 ./Core/Src/lcdtp.o
                0x00000000080023bc                LCD_Write_Data
 .text.LCD_REG_Config
                0x00000000080023dc      0x234 ./Core/Src/lcdtp.o
                0x00000000080023dc                LCD_REG_Config
 .text.LCD_OpenWindow
                0x0000000008002610       0xb2 ./Core/Src/lcdtp.o
                0x0000000008002610                LCD_OpenWindow
 .text.LCD_FillColor
                0x00000000080026c2       0x3c ./Core/Src/lcdtp.o
                0x00000000080026c2                LCD_FillColor
 *fill*         0x00000000080026fe        0x2 
 .text.LCD_Clear
                0x0000000008002700       0x5c ./Core/Src/lcdtp.o
                0x0000000008002700                LCD_Clear
 .text.LCD_DrawChar
                0x000000000800275c       0xb8 ./Core/Src/lcdtp.o
                0x000000000800275c                LCD_DrawChar
 .text.LCD_DrawString
                0x0000000008002814       0x5e ./Core/Src/lcdtp.o
                0x0000000008002814                LCD_DrawString
 *fill*         0x0000000008002872        0x2 
 .text.LCD_DrawChar_Color
                0x0000000008002874       0x9c ./Core/Src/lcdtp.o
                0x0000000008002874                LCD_DrawChar_Color
 .text.LCD_DrawString_Color
                0x0000000008002910       0x6a ./Core/Src/lcdtp.o
                0x0000000008002910                LCD_DrawString_Color
 *fill*         0x000000000800297a        0x2 
 .text.main     0x000000000800297c       0x6c ./Core/Src/main.o
                0x000000000800297c                main
 .text.SystemClock_Config
                0x00000000080029e8       0xc4 ./Core/Src/main.o
                0x00000000080029e8                SystemClock_Config
 .text.Error_Handler
                0x0000000008002aac        0xc ./Core/Src/main.o
                0x0000000008002aac                Error_Handler
 .text._out_buffer
                0x0000000008002ab8       0x2c ./Core/Src/printf.o
 .text._out_null
                0x0000000008002ae4       0x1a ./Core/Src/printf.o
 .text._strnlen_s
                0x0000000008002afe       0x38 ./Core/Src/printf.o
 .text._is_digit
                0x0000000008002b36       0x2c ./Core/Src/printf.o
 .text._atoi    0x0000000008002b62       0x48 ./Core/Src/printf.o
 .text._out_rev
                0x0000000008002baa       0xa0 ./Core/Src/printf.o
 .text._ntoa_format
                0x0000000008002c4a      0x1b8 ./Core/Src/printf.o
 .text._ntoa_long
                0x0000000008002e02       0xcc ./Core/Src/printf.o
 .text._ntoa_long_long
                0x0000000008002ece       0xda ./Core/Src/printf.o
 .text._ftoa    0x0000000008002fa8      0x4b0 ./Core/Src/printf.o
 .text._etoa    0x0000000008003458      0x520 ./Core/Src/printf.o
 .text._vsnprintf
                0x0000000008003978      0x9c0 ./Core/Src/printf.o
 .text.sprintf_
                0x0000000008004338       0x38 ./Core/Src/printf.o
                0x0000000008004338                sprintf_
 .text.store_char
                0x0000000008004370       0x44 ./Core/Src/ring_buffer.o
                0x0000000008004370                store_char
 .text.Uart_isr
                0x00000000080043b4       0xc8 ./Core/Src/ring_buffer.o
                0x00000000080043b4                Uart_isr
 .text.HAL_MspInit
                0x000000000800447c       0x64 ./Core/Src/stm32f1xx_hal_msp.o
                0x000000000800447c                HAL_MspInit
 .text.NMI_Handler
                0x00000000080044e0        0xc ./Core/Src/stm32f1xx_it.o
                0x00000000080044e0                NMI_Handler
 .text.HardFault_Handler
                0x00000000080044ec        0x6 ./Core/Src/stm32f1xx_it.o
                0x00000000080044ec                HardFault_Handler
 .text.MemManage_Handler
                0x00000000080044f2        0x6 ./Core/Src/stm32f1xx_it.o
                0x00000000080044f2                MemManage_Handler
 .text.BusFault_Handler
                0x00000000080044f8        0x6 ./Core/Src/stm32f1xx_it.o
                0x00000000080044f8                BusFault_Handler
 .text.UsageFault_Handler
                0x00000000080044fe        0x6 ./Core/Src/stm32f1xx_it.o
                0x00000000080044fe                UsageFault_Handler
 .text.SVC_Handler
                0x0000000008004504        0xc ./Core/Src/stm32f1xx_it.o
                0x0000000008004504                SVC_Handler
 .text.DebugMon_Handler
                0x0000000008004510        0xc ./Core/Src/stm32f1xx_it.o
                0x0000000008004510                DebugMon_Handler
 .text.PendSV_Handler
                0x000000000800451c        0xc ./Core/Src/stm32f1xx_it.o
                0x000000000800451c                PendSV_Handler
 .text.SysTick_Handler
                0x0000000008004528       0x24 ./Core/Src/stm32f1xx_it.o
                0x0000000008004528                SysTick_Handler
 .text.EXTI0_IRQHandler
                0x000000000800454c       0x2c ./Core/Src/stm32f1xx_it.o
                0x000000000800454c                EXTI0_IRQHandler
 .text.EXTI4_IRQHandler
                0x0000000008004578       0x34 ./Core/Src/stm32f1xx_it.o
                0x0000000008004578                EXTI4_IRQHandler
 .text.TIM3_IRQHandler
                0x00000000080045ac       0x48 ./Core/Src/stm32f1xx_it.o
                0x00000000080045ac                TIM3_IRQHandler
 .text.USART1_IRQHandler
                0x00000000080045f4       0x44 ./Core/Src/stm32f1xx_it.o
                0x00000000080045f4                USART1_IRQHandler
 .text.USART3_IRQHandler
                0x0000000008004638       0x14 ./Core/Src/stm32f1xx_it.o
                0x0000000008004638                USART3_IRQHandler
 .text.EXTI15_10_IRQHandler
                0x000000000800464c       0x30 ./Core/Src/stm32f1xx_it.o
                0x000000000800464c                EXTI15_10_IRQHandler
 .text.TIM5_IRQHandler
                0x000000000800467c       0x1c ./Core/Src/stm32f1xx_it.o
                0x000000000800467c                TIM5_IRQHandler
 .text._getpid  0x0000000008004698        0xe ./Core/Src/syscalls.o
                0x0000000008004698                _getpid
 .text._kill    0x00000000080046a6       0x20 ./Core/Src/syscalls.o
                0x00000000080046a6                _kill
 .text._exit    0x00000000080046c6       0x14 ./Core/Src/syscalls.o
                0x00000000080046c6                _exit
 *fill*         0x00000000080046da        0x2 
 .text._sbrk    0x00000000080046dc       0x6c ./Core/Src/sysmem.o
                0x00000000080046dc                _sbrk
 .text.SystemInit
                0x0000000008004748       0x68 ./Core/Src/system_stm32f1xx.o
                0x0000000008004748                SystemInit
 .text.MX_TIM1_Init
                0x00000000080047b0      0x14c ./Core/Src/tim.o
                0x00000000080047b0                MX_TIM1_Init
 .text.MX_TIM2_Init
                0x00000000080048fc       0x98 ./Core/Src/tim.o
                0x00000000080048fc                MX_TIM2_Init
 .text.MX_TIM3_Init
                0x0000000008004994       0x9c ./Core/Src/tim.o
                0x0000000008004994                MX_TIM3_Init
 .text.MX_TIM5_Init
                0x0000000008004a30       0x9c ./Core/Src/tim.o
                0x0000000008004a30                MX_TIM5_Init
 .text.HAL_TIM_Base_MspInit
                0x0000000008004acc       0xd0 ./Core/Src/tim.o
                0x0000000008004acc                HAL_TIM_Base_MspInit
 .text.HAL_TIM_MspPostInit
                0x0000000008004b9c       0x68 ./Core/Src/tim.o
                0x0000000008004b9c                HAL_TIM_MspPostInit
 .text.TIMER_INIT
                0x0000000008004c04       0x24 ./Core/Src/timer.o
                0x0000000008004c04                TIMER_INIT
 .text.timer_min
                0x0000000008004c28       0x44 ./Core/Src/timer.o
                0x0000000008004c28                timer_min
 .text.MX_USART1_UART_Init
                0x0000000008004c6c       0x54 ./Core/Src/usart.o
                0x0000000008004c6c                MX_USART1_UART_Init
 .text.MX_USART2_UART_Init
                0x0000000008004cc0       0x54 ./Core/Src/usart.o
                0x0000000008004cc0                MX_USART2_UART_Init
 .text.MX_USART3_UART_Init
                0x0000000008004d14       0x54 ./Core/Src/usart.o
                0x0000000008004d14                MX_USART3_UART_Init
 .text.HAL_UART_MspInit
                0x0000000008004d68      0x1a0 ./Core/Src/usart.o
                0x0000000008004d68                HAL_UART_MspInit
 .text._ZN6StringC2Ev
                0x0000000008004f08       0x1a ./Core/Src/utils.o
                0x0000000008004f08                String::String()
                0x0000000008004f08                String::String()
 .text._ZplPKcRK6String
                0x0000000008004f22       0x46 ./Core/Src/utils.o
                0x0000000008004f22                operator+(char const*, String const&)
 .text._Z10printToLCDRK6Stringt
                0x0000000008004f68       0x50 ./Core/Src/utils.o
                0x0000000008004f68                printToLCD(String const&, unsigned short)
 .text._Z8debugLogRK6String
                0x0000000008004fb8       0x18 ./Core/Src/utils.o
                0x0000000008004fb8                debugLog(String const&)
 .text.XPT2046_DelayUS
                0x0000000008004fd0       0x38 ./Core/Src/xpt2046.o
 .text.XPT2046_WriteCMD
                0x0000000008005008       0x88 ./Core/Src/xpt2046.o
 .text.XPT2046_ReadCMD
                0x0000000008005090       0x78 ./Core/Src/xpt2046.o
 .text.XPT2046_ReadAdc
                0x0000000008005108       0x20 ./Core/Src/xpt2046.o
 .text.XPT2046_ReadAdc_XY
                0x0000000008005128       0x38 ./Core/Src/xpt2046.o
 .text.XPT2046_ReadAdc_Smooth_XY
                0x0000000008005160      0x22c ./Core/Src/xpt2046.o
 .text.XPT2046_Get_TouchedPoint
                0x000000000800538c      0x10e ./Core/Src/xpt2046.o
                0x000000000800538c                XPT2046_Get_TouchedPoint
 *fill*         0x000000000800549a        0x2 
 .text.Reset_Handler
                0x000000000800549c       0x48 ./Core/Startup/startup_stm32f103vetx.o
                0x000000000800549c                Reset_Handler
 .text.Default_Handler
                0x00000000080054e4        0x2 ./Core/Startup/startup_stm32f103vetx.o
                0x00000000080054e4                DMA2_Channel3_IRQHandler
                0x00000000080054e4                EXTI2_IRQHandler
                0x00000000080054e4                TIM8_TRG_COM_IRQHandler
                0x00000000080054e4                TIM8_CC_IRQHandler
                0x00000000080054e4                TIM1_CC_IRQHandler
                0x00000000080054e4                TIM6_IRQHandler
                0x00000000080054e4                PVD_IRQHandler
                0x00000000080054e4                SDIO_IRQHandler
                0x00000000080054e4                EXTI3_IRQHandler
                0x00000000080054e4                I2C2_EV_IRQHandler
                0x00000000080054e4                ADC1_2_IRQHandler
                0x00000000080054e4                SPI1_IRQHandler
                0x00000000080054e4                TAMPER_IRQHandler
                0x00000000080054e4                TIM8_UP_IRQHandler
                0x00000000080054e4                DMA2_Channel2_IRQHandler
                0x00000000080054e4                DMA1_Channel4_IRQHandler
                0x00000000080054e4                RTC_IRQHandler
                0x00000000080054e4                DMA1_Channel7_IRQHandler
                0x00000000080054e4                CAN1_RX1_IRQHandler
                0x00000000080054e4                UART5_IRQHandler
                0x00000000080054e4                ADC3_IRQHandler
                0x00000000080054e4                TIM4_IRQHandler
                0x00000000080054e4                DMA2_Channel1_IRQHandler
                0x00000000080054e4                I2C1_EV_IRQHandler
                0x00000000080054e4                DMA1_Channel6_IRQHandler
                0x00000000080054e4                UART4_IRQHandler
                0x00000000080054e4                RCC_IRQHandler
                0x00000000080054e4                TIM1_TRG_COM_IRQHandler
                0x00000000080054e4                DMA1_Channel1_IRQHandler
                0x00000000080054e4                Default_Handler
                0x00000000080054e4                TIM7_IRQHandler
                0x00000000080054e4                EXTI9_5_IRQHandler
                0x00000000080054e4                SPI2_IRQHandler
                0x00000000080054e4                DMA1_Channel5_IRQHandler
                0x00000000080054e4                USB_LP_CAN1_RX0_IRQHandler
                0x00000000080054e4                USB_HP_CAN1_TX_IRQHandler
                0x00000000080054e4                DMA1_Channel3_IRQHandler
                0x00000000080054e4                FSMC_IRQHandler
                0x00000000080054e4                TIM1_UP_IRQHandler
                0x00000000080054e4                WWDG_IRQHandler
                0x00000000080054e4                TIM2_IRQHandler
                0x00000000080054e4                TIM1_BRK_IRQHandler
                0x00000000080054e4                EXTI1_IRQHandler
                0x00000000080054e4                DMA2_Channel4_5_IRQHandler
                0x00000000080054e4                USART2_IRQHandler
                0x00000000080054e4                I2C2_ER_IRQHandler
                0x00000000080054e4                DMA1_Channel2_IRQHandler
                0x00000000080054e4                TIM8_BRK_IRQHandler
                0x00000000080054e4                CAN1_SCE_IRQHandler
                0x00000000080054e4                FLASH_IRQHandler
                0x00000000080054e4                SPI3_IRQHandler
                0x00000000080054e4                I2C1_ER_IRQHandler
                0x00000000080054e4                USBWakeUp_IRQHandler
                0x00000000080054e4                RTC_Alarm_IRQHandler
 *fill*         0x00000000080054e6        0x2 
 .text.HAL_Init
                0x00000000080054e8       0x2c ./Drivers/STM32F1xx_HAL_Driver/Src/stm32f1xx_hal.o
                0x00000000080054e8                HAL_Init
 .text.HAL_InitTick
                0x0000000008005514       0x60 ./Drivers/STM32F1xx_HAL_Driver/Src/stm32f1xx_hal.o
                0x0000000008005514                HAL_InitTick
 .text.HAL_IncTick
                0x0000000008005574       0x24 ./Drivers/STM32F1xx_HAL_Driver/Src/stm32f1xx_hal.o
                0x0000000008005574                HAL_IncTick
 .text.HAL_GetTick
                0x0000000008005598       0x14 ./Drivers/STM32F1xx_HAL_Driver/Src/stm32f1xx_hal.o
                0x0000000008005598                HAL_GetTick
 .text.HAL_ADC_Init
                0x00000000080055ac      0x1d4 ./Drivers/STM32F1xx_HAL_Driver/Src/stm32f1xx_hal_adc.o
                0x00000000080055ac                HAL_ADC_Init
 .text.HAL_ADC_ConfigChannel
                0x0000000008005780      0x1f0 ./Drivers/STM32F1xx_HAL_Driver/Src/stm32f1xx_hal_adc.o
                0x0000000008005780                HAL_ADC_ConfigChannel
 .text.ADC_ConversionStop_Disable
                0x0000000008005970       0x74 ./Drivers/STM32F1xx_HAL_Driver/Src/stm32f1xx_hal_adc.o
                0x0000000008005970                ADC_ConversionStop_Disable
 .text.NVIC_SetPriorityGrouping
                0x00000000080059e4       0x48 ./Drivers/STM32F1xx_HAL_Driver/Src/stm32f1xx_hal_cortex.o
 .text.NVIC_GetPriorityGrouping
                0x0000000008005a2c       0x1c ./Drivers/STM32F1xx_HAL_Driver/Src/stm32f1xx_hal_cortex.o
 .text.NVIC_EnableIRQ
                0x0000000008005a48       0x30 ./Drivers/STM32F1xx_HAL_Driver/Src/stm32f1xx_hal_cortex.o
 .text.NVIC_SetPriority
                0x0000000008005a78       0x54 ./Drivers/STM32F1xx_HAL_Driver/Src/stm32f1xx_hal_cortex.o
 .text.NVIC_EncodePriority
                0x0000000008005acc       0x64 ./Drivers/STM32F1xx_HAL_Driver/Src/stm32f1xx_hal_cortex.o
 .text.SysTick_Config
                0x0000000008005b30       0x44 ./Drivers/STM32F1xx_HAL_Driver/Src/stm32f1xx_hal_cortex.o
 .text.HAL_NVIC_SetPriorityGrouping
                0x0000000008005b74       0x16 ./Drivers/STM32F1xx_HAL_Driver/Src/stm32f1xx_hal_cortex.o
                0x0000000008005b74                HAL_NVIC_SetPriorityGrouping
 .text.HAL_NVIC_SetPriority
                0x0000000008005b8a       0x38 ./Drivers/STM32F1xx_HAL_Driver/Src/stm32f1xx_hal_cortex.o
                0x0000000008005b8a                HAL_NVIC_SetPriority
 .text.HAL_NVIC_EnableIRQ
                0x0000000008005bc2       0x1c ./Drivers/STM32F1xx_HAL_Driver/Src/stm32f1xx_hal_cortex.o
                0x0000000008005bc2                HAL_NVIC_EnableIRQ
 .text.HAL_SYSTICK_Config
                0x0000000008005bde       0x18 ./Drivers/STM32F1xx_HAL_Driver/Src/stm32f1xx_hal_cortex.o
                0x0000000008005bde                HAL_SYSTICK_Config
 *fill*         0x0000000008005bf6        0x2 
 .text.HAL_DMA_Abort_IT
                0x0000000008005bf8      0x210 ./Drivers/STM32F1xx_HAL_Driver/Src/stm32f1xx_hal_dma.o
                0x0000000008005bf8                HAL_DMA_Abort_IT
 .text.HAL_GPIO_Init
                0x0000000008005e08      0x330 ./Drivers/STM32F1xx_HAL_Driver/Src/stm32f1xx_hal_gpio.o
                0x0000000008005e08                HAL_GPIO_Init
 .text.HAL_GPIO_ReadPin
                0x0000000008006138       0x2e ./Drivers/STM32F1xx_HAL_Driver/Src/stm32f1xx_hal_gpio.o
                0x0000000008006138                HAL_GPIO_ReadPin
 .text.HAL_GPIO_WritePin
                0x0000000008006166       0x30 ./Drivers/STM32F1xx_HAL_Driver/Src/stm32f1xx_hal_gpio.o
                0x0000000008006166                HAL_GPIO_WritePin
 *fill*         0x0000000008006196        0x2 
 .text.HAL_GPIO_EXTI_IRQHandler
                0x0000000008006198       0x30 ./Drivers/STM32F1xx_HAL_Driver/Src/stm32f1xx_hal_gpio.o
                0x0000000008006198                HAL_GPIO_EXTI_IRQHandler
 .text.HAL_GPIO_EXTI_Callback
                0x00000000080061c8       0x14 ./Drivers/STM32F1xx_HAL_Driver/Src/stm32f1xx_hal_gpio.o
                0x00000000080061c8                HAL_GPIO_EXTI_Callback
 .text.HAL_RCC_OscConfig
                0x00000000080061dc      0x4c8 ./Drivers/STM32F1xx_HAL_Driver/Src/stm32f1xx_hal_rcc.o
                0x00000000080061dc                HAL_RCC_OscConfig
 .text.HAL_RCC_ClockConfig
                0x00000000080066a4      0x218 ./Drivers/STM32F1xx_HAL_Driver/Src/stm32f1xx_hal_rcc.o
                0x00000000080066a4                HAL_RCC_ClockConfig
 .text.HAL_RCC_GetSysClockFreq
                0x00000000080068bc       0xbc ./Drivers/STM32F1xx_HAL_Driver/Src/stm32f1xx_hal_rcc.o
                0x00000000080068bc                HAL_RCC_GetSysClockFreq
 .text.HAL_RCC_GetHCLKFreq
                0x0000000008006978       0x14 ./Drivers/STM32F1xx_HAL_Driver/Src/stm32f1xx_hal_rcc.o
                0x0000000008006978                HAL_RCC_GetHCLKFreq
 .text.HAL_RCC_GetPCLK1Freq
                0x000000000800698c       0x28 ./Drivers/STM32F1xx_HAL_Driver/Src/stm32f1xx_hal_rcc.o
                0x000000000800698c                HAL_RCC_GetPCLK1Freq
 .text.HAL_RCC_GetPCLK2Freq
                0x00000000080069b4       0x28 ./Drivers/STM32F1xx_HAL_Driver/Src/stm32f1xx_hal_rcc.o
                0x00000000080069b4                HAL_RCC_GetPCLK2Freq
 .text.RCC_Delay
                0x00000000080069dc       0x40 ./Drivers/STM32F1xx_HAL_Driver/Src/stm32f1xx_hal_rcc.o
 .text.HAL_RCCEx_PeriphCLKConfig
                0x0000000008006a1c      0x16c ./Drivers/STM32F1xx_HAL_Driver/Src/stm32f1xx_hal_rcc_ex.o
                0x0000000008006a1c                HAL_RCCEx_PeriphCLKConfig
 .text.HAL_SRAM_Init
                0x0000000008006b88       0x88 ./Drivers/STM32F1xx_HAL_Driver/Src/stm32f1xx_hal_sram.o
                0x0000000008006b88                HAL_SRAM_Init
 .text.HAL_TIM_Base_Init
                0x0000000008006c10       0x56 ./Drivers/STM32F1xx_HAL_Driver/Src/stm32f1xx_hal_tim.o
                0x0000000008006c10                HAL_TIM_Base_Init
 .text.HAL_TIM_Base_Start
                0x0000000008006c66       0x34 ./Drivers/STM32F1xx_HAL_Driver/Src/stm32f1xx_hal_tim.o
                0x0000000008006c66                HAL_TIM_Base_Start
 .text.HAL_TIM_Base_Stop
                0x0000000008006c9a       0x54 ./Drivers/STM32F1xx_HAL_Driver/Src/stm32f1xx_hal_tim.o
                0x0000000008006c9a                HAL_TIM_Base_Stop
 .text.HAL_TIM_Base_Start_IT
                0x0000000008006cee       0x34 ./Drivers/STM32F1xx_HAL_Driver/Src/stm32f1xx_hal_tim.o
                0x0000000008006cee                HAL_TIM_Base_Start_IT
 .text.HAL_TIM_Base_Stop_IT
                0x0000000008006d22       0x54 ./Drivers/STM32F1xx_HAL_Driver/Src/stm32f1xx_hal_tim.o
                0x0000000008006d22                HAL_TIM_Base_Stop_IT
 .text.HAL_TIM_PWM_Init
                0x0000000008006d76       0x56 ./Drivers/STM32F1xx_HAL_Driver/Src/stm32f1xx_hal_tim.o
                0x0000000008006d76                HAL_TIM_PWM_Init
 .text.HAL_TIM_PWM_MspInit
                0x0000000008006dcc       0x12 ./Drivers/STM32F1xx_HAL_Driver/Src/stm32f1xx_hal_tim.o
                0x0000000008006dcc                HAL_TIM_PWM_MspInit
 .text.HAL_TIM_IRQHandler
                0x0000000008006dde      0x210 ./Drivers/STM32F1xx_HAL_Driver/Src/stm32f1xx_hal_tim.o
                0x0000000008006dde                HAL_TIM_IRQHandler
 *fill*         0x0000000008006fee        0x2 
 .text.HAL_TIM_PWM_ConfigChannel
                0x0000000008006ff0      0x18c ./Drivers/STM32F1xx_HAL_Driver/Src/stm32f1xx_hal_tim.o
                0x0000000008006ff0                HAL_TIM_PWM_ConfigChannel
 .text.HAL_TIM_ConfigClockSource
                0x000000000800717c      0x1d6 ./Drivers/STM32F1xx_HAL_Driver/Src/stm32f1xx_hal_tim.o
                0x000000000800717c                HAL_TIM_ConfigClockSource
 .text.HAL_TIM_PeriodElapsedCallback
                0x0000000008007352       0x12 ./Drivers/STM32F1xx_HAL_Driver/Src/stm32f1xx_hal_tim.o
                0x0000000008007352                HAL_TIM_PeriodElapsedCallback
 .text.HAL_TIM_OC_DelayElapsedCallback
                0x0000000008007364       0x12 ./Drivers/STM32F1xx_HAL_Driver/Src/stm32f1xx_hal_tim.o
                0x0000000008007364                HAL_TIM_OC_DelayElapsedCallback
 .text.HAL_TIM_IC_CaptureCallback
                0x0000000008007376       0x12 ./Drivers/STM32F1xx_HAL_Driver/Src/stm32f1xx_hal_tim.o
                0x0000000008007376                HAL_TIM_IC_CaptureCallback
 .text.HAL_TIM_PWM_PulseFinishedCallback
                0x0000000008007388       0x12 ./Drivers/STM32F1xx_HAL_Driver/Src/stm32f1xx_hal_tim.o
                0x0000000008007388                HAL_TIM_PWM_PulseFinishedCallback
 .text.HAL_TIM_TriggerCallback
                0x000000000800739a       0x12 ./Drivers/STM32F1xx_HAL_Driver/Src/stm32f1xx_hal_tim.o
                0x000000000800739a                HAL_TIM_TriggerCallback
 .text.TIM_Base_SetConfig
                0x00000000080073ac       0xfc ./Drivers/STM32F1xx_HAL_Driver/Src/stm32f1xx_hal_tim.o
                0x00000000080073ac                TIM_Base_SetConfig
 .text.TIM_OC1_SetConfig
                0x00000000080074a8       0xec ./Drivers/STM32F1xx_HAL_Driver/Src/stm32f1xx_hal_tim.o
 .text.TIM_OC2_SetConfig
                0x0000000008007594       0xf4 ./Drivers/STM32F1xx_HAL_Driver/Src/stm32f1xx_hal_tim.o
                0x0000000008007594                TIM_OC2_SetConfig
 .text.TIM_OC3_SetConfig
                0x0000000008007688       0xf4 ./Drivers/STM32F1xx_HAL_Driver/Src/stm32f1xx_hal_tim.o
 .text.TIM_OC4_SetConfig
                0x000000000800777c       0xb4 ./Drivers/STM32F1xx_HAL_Driver/Src/stm32f1xx_hal_tim.o
 .text.TIM_TI1_ConfigInputStage
                0x0000000008007830       0x64 ./Drivers/STM32F1xx_HAL_Driver/Src/stm32f1xx_hal_tim.o
 .text.TIM_TI2_ConfigInputStage
                0x0000000008007894       0x66 ./Drivers/STM32F1xx_HAL_Driver/Src/stm32f1xx_hal_tim.o
 .text.TIM_ITRx_SetConfig
                0x00000000080078fa       0x3e ./Drivers/STM32F1xx_HAL_Driver/Src/stm32f1xx_hal_tim.o
 .text.TIM_ETR_SetConfig
                0x0000000008007938       0x42 ./Drivers/STM32F1xx_HAL_Driver/Src/stm32f1xx_hal_tim.o
 .text.HAL_TIMEx_ConfigBreakDeadTime
                0x000000000800797a       0xb0 ./Drivers/STM32F1xx_HAL_Driver/Src/stm32f1xx_hal_tim_ex.o
                0x000000000800797a                HAL_TIMEx_ConfigBreakDeadTime
 .text.HAL_TIMEx_MasterConfigSynchronization
                0x0000000008007a2a       0x88 ./Drivers/STM32F1xx_HAL_Driver/Src/stm32f1xx_hal_tim_ex.o
                0x0000000008007a2a                HAL_TIMEx_MasterConfigSynchronization
 .text.HAL_TIMEx_CommutationCallback
                0x0000000008007ab2       0x12 ./Drivers/STM32F1xx_HAL_Driver/Src/stm32f1xx_hal_tim_ex.o
                0x0000000008007ab2                HAL_TIMEx_CommutationCallback
 .text.HAL_TIMEx_BreakCallback
                0x0000000008007ac4       0x12 ./Drivers/STM32F1xx_HAL_Driver/Src/stm32f1xx_hal_tim_ex.o
                0x0000000008007ac4                HAL_TIMEx_BreakCallback
 .text.HAL_UART_Init
                0x0000000008007ad6       0x9a ./Drivers/STM32F1xx_HAL_Driver/Src/stm32f1xx_hal_uart.o
                0x0000000008007ad6                HAL_UART_Init
 .text.HAL_UART_Transmit
                0x0000000008007b70      0x132 ./Drivers/STM32F1xx_HAL_Driver/Src/stm32f1xx_hal_uart.o
                0x0000000008007b70                HAL_UART_Transmit
 .text.HAL_UART_Receive
                0x0000000008007ca2      0x14c ./Drivers/STM32F1xx_HAL_Driver/Src/stm32f1xx_hal_uart.o
                0x0000000008007ca2                HAL_UART_Receive
 *fill*         0x0000000008007dee        0x2 
 .text.HAL_UART_IRQHandler
                0x0000000008007df0      0x1f4 ./Drivers/STM32F1xx_HAL_Driver/Src/stm32f1xx_hal_uart.o
                0x0000000008007df0                HAL_UART_IRQHandler
 .text.HAL_UART_TxCpltCallback
                0x0000000008007fe4       0x12 ./Drivers/STM32F1xx_HAL_Driver/Src/stm32f1xx_hal_uart.o
                0x0000000008007fe4                HAL_UART_TxCpltCallback
 .text.HAL_UART_RxCpltCallback
                0x0000000008007ff6       0x12 ./Drivers/STM32F1xx_HAL_Driver/Src/stm32f1xx_hal_uart.o
                0x0000000008007ff6                HAL_UART_RxCpltCallback
 .text.HAL_UART_ErrorCallback
                0x0000000008008008       0x12 ./Drivers/STM32F1xx_HAL_Driver/Src/stm32f1xx_hal_uart.o
                0x0000000008008008                HAL_UART_ErrorCallback
 .text.UART_WaitOnFlagUntilTimeout
                0x000000000800801a       0x94 ./Drivers/STM32F1xx_HAL_Driver/Src/stm32f1xx_hal_uart.o
 .text.UART_EndRxTransfer
                0x00000000080080ae       0x3a ./Drivers/STM32F1xx_HAL_Driver/Src/stm32f1xx_hal_uart.o
 .text.UART_DMAAbortOnError
                0x00000000080080e8       0x28 ./Drivers/STM32F1xx_HAL_Driver/Src/stm32f1xx_hal_uart.o
 .text.UART_Transmit_IT
                0x0000000008008110       0xaa ./Drivers/STM32F1xx_HAL_Driver/Src/stm32f1xx_hal_uart.o
 .text.UART_EndTransmit_IT
                0x00000000080081ba       0x30 ./Drivers/STM32F1xx_HAL_Driver/Src/stm32f1xx_hal_uart.o
 .text.UART_Receive_IT
                0x00000000080081ea      0x102 ./Drivers/STM32F1xx_HAL_Driver/Src/stm32f1xx_hal_uart.o
 .text.UART_SetConfig
                0x00000000080082ec      0x230 ./Drivers/STM32F1xx_HAL_Driver/Src/stm32f1xx_hal_uart.o
 .text.FSMC_NORSRAM_Init
                0x000000000800851c      0x100 ./Drivers/STM32F1xx_HAL_Driver/Src/stm32f1xx_ll_fsmc.o
                0x000000000800851c                FSMC_NORSRAM_Init
 .text.FSMC_NORSRAM_Timing_Init
                0x000000000800861c       0x68 ./Drivers/STM32F1xx_HAL_Driver/Src/stm32f1xx_ll_fsmc.o
                0x000000000800861c                FSMC_NORSRAM_Timing_Init
 .text.FSMC_NORSRAM_Extended_Timing_Init
                0x0000000008008684       0x70 ./Drivers/STM32F1xx_HAL_Driver/Src/stm32f1xx_ll_fsmc.o
                0x0000000008008684                FSMC_NORSRAM_Extended_Timing_Init
 .text.__cxa_pure_virtual
                0x00000000080086f4        0x6 /Applications/STM32CubeIDE 2.app/Contents/Eclipse/plugins/com.st.stm32cube.ide.mcu.externaltools.gnu-tools-for-stm32.10.3-2021.10.macos64_1.0.0.202111181127/tools/bin/../lib/gcc/arm-none-eabi/10.3.1/../../../../arm-none-eabi/lib/thumb/v7-m/nofp/libstdc++_nano.a(pure.o)
                0x00000000080086f4                __cxa_pure_virtual
 .text._ZN10__cxxabiv111__terminateEPFvvE
                0x00000000080086fa        0x8 /Applications/STM32CubeIDE 2.app/Contents/Eclipse/plugins/com.st.stm32cube.ide.mcu.externaltools.gnu-tools-for-stm32.10.3-2021.10.macos64_1.0.0.202111181127/tools/bin/../lib/gcc/arm-none-eabi/10.3.1/../../../../arm-none-eabi/lib/thumb/v7-m/nofp/libstdc++_nano.a(eh_terminate.o)
                0x00000000080086fa                __cxxabiv1::__terminate(void (*)())
 *fill*         0x0000000008008702        0x2 
 .text._ZSt13get_terminatev
                0x0000000008008704       0x10 /Applications/STM32CubeIDE 2.app/Contents/Eclipse/plugins/com.st.stm32cube.ide.mcu.externaltools.gnu-tools-for-stm32.10.3-2021.10.macos64_1.0.0.202111181127/tools/bin/../lib/gcc/arm-none-eabi/10.3.1/../../../../arm-none-eabi/lib/thumb/v7-m/nofp/libstdc++_nano.a(eh_terminate.o)
                0x0000000008008704                std::get_terminate()
 .text._ZSt9terminatev
                0x0000000008008714        0xa /Applications/STM32CubeIDE 2.app/Contents/Eclipse/plugins/com.st.stm32cube.ide.mcu.externaltools.gnu-tools-for-stm32.10.3-2021.10.macos64_1.0.0.202111181127/tools/bin/../lib/gcc/arm-none-eabi/10.3.1/../../../../arm-none-eabi/lib/thumb/v7-m/nofp/libstdc++_nano.a(eh_terminate.o)
                0x0000000008008714                std::terminate()
 .text.abort    0x000000000800871e        0xe /Applications/STM32CubeIDE 2.app/Contents/Eclipse/plugins/com.st.stm32cube.ide.mcu.externaltools.gnu-tools-for-stm32.10.3-2021.10.macos64_1.0.0.202111181127/tools/bin/../lib/gcc/arm-none-eabi/10.3.1/../../../../arm-none-eabi/lib/thumb/v7-m/nofp/libc_nano.a(lib_a-abort.o)
                0x000000000800871e                abort
 .text.__errno  0x000000000800872c        0xc /Applications/STM32CubeIDE 2.app/Contents/Eclipse/plugins/com.st.stm32cube.ide.mcu.externaltools.gnu-tools-for-stm32.10.3-2021.10.macos64_1.0.0.202111181127/tools/bin/../lib/gcc/arm-none-eabi/10.3.1/../../../../arm-none-eabi/lib/thumb/v7-m/nofp/libc_nano.a(lib_a-errno.o)
                0x000000000800872c                __errno
 .text.__libc_init_array
                0x0000000008008738       0x48 /Applications/STM32CubeIDE 2.app/Contents/Eclipse/plugins/com.st.stm32cube.ide.mcu.externaltools.gnu-tools-for-stm32.10.3-2021.10.macos64_1.0.0.202111181127/tools/bin/../lib/gcc/arm-none-eabi/10.3.1/../../../../arm-none-eabi/lib/thumb/v7-m/nofp/libc_nano.a(lib_a-init.o)
                0x0000000008008738                __libc_init_array
 .text.memset   0x0000000008008780       0x10 /Applications/STM32CubeIDE 2.app/Contents/Eclipse/plugins/com.st.stm32cube.ide.mcu.externaltools.gnu-tools-for-stm32.10.3-2021.10.macos64_1.0.0.202111181127/tools/bin/../lib/gcc/arm-none-eabi/10.3.1/../../../../arm-none-eabi/lib/thumb/v7-m/nofp/libc_nano.a(lib_a-memset.o)
                0x0000000008008780                memset
 .text._raise_r
                0x0000000008008790       0x50 /Applications/STM32CubeIDE 2.app/Contents/Eclipse/plugins/com.st.stm32cube.ide.mcu.externaltools.gnu-tools-for-stm32.10.3-2021.10.macos64_1.0.0.202111181127/tools/bin/../lib/gcc/arm-none-eabi/10.3.1/../../../../arm-none-eabi/lib/thumb/v7-m/nofp/libc_nano.a(lib_a-signal.o)
                0x0000000008008790                _raise_r
 .text.raise    0x00000000080087e0       0x10 /Applications/STM32CubeIDE 2.app/Contents/Eclipse/plugins/com.st.stm32cube.ide.mcu.externaltools.gnu-tools-for-stm32.10.3-2021.10.macos64_1.0.0.202111181127/tools/bin/../lib/gcc/arm-none-eabi/10.3.1/../../../../arm-none-eabi/lib/thumb/v7-m/nofp/libc_nano.a(lib_a-signal.o)
                0x00000000080087e0                raise
 .text._kill_r  0x00000000080087f0       0x24 /Applications/STM32CubeIDE 2.app/Contents/Eclipse/plugins/com.st.stm32cube.ide.mcu.externaltools.gnu-tools-for-stm32.10.3-2021.10.macos64_1.0.0.202111181127/tools/bin/../lib/gcc/arm-none-eabi/10.3.1/../../../../arm-none-eabi/lib/thumb/v7-m/nofp/libc_nano.a(lib_a-signalr.o)
                0x00000000080087f0                _kill_r
 .text._getpid_r
                0x0000000008008814        0x4 /Applications/STM32CubeIDE 2.app/Contents/Eclipse/plugins/com.st.stm32cube.ide.mcu.externaltools.gnu-tools-for-stm32.10.3-2021.10.macos64_1.0.0.202111181127/tools/bin/../lib/gcc/arm-none-eabi/10.3.1/../../../../arm-none-eabi/lib/thumb/v7-m/nofp/libc_nano.a(lib_a-signalr.o)
                0x0000000008008814                _getpid_r
 .text.sprintf  0x0000000008008818       0x40 /Applications/STM32CubeIDE 2.app/Contents/Eclipse/plugins/com.st.stm32cube.ide.mcu.externaltools.gnu-tools-for-stm32.10.3-2021.10.macos64_1.0.0.202111181127/tools/bin/../lib/gcc/arm-none-eabi/10.3.1/../../../../arm-none-eabi/lib/thumb/v7-m/nofp/libc_nano.a(lib_a-sprintf.o)
                0x0000000008008818                sprintf
                0x0000000008008818                siprintf
 .text.strcat   0x0000000008008858       0x1e /Applications/STM32CubeIDE 2.app/Contents/Eclipse/plugins/com.st.stm32cube.ide.mcu.externaltools.gnu-tools-for-stm32.10.3-2021.10.macos64_1.0.0.202111181127/tools/bin/../lib/gcc/arm-none-eabi/10.3.1/../../../../arm-none-eabi/lib/thumb/v7-m/nofp/libc_nano.a(lib_a-strcat.o)
                0x0000000008008858                strcat
 .text.strcpy   0x0000000008008876       0x10 /Applications/STM32CubeIDE 2.app/Contents/Eclipse/plugins/com.st.stm32cube.ide.mcu.externaltools.gnu-tools-for-stm32.10.3-2021.10.macos64_1.0.0.202111181127/tools/bin/../lib/gcc/arm-none-eabi/10.3.1/../../../../arm-none-eabi/lib/thumb/v7-m/nofp/libc_nano.a(lib_a-strcpy.o)
                0x0000000008008876                strcpy
 *fill*         0x0000000008008886        0x2 
 .text.sbrk_aligned
                0x0000000008008888       0x40 /Applications/STM32CubeIDE 2.app/Contents/Eclipse/plugins/com.st.stm32cube.ide.mcu.externaltools.gnu-tools-for-stm32.10.3-2021.10.macos64_1.0.0.202111181127/tools/bin/../lib/gcc/arm-none-eabi/10.3.1/../../../../arm-none-eabi/lib/thumb/v7-m/nofp/libc_nano.a(lib_a-nano-mallocr.o)
 .text._malloc_r
                0x00000000080088c8       0xe8 /Applications/STM32CubeIDE 2.app/Contents/Eclipse/plugins/com.st.stm32cube.ide.mcu.externaltools.gnu-tools-for-stm32.10.3-2021.10.macos64_1.0.0.202111181127/tools/bin/../lib/gcc/arm-none-eabi/10.3.1/../../../../arm-none-eabi/lib/thumb/v7-m/nofp/libc_nano.a(lib_a-nano-mallocr.o)
                0x00000000080088c8                _malloc_r
 .text.__ssputs_r
                0x00000000080089b0       0xb6 /Applications/STM32CubeIDE 2.app/Contents/Eclipse/plugins/com.st.stm32cube.ide.mcu.externaltools.gnu-tools-for-stm32.10.3-2021.10.macos64_1.0.0.202111181127/tools/bin/../lib/gcc/arm-none-eabi/10.3.1/../../../../arm-none-eabi/lib/thumb/v7-m/nofp/libc_nano.a(lib_a-nano-svfprintf.o)
                0x00000000080089b0                __ssputs_r
 *fill*         0x0000000008008a66        0x2 
 .text._svfprintf_r
                0x0000000008008a68      0x200 /Applications/STM32CubeIDE 2.app/Contents/Eclipse/plugins/com.st.stm32cube.ide.mcu.externaltools.gnu-tools-for-stm32.10.3-2021.10.macos64_1.0.0.202111181127/tools/bin/../lib/gcc/arm-none-eabi/10.3.1/../../../../arm-none-eabi/lib/thumb/v7-m/nofp/libc_nano.a(lib_a-nano-svfprintf.o)
                0x0000000008008a68                _svfprintf_r
                0x0000000008008a68                _svfiprintf_r
 .text._printf_common
                0x0000000008008c68       0xde /Applications/STM32CubeIDE 2.app/Contents/Eclipse/plugins/com.st.stm32cube.ide.mcu.externaltools.gnu-tools-for-stm32.10.3-2021.10.macos64_1.0.0.202111181127/tools/bin/../lib/gcc/arm-none-eabi/10.3.1/../../../../arm-none-eabi/lib/thumb/v7-m/nofp/libc_nano.a(lib_a-nano-vfprintf_i.o)
                0x0000000008008c68                _printf_common
 *fill*         0x0000000008008d46        0x2 
 .text._printf_i
                0x0000000008008d48      0x24c /Applications/STM32CubeIDE 2.app/Contents/Eclipse/plugins/com.st.stm32cube.ide.mcu.externaltools.gnu-tools-for-stm32.10.3-2021.10.macos64_1.0.0.202111181127/tools/bin/../lib/gcc/arm-none-eabi/10.3.1/../../../../arm-none-eabi/lib/thumb/v7-m/nofp/libc_nano.a(lib_a-nano-vfprintf_i.o)
                0x0000000008008d48                _printf_i
 .text._sbrk_r  0x0000000008008f94       0x20 /Applications/STM32CubeIDE 2.app/Contents/Eclipse/plugins/com.st.stm32cube.ide.mcu.externaltools.gnu-tools-for-stm32.10.3-2021.10.macos64_1.0.0.202111181127/tools/bin/../lib/gcc/arm-none-eabi/10.3.1/../../../../arm-none-eabi/lib/thumb/v7-m/nofp/libc_nano.a(lib_a-sbrkr.o)
                0x0000000008008f94                _sbrk_r
 .text.memchr   0x0000000008008fb4       0x1c /Applications/STM32CubeIDE 2.app/Contents/Eclipse/plugins/com.st.stm32cube.ide.mcu.externaltools.gnu-tools-for-stm32.10.3-2021.10.macos64_1.0.0.202111181127/tools/bin/../lib/gcc/arm-none-eabi/10.3.1/../../../../arm-none-eabi/lib/thumb/v7-m/nofp/libc_nano.a(lib_a-memchr-stub.o)
                0x0000000008008fb4                memchr
 .text.memcpy   0x0000000008008fd0       0x1c /Applications/STM32CubeIDE 2.app/Contents/Eclipse/plugins/com.st.stm32cube.ide.mcu.externaltools.gnu-tools-for-stm32.10.3-2021.10.macos64_1.0.0.202111181127/tools/bin/../lib/gcc/arm-none-eabi/10.3.1/../../../../arm-none-eabi/lib/thumb/v7-m/nofp/libc_nano.a(lib_a-memcpy-stub.o)
                0x0000000008008fd0                memcpy
 .text.memmove  0x0000000008008fec       0x34 /Applications/STM32CubeIDE 2.app/Contents/Eclipse/plugins/com.st.stm32cube.ide.mcu.externaltools.gnu-tools-for-stm32.10.3-2021.10.macos64_1.0.0.202111181127/tools/bin/../lib/gcc/arm-none-eabi/10.3.1/../../../../arm-none-eabi/lib/thumb/v7-m/nofp/libc_nano.a(lib_a-memmove.o)
                0x0000000008008fec                memmove
 .text.__malloc_lock
                0x0000000008009020        0xc /Applications/STM32CubeIDE 2.app/Contents/Eclipse/plugins/com.st.stm32cube.ide.mcu.externaltools.gnu-tools-for-stm32.10.3-2021.10.macos64_1.0.0.202111181127/tools/bin/../lib/gcc/arm-none-eabi/10.3.1/../../../../arm-none-eabi/lib/thumb/v7-m/nofp/libc_nano.a(lib_a-mlock.o)
                0x0000000008009020                __malloc_lock
 .text.__malloc_unlock
                0x000000000800902c        0xc /Applications/STM32CubeIDE 2.app/Contents/Eclipse/plugins/com.st.stm32cube.ide.mcu.externaltools.gnu-tools-for-stm32.10.3-2021.10.macos64_1.0.0.202111181127/tools/bin/../lib/gcc/arm-none-eabi/10.3.1/../../../../arm-none-eabi/lib/thumb/v7-m/nofp/libc_nano.a(lib_a-mlock.o)
                0x000000000800902c                __malloc_unlock
 .text._free_r  0x0000000008009038       0x90 /Applications/STM32CubeIDE 2.app/Contents/Eclipse/plugins/com.st.stm32cube.ide.mcu.externaltools.gnu-tools-for-stm32.10.3-2021.10.macos64_1.0.0.202111181127/tools/bin/../lib/gcc/arm-none-eabi/10.3.1/../../../../arm-none-eabi/lib/thumb/v7-m/nofp/libc_nano.a(lib_a-nano-freer.o)
                0x0000000008009038                _free_r
 .text._realloc_r
                0x00000000080090c8       0x5e /Applications/STM32CubeIDE 2.app/Contents/Eclipse/plugins/com.st.stm32cube.ide.mcu.externaltools.gnu-tools-for-stm32.10.3-2021.10.macos64_1.0.0.202111181127/tools/bin/../lib/gcc/arm-none-eabi/10.3.1/../../../../arm-none-eabi/lib/thumb/v7-m/nofp/libc_nano.a(lib_a-nano-reallocr.o)
                0x00000000080090c8                _realloc_r
 .text.__retarget_lock_acquire_recursive
                0x0000000008009126        0x2 /Applications/STM32CubeIDE 2.app/Contents/Eclipse/plugins/com.st.stm32cube.ide.mcu.externaltools.gnu-tools-for-stm32.10.3-2021.10.macos64_1.0.0.202111181127/tools/bin/../lib/gcc/arm-none-eabi/10.3.1/../../../../arm-none-eabi/lib/thumb/v7-m/nofp/libc_nano.a(lib_a-lock.o)
                0x0000000008009126                __retarget_lock_acquire_recursive
 .text.__retarget_lock_release_recursive
                0x0000000008009128        0x2 /Applications/STM32CubeIDE 2.app/Contents/Eclipse/plugins/com.st.stm32cube.ide.mcu.externaltools.gnu-tools-for-stm32.10.3-2021.10.macos64_1.0.0.202111181127/tools/bin/../lib/gcc/arm-none-eabi/10.3.1/../../../../arm-none-eabi/lib/thumb/v7-m/nofp/libc_nano.a(lib_a-lock.o)
                0x0000000008009128                __retarget_lock_release_recursive
 .text._malloc_usable_size_r
                0x000000000800912a       0x10 /Applications/STM32CubeIDE 2.app/Contents/Eclipse/plugins/com.st.stm32cube.ide.mcu.externaltools.gnu-tools-for-stm32.10.3-2021.10.macos64_1.0.0.202111181127/tools/bin/../lib/gcc/arm-none-eabi/10.3.1/../../../../arm-none-eabi/lib/thumb/v7-m/nofp/libc_nano.a(lib_a-nano-msizer.o)
                0x000000000800912a                _malloc_usable_size_r
 *(.glue_7)
 .glue_7        0x000000000800913a        0x0 linker stubs
 *(.glue_7t)
 .glue_7t       0x000000000800913a        0x0 linker stubs
 *(.eh_frame)
 *fill*         0x000000000800913a        0x2 
 .eh_frame      0x000000000800913c        0x0 /Applications/STM32CubeIDE 2.app/Contents/Eclipse/plugins/com.st.stm32cube.ide.mcu.externaltools.gnu-tools-for-stm32.10.3-2021.10.macos64_1.0.0.202111181127/tools/bin/../lib/gcc/arm-none-eabi/10.3.1/thumb/v7-m/nofp/crtbegin.o
 *(.init)
 .init          0x000000000800913c        0x4 /Applications/STM32CubeIDE 2.app/Contents/Eclipse/plugins/com.st.stm32cube.ide.mcu.externaltools.gnu-tools-for-stm32.10.3-2021.10.macos64_1.0.0.202111181127/tools/bin/../lib/gcc/arm-none-eabi/10.3.1/thumb/v7-m/nofp/crti.o
                0x000000000800913c                _init
 .init          0x0000000008009140        0x8 /Applications/STM32CubeIDE 2.app/Contents/Eclipse/plugins/com.st.stm32cube.ide.mcu.externaltools.gnu-tools-for-stm32.10.3-2021.10.macos64_1.0.0.202111181127/tools/bin/../lib/gcc/arm-none-eabi/10.3.1/thumb/v7-m/nofp/crtn.o
 *(.fini)
 .fini          0x0000000008009148        0x4 /Applications/STM32CubeIDE 2.app/Contents/Eclipse/plugins/com.st.stm32cube.ide.mcu.externaltools.gnu-tools-for-stm32.10.3-2021.10.macos64_1.0.0.202111181127/tools/bin/../lib/gcc/arm-none-eabi/10.3.1/thumb/v7-m/nofp/crti.o
                0x0000000008009148                _fini
 .fini          0x000000000800914c        0x8 /Applications/STM32CubeIDE 2.app/Contents/Eclipse/plugins/com.st.stm32cube.ide.mcu.externaltools.gnu-tools-for-stm32.10.3-2021.10.macos64_1.0.0.202111181127/tools/bin/../lib/gcc/arm-none-eabi/10.3.1/thumb/v7-m/nofp/crtn.o
                0x0000000008009154                . = ALIGN (0x4)
                0x0000000008009154                _etext = .

.vfp11_veneer   0x0000000008009154        0x0
 .vfp11_veneer  0x0000000008009154        0x0 linker stubs

.v4_bx          0x0000000008009154        0x0
 .v4_bx         0x0000000008009154        0x0 linker stubs

.iplt           0x0000000008009154        0x0
 .iplt          0x0000000008009154        0x0 /Applications/STM32CubeIDE 2.app/Contents/Eclipse/plugins/com.st.stm32cube.ide.mcu.externaltools.gnu-tools-for-stm32.10.3-2021.10.macos64_1.0.0.202111181127/tools/bin/../lib/gcc/arm-none-eabi/10.3.1/thumb/v7-m/nofp/crtbegin.o

.rodata         0x0000000008009158      0x764
                0x0000000008009158                . = ALIGN (0x4)
 *(.rodata)
 .rodata        0x0000000008009158        0xb ./Core/Src/EasyUI.o
 *fill*         0x0000000008009163        0x1 
 .rodata        0x0000000008009164       0x41 ./Core/Src/interface.o
 *fill*         0x00000000080091a5        0x3 
 .rodata        0x00000000080091a8       0x18 ./Core/Src/printf.o
 .rodata        0x00000000080091c0       0x19 ./Core/Src/utils.o
 *fill*         0x00000000080091d9        0x3 
 .rodata        0x00000000080091dc       0x10 ./Drivers/STM32F1xx_HAL_Driver/Src/stm32f1xx_hal_rcc.o
 *(.rodata*)
 .rodata._ZTV8TouchPad
                0x00000000080091ec       0x10 ./Core/Src/interface.o
                0x00000000080091ec                vtable for TouchPad
 .rodata._ZTV6Slider
                0x00000000080091fc       0x10 ./Core/Src/interface.o
                0x00000000080091fc                vtable for Slider
 .rodata._ZTV6Button
                0x000000000800920c       0x10 ./Core/Src/interface.o
                0x000000000800920c                vtable for Button
 .rodata._ZTV9UIElement
                0x000000000800921c       0x10 ./Core/Src/interface.o
                0x000000000800921c                vtable for UIElement
 .rodata.ucAscii_1608
                0x000000000800922c      0x5f0 ./Core/Src/lcdtp.o
                0x000000000800922c                ucAscii_1608
 *fill*         0x000000000800981c        0x4 
 .rodata.pow10.0
                0x0000000008009820       0x50 ./Core/Src/printf.o
 .rodata.AHBPrescTable
                0x0000000008009870       0x10 ./Core/Src/system_stm32f1xx.o
                0x0000000008009870                AHBPrescTable
 .rodata.APBPrescTable
                0x0000000008009880        0x8 ./Core/Src/system_stm32f1xx.o
                0x0000000008009880                APBPrescTable
 .rodata._svfprintf_r.str1.1
                0x0000000008009888       0x11 /Applications/STM32CubeIDE 2.app/Contents/Eclipse/plugins/com.st.stm32cube.ide.mcu.externaltools.gnu-tools-for-stm32.10.3-2021.10.macos64_1.0.0.202111181127/tools/bin/../lib/gcc/arm-none-eabi/10.3.1/../../../../arm-none-eabi/lib/thumb/v7-m/nofp/libc_nano.a(lib_a-nano-svfprintf.o)
 .rodata._printf_i.str1.1
                0x0000000008009899       0x22 /Applications/STM32CubeIDE 2.app/Contents/Eclipse/plugins/com.st.stm32cube.ide.mcu.externaltools.gnu-tools-for-stm32.10.3-2021.10.macos64_1.0.0.202111181127/tools/bin/../lib/gcc/arm-none-eabi/10.3.1/../../../../arm-none-eabi/lib/thumb/v7-m/nofp/libc_nano.a(lib_a-nano-vfprintf_i.o)
                0x00000000080098bc                . = ALIGN (0x4)
 *fill*         0x00000000080098bb        0x1 

.ARM.extab      0x00000000080098bc        0x0
                0x00000000080098bc                . = ALIGN (0x4)
 *(.ARM.extab* .gnu.linkonce.armextab.*)
                0x00000000080098bc                . = ALIGN (0x4)

.ARM            0x00000000080098bc        0x8
                0x00000000080098bc                . = ALIGN (0x4)
                0x00000000080098bc                __exidx_start = .
 *(.ARM.exidx*)
 .ARM.exidx     0x00000000080098bc        0x8 /Applications/STM32CubeIDE 2.app/Contents/Eclipse/plugins/com.st.stm32cube.ide.mcu.externaltools.gnu-tools-for-stm32.10.3-2021.10.macos64_1.0.0.202111181127/tools/bin/../lib/gcc/arm-none-eabi/10.3.1/thumb/v7-m/nofp/libgcc.a(_udivmoddi4.o)
                0x00000000080098c4                __exidx_end = .
                0x00000000080098c4                . = ALIGN (0x4)

.rel.dyn        0x00000000080098c4        0x0
 .rel.iplt      0x00000000080098c4        0x0 /Applications/STM32CubeIDE 2.app/Contents/Eclipse/plugins/com.st.stm32cube.ide.mcu.externaltools.gnu-tools-for-stm32.10.3-2021.10.macos64_1.0.0.202111181127/tools/bin/../lib/gcc/arm-none-eabi/10.3.1/thumb/v7-m/nofp/crtbegin.o

.preinit_array  0x00000000080098c4        0x0
                0x00000000080098c4                . = ALIGN (0x4)
                0x00000000080098c4                PROVIDE (__preinit_array_start = .)
 *(.preinit_array*)
                0x00000000080098c4                PROVIDE (__preinit_array_end = .)
                0x00000000080098c4                . = ALIGN (0x4)

.init_array     0x00000000080098c4        0x8
                0x00000000080098c4                . = ALIGN (0x4)
                0x00000000080098c4                PROVIDE (__init_array_start = .)
 *(SORT_BY_NAME(.init_array.*))
 *(.init_array*)
 .init_array    0x00000000080098c4        0x4 /Applications/STM32CubeIDE 2.app/Contents/Eclipse/plugins/com.st.stm32cube.ide.mcu.externaltools.gnu-tools-for-stm32.10.3-2021.10.macos64_1.0.0.202111181127/tools/bin/../lib/gcc/arm-none-eabi/10.3.1/thumb/v7-m/nofp/crtbegin.o
 .init_array    0x00000000080098c8        0x4 ./Core/Src/interface.o
                0x00000000080098cc                PROVIDE (__init_array_end = .)
                0x00000000080098cc                . = ALIGN (0x4)

.fini_array     0x00000000080098cc        0x4
                0x00000000080098cc                . = ALIGN (0x4)
                [!provide]                        PROVIDE (__fini_array_start = .)
 *(SORT_BY_NAME(.fini_array.*))
 *(.fini_array*)
 .fini_array    0x00000000080098cc        0x4 /Applications/STM32CubeIDE 2.app/Contents/Eclipse/plugins/com.st.stm32cube.ide.mcu.externaltools.gnu-tools-for-stm32.10.3-2021.10.macos64_1.0.0.202111181127/tools/bin/../lib/gcc/arm-none-eabi/10.3.1/thumb/v7-m/nofp/crtbegin.o
                [!provide]                        PROVIDE (__fini_array_end = .)
                0x00000000080098d0                . = ALIGN (0x4)
                0x00000000080098d0                _sidata = LOADADDR (.data)

.data           0x0000000020000000       0xa8 load address 0x00000000080098d0
                0x0000000020000000                . = ALIGN (0x4)
                0x0000000020000000                _sdata = .
 *(.data)
 *(.data*)
 .data.DHT11_SCHEDULE_FLAG
                0x0000000020000000        0x1 ./Core/Src/main.o
                0x0000000020000000                DHT11_SCHEDULE_FLAG
 *fill*         0x0000000020000001        0x3 
 .data.SystemCoreClock
                0x0000000020000004        0x4 ./Core/Src/system_stm32f1xx.o
                0x0000000020000004                SystemCoreClock
 .data.strXPT2046_TouchPara
                0x0000000020000008       0x30 ./Core/Src/xpt2046.o
                0x0000000020000008                strXPT2046_TouchPara
 .data.uwTickPrio
                0x0000000020000038        0x4 ./Drivers/STM32F1xx_HAL_Driver/Src/stm32f1xx_hal.o
                0x0000000020000038                uwTickPrio
 .data.uwTickFreq
                0x000000002000003c        0x1 ./Drivers/STM32F1xx_HAL_Driver/Src/stm32f1xx_hal.o
                0x000000002000003c                uwTickFreq
 *fill*         0x000000002000003d        0x3 
 .data._ZN10__cxxabiv119__terminate_handlerE
                0x0000000020000040        0x4 /Applications/STM32CubeIDE 2.app/Contents/Eclipse/plugins/com.st.stm32cube.ide.mcu.externaltools.gnu-tools-for-stm32.10.3-2021.10.macos64_1.0.0.202111181127/tools/bin/../lib/gcc/arm-none-eabi/10.3.1/../../../../arm-none-eabi/lib/thumb/v7-m/nofp/libstdc++_nano.a(eh_term_handler.o)
                0x0000000020000040                __cxxabiv1::__terminate_handler
 .data._impure_ptr
                0x0000000020000044        0x4 /Applications/STM32CubeIDE 2.app/Contents/Eclipse/plugins/com.st.stm32cube.ide.mcu.externaltools.gnu-tools-for-stm32.10.3-2021.10.macos64_1.0.0.202111181127/tools/bin/../lib/gcc/arm-none-eabi/10.3.1/../../../../arm-none-eabi/lib/thumb/v7-m/nofp/libc_nano.a(lib_a-impure.o)
                0x0000000020000044                _impure_ptr
 .data.impure_data
                0x0000000020000048       0x60 /Applications/STM32CubeIDE 2.app/Contents/Eclipse/plugins/com.st.stm32cube.ide.mcu.externaltools.gnu-tools-for-stm32.10.3-2021.10.macos64_1.0.0.202111181127/tools/bin/../lib/gcc/arm-none-eabi/10.3.1/../../../../arm-none-eabi/lib/thumb/v7-m/nofp/libc_nano.a(lib_a-impure.o)
 *(.RamFunc)
 *(.RamFunc*)
                0x00000000200000a8                . = ALIGN (0x4)
                0x00000000200000a8                _edata = .

.igot.plt       0x00000000200000a8        0x0 load address 0x0000000008009978
 .igot.plt      0x00000000200000a8        0x0 /Applications/STM32CubeIDE 2.app/Contents/Eclipse/plugins/com.st.stm32cube.ide.mcu.externaltools.gnu-tools-for-stm32.10.3-2021.10.macos64_1.0.0.202111181127/tools/bin/../lib/gcc/arm-none-eabi/10.3.1/thumb/v7-m/nofp/crtbegin.o
                0x00000000200000a8                . = ALIGN (0x4)

.bss            0x00000000200000a8      0x80c load address 0x0000000008009978
                0x00000000200000a8                _sbss = .
                0x00000000200000a8                __bss_start__ = _sbss
 *(.bss)
 .bss           0x00000000200000a8       0x1c /Applications/STM32CubeIDE 2.app/Contents/Eclipse/plugins/com.st.stm32cube.ide.mcu.externaltools.gnu-tools-for-stm32.10.3-2021.10.macos64_1.0.0.202111181127/tools/bin/../lib/gcc/arm-none-eabi/10.3.1/thumb/v7-m/nofp/crtbegin.o
 *(.bss*)
 .bss._ZN9UIElement11allElementsE
                0x00000000200000c4       0x80 ./Core/Src/EasyUI.o
                0x00000000200000c4                UIElement::allElements
 .bss._ZN9UIElement10elementNumE
                0x0000000020000144        0x1 ./Core/Src/EasyUI.o
                0x0000000020000144                UIElement::elementNum
 .bss._ZZN9UIElement17updateAllElementsEvE9firstCall
                0x0000000020000145        0x1 ./Core/Src/EasyUI.o
 *fill*         0x0000000020000146        0x2 
 .bss.hadc1     0x0000000020000148       0x30 ./Core/Src/adc.o
                0x0000000020000148                hadc1
 .bss.DebugUartHandle
                0x0000000020000178       0x40 ./Core/Src/bsp_usart.o
                0x0000000020000178                DebugUartHandle
 .bss.WifiUartHandle
                0x00000000200001b8       0x40 ./Core/Src/bsp_usart.o
                0x00000000200001b8                WifiUartHandle
 .bss.hsram1    0x00000000200001f8       0x44 ./Core/Src/fsmc.o
                0x00000000200001f8                hsram1
 .bss.FSMC_Initialized
                0x000000002000023c        0x4 ./Core/Src/fsmc.o
 .bss._ZZN8SERVO42C11receiveUARTEhE4data
                0x0000000020000240       0x10 ./Core/Src/interface.o
                0x0000000020000240                SERVO42C::receiveUART(unsigned char)::data
 .bss.xServo    0x0000000020000250       0x24 ./Core/Src/interface.o
                0x0000000020000250                xServo
 .bss.yServo    0x0000000020000274       0x24 ./Core/Src/interface.o
                0x0000000020000274                yServo
 .bss.zServo    0x0000000020000298       0x24 ./Core/Src/interface.o
                0x0000000020000298                zServo
 .bss.darkmode_toggle
                0x00000000200002bc        0x1 ./Core/Src/lcdtp.o
                0x00000000200002bc                darkmode_toggle
 *fill*         0x00000000200002bd        0x3 
 .bss.Coordinate
                0x00000000200002c0        0x4 ./Core/Src/main.o
                0x00000000200002c0                Coordinate
 .bss.timeout_rb
                0x00000000200002c4        0x2 ./Core/Src/ring_buffer.o
                0x00000000200002c4                timeout_rb
 *fill*         0x00000000200002c6        0x2 
 .bss.tx_buffer
                0x00000000200002c8      0x408 ./Core/Src/ring_buffer.o
                0x00000000200002c8                tx_buffer
 .bss._rx_buffer
                0x00000000200006d0        0x4 ./Core/Src/ring_buffer.o
                0x00000000200006d0                _rx_buffer
 .bss.__sbrk_heap_end
                0x00000000200006d4        0x4 ./Core/Src/sysmem.o
 .bss.htim1     0x00000000200006d8       0x40 ./Core/Src/tim.o
                0x00000000200006d8                htim1
 .bss.htim2     0x0000000020000718       0x40 ./Core/Src/tim.o
                0x0000000020000718                htim2
 .bss.htim3     0x0000000020000758       0x40 ./Core/Src/tim.o
                0x0000000020000758                htim3
 .bss.htim5     0x0000000020000798       0x40 ./Core/Src/tim.o
                0x0000000020000798                htim5
 .bss.timer_left
                0x00000000200007d8        0x1 ./Core/Src/timer.o
                0x00000000200007d8                timer_left
 .bss.start_counting
                0x00000000200007d9        0x1 ./Core/Src/timer.o
                0x00000000200007d9                start_counting
 *fill*         0x00000000200007da        0x2 
 .bss.huart1    0x00000000200007dc       0x40 ./Core/Src/usart.o
                0x00000000200007dc                huart1
 .bss.huart2    0x000000002000081c       0x40 ./Core/Src/usart.o
                0x000000002000081c                huart2
 .bss.huart3    0x000000002000085c       0x40 ./Core/Src/usart.o
                0x000000002000085c                huart3
 .bss.ucXPT2046_TouchFlag
                0x000000002000089c        0x1 ./Core/Src/xpt2046.o
                0x000000002000089c                ucXPT2046_TouchFlag
 *fill*         0x000000002000089d        0x3 
 .bss.uwTick    0x00000000200008a0        0x4 ./Drivers/STM32F1xx_HAL_Driver/Src/stm32f1xx_hal.o
                0x00000000200008a0                uwTick
 .bss.__malloc_free_list
                0x00000000200008a4        0x4 /Applications/STM32CubeIDE 2.app/Contents/Eclipse/plugins/com.st.stm32cube.ide.mcu.externaltools.gnu-tools-for-stm32.10.3-2021.10.macos64_1.0.0.202111181127/tools/bin/../lib/gcc/arm-none-eabi/10.3.1/../../../../arm-none-eabi/lib/thumb/v7-m/nofp/libc_nano.a(lib_a-nano-mallocr.o)
                0x00000000200008a4                __malloc_free_list
 .bss.__malloc_sbrk_start
                0x00000000200008a8        0x4 /Applications/STM32CubeIDE 2.app/Contents/Eclipse/plugins/com.st.stm32cube.ide.mcu.externaltools.gnu-tools-for-stm32.10.3-2021.10.macos64_1.0.0.202111181127/tools/bin/../lib/gcc/arm-none-eabi/10.3.1/../../../../arm-none-eabi/lib/thumb/v7-m/nofp/libc_nano.a(lib_a-nano-mallocr.o)
                0x00000000200008a8                __malloc_sbrk_start
 .bss.errno     0x00000000200008ac        0x4 /Applications/STM32CubeIDE 2.app/Contents/Eclipse/plugins/com.st.stm32cube.ide.mcu.externaltools.gnu-tools-for-stm32.10.3-2021.10.macos64_1.0.0.202111181127/tools/bin/../lib/gcc/arm-none-eabi/10.3.1/../../../../arm-none-eabi/lib/thumb/v7-m/nofp/libc_nano.a(lib_a-reent.o)
                0x00000000200008ac                errno
 .bss.__lock___malloc_recursive_mutex
                0x00000000200008b0        0x1 /Applications/STM32CubeIDE 2.app/Contents/Eclipse/plugins/com.st.stm32cube.ide.mcu.externaltools.gnu-tools-for-stm32.10.3-2021.10.macos64_1.0.0.202111181127/tools/bin/../lib/gcc/arm-none-eabi/10.3.1/../../../../arm-none-eabi/lib/thumb/v7-m/nofp/libc_nano.a(lib_a-lock.o)
                0x00000000200008b0                __lock___malloc_recursive_mutex
 *(COMMON)
                0x00000000200008b4                . = ALIGN (0x4)
 *fill*         0x00000000200008b1        0x3 
                0x00000000200008b4                _ebss = .
                0x00000000200008b4                __bss_end__ = _ebss

._user_heap_stack
                0x00000000200008b4      0x604 load address 0x0000000008009978
                0x00000000200008b8                . = ALIGN (0x8)
 *fill*         0x00000000200008b4        0x4 
                [!provide]                        PROVIDE (end = .)
                0x00000000200008b8                PROVIDE (_end = .)
                0x0000000020000ab8                . = (. + _Min_Heap_Size)
 *fill*         0x00000000200008b8      0x200 
                0x0000000020000eb8                . = (. + _Min_Stack_Size)
 *fill*         0x0000000020000ab8      0x400 
                0x0000000020000eb8                . = ALIGN (0x8)

/DISCARD/
 libc.a(*)
 libm.a(*)
 libgcc.a(*)

.ARM.attributes
                0x0000000000000000       0x29
 *(.ARM.attributes)
 .ARM.attributes
                0x0000000000000000       0x1d /Applications/STM32CubeIDE 2.app/Contents/Eclipse/plugins/com.st.stm32cube.ide.mcu.externaltools.gnu-tools-for-stm32.10.3-2021.10.macos64_1.0.0.202111181127/tools/bin/../lib/gcc/arm-none-eabi/10.3.1/thumb/v7-m/nofp/crti.o
 .ARM.attributes
                0x000000000000001d       0x2d /Applications/STM32CubeIDE 2.app/Contents/Eclipse/plugins/com.st.stm32cube.ide.mcu.externaltools.gnu-tools-for-stm32.10.3-2021.10.macos64_1.0.0.202111181127/tools/bin/../lib/gcc/arm-none-eabi/10.3.1/thumb/v7-m/nofp/crtbegin.o
 .ARM.attributes
                0x000000000000004a       0x2d ./Core/Src/EasyUI.o
 .ARM.attributes
                0x0000000000000077       0x2d ./Core/Src/adc.o
 .ARM.attributes
                0x00000000000000a4       0x2d ./Core/Src/bsp_usart.o
 .ARM.attributes
                0x00000000000000d1       0x2d ./Core/Src/fsmc.o
 .ARM.attributes
                0x00000000000000fe       0x2d ./Core/Src/gpio.o
 .ARM.attributes
                0x000000000000012b       0x2d ./Core/Src/interface.o
 .ARM.attributes
                0x0000000000000158       0x2d ./Core/Src/lcdtp.o
 .ARM.attributes
                0x0000000000000185       0x2d ./Core/Src/main.o
 .ARM.attributes
                0x00000000000001b2       0x2d ./Core/Src/printf.o
 .ARM.attributes
                0x00000000000001df       0x2d ./Core/Src/ring_buffer.o
 .ARM.attributes
                0x000000000000020c       0x2d ./Core/Src/stm32f1xx_hal_msp.o
 .ARM.attributes
                0x0000000000000239       0x2d ./Core/Src/stm32f1xx_it.o
 .ARM.attributes
                0x0000000000000266       0x2d ./Core/Src/syscalls.o
 .ARM.attributes
                0x0000000000000293       0x2d ./Core/Src/sysmem.o
 .ARM.attributes
                0x00000000000002c0       0x2d ./Core/Src/system_stm32f1xx.o
 .ARM.attributes
                0x00000000000002ed       0x2d ./Core/Src/tim.o
 .ARM.attributes
                0x000000000000031a       0x2d ./Core/Src/timer.o
 .ARM.attributes
                0x0000000000000347       0x2d ./Core/Src/usart.o
 .ARM.attributes
                0x0000000000000374       0x2d ./Core/Src/utils.o
 .ARM.attributes
                0x00000000000003a1       0x2d ./Core/Src/xpt2046.o
 .ARM.attributes
                0x00000000000003ce       0x21 ./Core/Startup/startup_stm32f103vetx.o
 .ARM.attributes
                0x00000000000003ef       0x2d ./Drivers/STM32F1xx_HAL_Driver/Src/stm32f1xx_hal.o
 .ARM.attributes
                0x000000000000041c       0x2d ./Drivers/STM32F1xx_HAL_Driver/Src/stm32f1xx_hal_adc.o
 .ARM.attributes
                0x0000000000000449       0x2d ./Drivers/STM32F1xx_HAL_Driver/Src/stm32f1xx_hal_cortex.o
 .ARM.attributes
                0x0000000000000476       0x2d ./Drivers/STM32F1xx_HAL_Driver/Src/stm32f1xx_hal_dma.o
 .ARM.attributes
                0x00000000000004a3       0x2d ./Drivers/STM32F1xx_HAL_Driver/Src/stm32f1xx_hal_gpio.o
 .ARM.attributes
                0x00000000000004d0       0x2d ./Drivers/STM32F1xx_HAL_Driver/Src/stm32f1xx_hal_rcc.o
 .ARM.attributes
                0x00000000000004fd       0x2d ./Drivers/STM32F1xx_HAL_Driver/Src/stm32f1xx_hal_rcc_ex.o
 .ARM.attributes
                0x000000000000052a       0x2d ./Drivers/STM32F1xx_HAL_Driver/Src/stm32f1xx_hal_sram.o
 .ARM.attributes
                0x0000000000000557       0x2d ./Drivers/STM32F1xx_HAL_Driver/Src/stm32f1xx_hal_tim.o
 .ARM.attributes
                0x0000000000000584       0x2d ./Drivers/STM32F1xx_HAL_Driver/Src/stm32f1xx_hal_tim_ex.o
 .ARM.attributes
                0x00000000000005b1       0x2d ./Drivers/STM32F1xx_HAL_Driver/Src/stm32f1xx_hal_uart.o
 .ARM.attributes
                0x00000000000005de       0x2d ./Drivers/STM32F1xx_HAL_Driver/Src/stm32f1xx_ll_fsmc.o
 .ARM.attributes
                0x000000000000060b       0x2d /Applications/STM32CubeIDE 2.app/Contents/Eclipse/plugins/com.st.stm32cube.ide.mcu.externaltools.gnu-tools-for-stm32.10.3-2021.10.macos64_1.0.0.202111181127/tools/bin/../lib/gcc/arm-none-eabi/10.3.1/../../../../arm-none-eabi/lib/thumb/v7-m/nofp/libstdc++_nano.a(pure.o)
 .ARM.attributes
                0x0000000000000638       0x2d /Applications/STM32CubeIDE 2.app/Contents/Eclipse/plugins/com.st.stm32cube.ide.mcu.externaltools.gnu-tools-for-stm32.10.3-2021.10.macos64_1.0.0.202111181127/tools/bin/../lib/gcc/arm-none-eabi/10.3.1/../../../../arm-none-eabi/lib/thumb/v7-m/nofp/libstdc++_nano.a(eh_terminate.o)
 .ARM.attributes
                0x0000000000000665       0x2d /Applications/STM32CubeIDE 2.app/Contents/Eclipse/plugins/com.st.stm32cube.ide.mcu.externaltools.gnu-tools-for-stm32.10.3-2021.10.macos64_1.0.0.202111181127/tools/bin/../lib/gcc/arm-none-eabi/10.3.1/../../../../arm-none-eabi/lib/thumb/v7-m/nofp/libstdc++_nano.a(eh_term_handler.o)
 .ARM.attributes
                0x0000000000000692       0x2d /Applications/STM32CubeIDE 2.app/Contents/Eclipse/plugins/com.st.stm32cube.ide.mcu.externaltools.gnu-tools-for-stm32.10.3-2021.10.macos64_1.0.0.202111181127/tools/bin/../lib/gcc/arm-none-eabi/10.3.1/../../../../arm-none-eabi/lib/thumb/v7-m/nofp/libc_nano.a(lib_a-abort.o)
 .ARM.attributes
                0x00000000000006bf       0x2d /Applications/STM32CubeIDE 2.app/Contents/Eclipse/plugins/com.st.stm32cube.ide.mcu.externaltools.gnu-tools-for-stm32.10.3-2021.10.macos64_1.0.0.202111181127/tools/bin/../lib/gcc/arm-none-eabi/10.3.1/../../../../arm-none-eabi/lib/thumb/v7-m/nofp/libc_nano.a(lib_a-errno.o)
 .ARM.attributes
                0x00000000000006ec       0x2d /Applications/STM32CubeIDE 2.app/Contents/Eclipse/plugins/com.st.stm32cube.ide.mcu.externaltools.gnu-tools-for-stm32.10.3-2021.10.macos64_1.0.0.202111181127/tools/bin/../lib/gcc/arm-none-eabi/10.3.1/../../../../arm-none-eabi/lib/thumb/v7-m/nofp/libc_nano.a(lib_a-impure.o)
 .ARM.attributes
                0x0000000000000719       0x2d /Applications/STM32CubeIDE 2.app/Contents/Eclipse/plugins/com.st.stm32cube.ide.mcu.externaltools.gnu-tools-for-stm32.10.3-2021.10.macos64_1.0.0.202111181127/tools/bin/../lib/gcc/arm-none-eabi/10.3.1/../../../../arm-none-eabi/lib/thumb/v7-m/nofp/libc_nano.a(lib_a-init.o)
 .ARM.attributes
                0x0000000000000746       0x2d /Applications/STM32CubeIDE 2.app/Contents/Eclipse/plugins/com.st.stm32cube.ide.mcu.externaltools.gnu-tools-for-stm32.10.3-2021.10.macos64_1.0.0.202111181127/tools/bin/../lib/gcc/arm-none-eabi/10.3.1/../../../../arm-none-eabi/lib/thumb/v7-m/nofp/libc_nano.a(lib_a-memset.o)
 .ARM.attributes
                0x0000000000000773       0x2d /Applications/STM32CubeIDE 2.app/Contents/Eclipse/plugins/com.st.stm32cube.ide.mcu.externaltools.gnu-tools-for-stm32.10.3-2021.10.macos64_1.0.0.202111181127/tools/bin/../lib/gcc/arm-none-eabi/10.3.1/../../../../arm-none-eabi/lib/thumb/v7-m/nofp/libc_nano.a(lib_a-signal.o)
 .ARM.attributes
                0x00000000000007a0       0x2d /Applications/STM32CubeIDE 2.app/Contents/Eclipse/plugins/com.st.stm32cube.ide.mcu.externaltools.gnu-tools-for-stm32.10.3-2021.10.macos64_1.0.0.202111181127/tools/bin/../lib/gcc/arm-none-eabi/10.3.1/../../../../arm-none-eabi/lib/thumb/v7-m/nofp/libc_nano.a(lib_a-signalr.o)
 .ARM.attributes
                0x00000000000007cd       0x2d /Applications/STM32CubeIDE 2.app/Contents/Eclipse/plugins/com.st.stm32cube.ide.mcu.externaltools.gnu-tools-for-stm32.10.3-2021.10.macos64_1.0.0.202111181127/tools/bin/../lib/gcc/arm-none-eabi/10.3.1/../../../../arm-none-eabi/lib/thumb/v7-m/nofp/libc_nano.a(lib_a-sprintf.o)
 .ARM.attributes
                0x00000000000007fa       0x2d /Applications/STM32CubeIDE 2.app/Contents/Eclipse/plugins/com.st.stm32cube.ide.mcu.externaltools.gnu-tools-for-stm32.10.3-2021.10.macos64_1.0.0.202111181127/tools/bin/../lib/gcc/arm-none-eabi/10.3.1/../../../../arm-none-eabi/lib/thumb/v7-m/nofp/libc_nano.a(lib_a-strcat.o)
 .ARM.attributes
                0x0000000000000827       0x2d /Applications/STM32CubeIDE 2.app/Contents/Eclipse/plugins/com.st.stm32cube.ide.mcu.externaltools.gnu-tools-for-stm32.10.3-2021.10.macos64_1.0.0.202111181127/tools/bin/../lib/gcc/arm-none-eabi/10.3.1/../../../../arm-none-eabi/lib/thumb/v7-m/nofp/libc_nano.a(lib_a-strcpy.o)
 .ARM.attributes
                0x0000000000000854       0x17 /Applications/STM32CubeIDE 2.app/Contents/Eclipse/plugins/com.st.stm32cube.ide.mcu.externaltools.gnu-tools-for-stm32.10.3-2021.10.macos64_1.0.0.202111181127/tools/bin/../lib/gcc/arm-none-eabi/10.3.1/../../../../arm-none-eabi/lib/thumb/v7-m/nofp/libc_nano.a(lib_a-strlen.o)
 .ARM.attributes
                0x000000000000086b       0x2d /Applications/STM32CubeIDE 2.app/Contents/Eclipse/plugins/com.st.stm32cube.ide.mcu.externaltools.gnu-tools-for-stm32.10.3-2021.10.macos64_1.0.0.202111181127/tools/bin/../lib/gcc/arm-none-eabi/10.3.1/../../../../arm-none-eabi/lib/thumb/v7-m/nofp/libc_nano.a(lib_a-nano-mallocr.o)
 .ARM.attributes
                0x0000000000000898       0x2d /Applications/STM32CubeIDE 2.app/Contents/Eclipse/plugins/com.st.stm32cube.ide.mcu.externaltools.gnu-tools-for-stm32.10.3-2021.10.macos64_1.0.0.202111181127/tools/bin/../lib/gcc/arm-none-eabi/10.3.1/../../../../arm-none-eabi/lib/thumb/v7-m/nofp/libc_nano.a(lib_a-nano-svfprintf.o)
 .ARM.attributes
                0x00000000000008c5       0x2d /Applications/STM32CubeIDE 2.app/Contents/Eclipse/plugins/com.st.stm32cube.ide.mcu.externaltools.gnu-tools-for-stm32.10.3-2021.10.macos64_1.0.0.202111181127/tools/bin/../lib/gcc/arm-none-eabi/10.3.1/../../../../arm-none-eabi/lib/thumb/v7-m/nofp/libc_nano.a(lib_a-nano-vfprintf_i.o)
 .ARM.attributes
                0x00000000000008f2       0x2d /Applications/STM32CubeIDE 2.app/Contents/Eclipse/plugins/com.st.stm32cube.ide.mcu.externaltools.gnu-tools-for-stm32.10.3-2021.10.macos64_1.0.0.202111181127/tools/bin/../lib/gcc/arm-none-eabi/10.3.1/../../../../arm-none-eabi/lib/thumb/v7-m/nofp/libc_nano.a(lib_a-reent.o)
 .ARM.attributes
                0x000000000000091f       0x2d /Applications/STM32CubeIDE 2.app/Contents/Eclipse/plugins/com.st.stm32cube.ide.mcu.externaltools.gnu-tools-for-stm32.10.3-2021.10.macos64_1.0.0.202111181127/tools/bin/../lib/gcc/arm-none-eabi/10.3.1/../../../../arm-none-eabi/lib/thumb/v7-m/nofp/libc_nano.a(lib_a-sbrkr.o)
 .ARM.attributes
                0x000000000000094c       0x2d /Applications/STM32CubeIDE 2.app/Contents/Eclipse/plugins/com.st.stm32cube.ide.mcu.externaltools.gnu-tools-for-stm32.10.3-2021.10.macos64_1.0.0.202111181127/tools/bin/../lib/gcc/arm-none-eabi/10.3.1/../../../../arm-none-eabi/lib/thumb/v7-m/nofp/libc_nano.a(lib_a-memchr-stub.o)
 .ARM.attributes
                0x0000000000000979       0x2d /Applications/STM32CubeIDE 2.app/Contents/Eclipse/plugins/com.st.stm32cube.ide.mcu.externaltools.gnu-tools-for-stm32.10.3-2021.10.macos64_1.0.0.202111181127/tools/bin/../lib/gcc/arm-none-eabi/10.3.1/../../../../arm-none-eabi/lib/thumb/v7-m/nofp/libc_nano.a(lib_a-memcpy-stub.o)
 .ARM.attributes
                0x00000000000009a6       0x2d /Applications/STM32CubeIDE 2.app/Contents/Eclipse/plugins/com.st.stm32cube.ide.mcu.externaltools.gnu-tools-for-stm32.10.3-2021.10.macos64_1.0.0.202111181127/tools/bin/../lib/gcc/arm-none-eabi/10.3.1/../../../../arm-none-eabi/lib/thumb/v7-m/nofp/libc_nano.a(lib_a-memmove.o)
 .ARM.attributes
                0x00000000000009d3       0x2d /Applications/STM32CubeIDE 2.app/Contents/Eclipse/plugins/com.st.stm32cube.ide.mcu.externaltools.gnu-tools-for-stm32.10.3-2021.10.macos64_1.0.0.202111181127/tools/bin/../lib/gcc/arm-none-eabi/10.3.1/../../../../arm-none-eabi/lib/thumb/v7-m/nofp/libc_nano.a(lib_a-mlock.o)
 .ARM.attributes
                0x0000000000000a00       0x2d /Applications/STM32CubeIDE 2.app/Contents/Eclipse/plugins/com.st.stm32cube.ide.mcu.externaltools.gnu-tools-for-stm32.10.3-2021.10.macos64_1.0.0.202111181127/tools/bin/../lib/gcc/arm-none-eabi/10.3.1/../../../../arm-none-eabi/lib/thumb/v7-m/nofp/libc_nano.a(lib_a-nano-freer.o)
 .ARM.attributes
                0x0000000000000a2d       0x2d /Applications/STM32CubeIDE 2.app/Contents/Eclipse/plugins/com.st.stm32cube.ide.mcu.externaltools.gnu-tools-for-stm32.10.3-2021.10.macos64_1.0.0.202111181127/tools/bin/../lib/gcc/arm-none-eabi/10.3.1/../../../../arm-none-eabi/lib/thumb/v7-m/nofp/libc_nano.a(lib_a-nano-reallocr.o)
 .ARM.attributes
                0x0000000000000a5a       0x2d /Applications/STM32CubeIDE 2.app/Contents/Eclipse/plugins/com.st.stm32cube.ide.mcu.externaltools.gnu-tools-for-stm32.10.3-2021.10.macos64_1.0.0.202111181127/tools/bin/../lib/gcc/arm-none-eabi/10.3.1/../../../../arm-none-eabi/lib/thumb/v7-m/nofp/libc_nano.a(lib_a-lock.o)
 .ARM.attributes
                0x0000000000000a87       0x2d /Applications/STM32CubeIDE 2.app/Contents/Eclipse/plugins/com.st.stm32cube.ide.mcu.externaltools.gnu-tools-for-stm32.10.3-2021.10.macos64_1.0.0.202111181127/tools/bin/../lib/gcc/arm-none-eabi/10.3.1/../../../../arm-none-eabi/lib/thumb/v7-m/nofp/libc_nano.a(lib_a-nano-msizer.o)
 .ARM.attributes