../Core/Inc/utils.hpp:19:5:String::String(const char*)	16	static
../Core/Inc/utils.hpp:27:5:String::String(int)	16	static
../Core/Inc/utils.hpp:32:5:String::String(uint32_t)	16	static
../Core/Inc/SERVO42C.hpp:44:14:uint16_t PulseMotor::getFrequency()	16	static
../Core/Inc/SERVO42C.hpp:50:10:void PulseMotor::setFrequency(uint16_t)	16	static
../Core/Inc/SERVO42C.hpp:57:10:void PulseMotor::setDirection(uint8_t)	16	static
../Core/Inc/SERVO42C.hpp:62:10:void PulseMotor::pulse(uint16_t)	16	static
../Core/Inc/SERVO42C.hpp:68:10:void PulseMotor::spinStart()	16	static
../Core/Inc/SERVO42C.hpp:73:10:void PulseMotor::spinStop()	16	static
../Core/Inc/SERVO42C.hpp:109:10:void PulseMotor::step_inf(uint8_t, uint32_t)	40	static
../Core/Inc/SERVO42C.hpp:196:11:float SERVO42C_Pulse::getPosition()	24	static
../Core/Inc/EasyUI.hpp:31:5:Screen::Screen()	16	static
../Core/Inc/EasyUI.hpp:65:5:UIElement::UIElement(Screen*, uint16_t, uint16_t, uint16_t, uint16_t)	24	static
../Core/Inc/EasyUI.hpp:74:10:bool UIElement::checkTouch(uint16_t, uint16_t)	16	static
../Core/Inc/EasyUI.hpp:95:5:Button::Button(Screen*, uint16_t, uint16_t, char*, uint16_t, uint16_t, uint16_t, uint16_t)	32	static
../Core/Inc/EasyUI.hpp:119:10:virtual void Button::render()	32	static
../Core/Inc/EasyUI.hpp:133:10:virtual void Button::update(u_int16_t, u_int16_t)	16	static
../Core/Inc/EasyUI.hpp:178:5:Slider::Slider(Screen*, uint16_t, uint16_t, uint16_t, uint16_t, uint16_t, uint16_t)	32	static
../Core/Inc/EasyUI.hpp:193:10:virtual void Slider::render()	16	static
../Core/Inc/EasyUI.hpp:204:14:uint16_t Slider::wrapY(u_int16_t)	16	static
../Core/Inc/EasyUI.hpp:215:10:virtual void Slider::update(u_int16_t, u_int16_t)	24	static
../Core/Inc/EasyUI.hpp:234:11:float Slider::getValue()	24	static
../Core/Src/PathPreview.hpp:14:6:void transformPosition(uint32_t, uint32_t)	16	static
../Core/Src/PathPreview.hpp:20:6:void map2d(float)	80	static
../Core/Src/PathPreview.hpp:52:7:float fastsin(int)	16	static
../Core/Src/PathPreview.hpp:66:7:float fastcos(int)	16	static
../Core/Src/PathPreview.hpp:85:9:Point3D rotatePoint(const Point3D&, Axis)	32	static
../Core/Src/PathPreview.hpp:114:6:void setPixel(int, int, uint16_t, float)	48	static
../Core/Src/PathPreview.hpp:133:6:void drawLineToVRAM(uint16_t, uint16_t, uint16_t, uint16_t, uint16_t)	72	static
../Core/Src/PathPreview.hpp:174:6:void resetVRAM()	16	static
../Core/Src/PathPreview.hpp:191:6:void map3d(float, float)	104	static
../Core/Src/interface.cpp:37:6:void printTargetMotor()	112	static
../Core/Src/interface.cpp:55:6:void printPosition()	144	static
../Core/Src/interface.cpp:70:24:myfunc()::<lambda()>	16	static
../Core/Src/interface.cpp:70:24:static void myfunc()::<lambda()>::_FUN()	8	static
../Core/Src/interface.cpp:70:24:myfunc()::<lambda()>::operator void (*)()() const	16	static
../Core/Src/interface.cpp:75:25:myfunc()::<lambda()>	16	static
../Core/Src/interface.cpp:75:25:static void myfunc()::<lambda()>::_FUN()	8	static
../Core/Src/interface.cpp:75:25:myfunc()::<lambda()>::operator void (*)()() const	16	static
../Core/Src/interface.cpp:79:25:myfunc()::<lambda()>	16	static
../Core/Src/interface.cpp:79:25:static void myfunc()::<lambda()>::_FUN()	8	static
../Core/Src/interface.cpp:79:25:myfunc()::<lambda()>::operator void (*)()() const	16	static
../Core/Src/interface.cpp:84:26:myfunc()::<lambda()>	16	static
../Core/Src/interface.cpp:84:26:static void myfunc()::<lambda()>::_FUN()	8	static
../Core/Src/interface.cpp:84:26:myfunc()::<lambda()>::operator void (*)()() const	16	static
../Core/Src/interface.cpp:89:28:myfunc()::<lambda()>	16	static
../Core/Src/interface.cpp:89:28:static void myfunc()::<lambda()>::_FUN()	8	static
../Core/Src/interface.cpp:89:28:myfunc()::<lambda()>::operator void (*)()() const	16	static
../Core/Src/interface.cpp:105:27:myfunc()::<lambda()>	16	static
../Core/Src/interface.cpp:105:27:static void myfunc()::<lambda()>::_FUN()	8	static
../Core/Src/interface.cpp:105:27:myfunc()::<lambda()>::operator void (*)()() const	16	static
../Core/Src/interface.cpp:110:27:myfunc()::<lambda()>	40	static
../Core/Src/interface.cpp:110:27:static void myfunc()::<lambda()>::_FUN()	8	static
../Core/Src/interface.cpp:110:27:myfunc()::<lambda()>::operator void (*)()() const	16	static
../Core/Src/interface.cpp:136:27:myfunc()::<lambda()>	16	static
../Core/Src/interface.cpp:136:27:static void myfunc()::<lambda()>::_FUN()	8	static
../Core/Src/interface.cpp:136:27:myfunc()::<lambda()>::operator void (*)()() const	16	static
../Core/Src/interface.cpp:61:6:void myfunc()	184	static
../Core/Src/interface.cpp:197:1:void __static_initialization_and_destruction_0(int, int)	40	static
../Core/Src/interface.cpp:197:1:cpp)	8	static
