../Core/Inc/utils.hpp:14:5:String::String(const char*)	16	static
../Core/Inc/utils.hpp:22:5:String::String(int)	16	static
../Core/Inc/SERVO42C.hpp:37:20:static uint8_t SERVO42C::getCRC(uint8_t*, uint8_t)	24	static
../Core/Inc/SERVO42C.hpp:46:14:uint8_t* SERVO42C::receiveUART(uint8_t)	32	static
../Core/Inc/SERVO42C.hpp:73:5:SERVO42C::SERVO42C(uint8_t, UART_HandleTypeDef*)	24	static
../Core/Inc/SERVO42C.hpp:116:10:void SERVO42C::step(uint8_t, uint8_t, uint32_t)	40	static
../Core/Inc/SERVO42C.hpp:127:10:void SERVO42C::stepClockwise(uint8_t)	16	static
../Core/Inc/SERVO42C.hpp:130:10:void SERVO42C::stepCounterClockwise(uint8_t)	16	static
../Core/Inc/SERVO42C.hpp:152:10:bool SERVO42C::receiveEncoder()	64	static
../Core/Inc/SERVO42C.hpp:194:14:uint16_t SERVO42C::getEncoder()	16	static
../Core/Inc/EasyUI.hpp:27:5:UIElement::UIElement(uint16_t, uint16_t, uint16_t, uint16_t)	24	static
../Core/Inc/EasyUI.hpp:35:10:bool UIElement::checkTouch(uint16_t, uint16_t)	16	static
../Core/Inc/EasyUI.hpp:54:5:Button::Button(uint16_t, uint16_t, char*, void (*)(Button*, int, int), uint16_t, uint16_t, uint16_t, uint16_t)	40	static
../Core/Inc/EasyUI.hpp:64:10:virtual void Button::render()	32	static
../Core/Inc/EasyUI.hpp:78:10:virtual void Button::update(u_int16_t, u_int16_t)	16	static
../Core/Inc/EasyUI.hpp:119:5:Slider::Slider(uint16_t, uint16_t, uint16_t, uint16_t, uint16_t, uint16_t)	40	static
../Core/Inc/EasyUI.hpp:133:10:virtual void Slider::render()	16	static
../Core/Inc/EasyUI.hpp:144:14:uint16_t Slider::wrapY(u_int16_t)	16	static
../Core/Inc/EasyUI.hpp:155:10:virtual void Slider::update(u_int16_t, u_int16_t)	24	static
../Core/Inc/EasyUI.hpp:186:5:TouchPad::TouchPad(uint16_t, uint16_t, void (*)(TouchPad*, int, int), uint16_t, uint16_t, uint16_t)	40	static
../Core/Inc/EasyUI.hpp:199:10:virtual void TouchPad::render()	16	static
../Core/Inc/EasyUI.hpp:209:10:void TouchPad::clearDot()	16	static
../Core/Inc/EasyUI.hpp:215:10:void TouchPad::renderDot()	16	static
../Core/Inc/EasyUI.hpp:221:14:uint16_t TouchPad::wrapX(u_int16_t)	16	static
../Core/Inc/EasyUI.hpp:232:15:u_int16_t TouchPad::wrapY(u_int16_t)	16	static
../Core/Inc/EasyUI.hpp:243:10:virtual void TouchPad::update(u_int16_t, u_int16_t)	24	static
../Core/Src/interface.cpp:12:6:void onTestButtonPress(Button*, int, int)	96	static
../Core/Src/interface.cpp:18:6:void CW(Button*, int, int)	24	static
../Core/Src/interface.cpp:23:6:void CCW(Button*, int, int)	24	static
../Core/Src/interface.cpp:28:6:void MoveXY(TouchPad*, int, int)	40	static
../Core/Src/interface.cpp:45:6:void myfunc()	272	static
../Core/Src/interface.cpp:77:1:void __static_initialization_and_destruction_0(int, int)	16	static
../Core/Src/interface.cpp:77:1:cpp)	8	static
