../Core/Src/stm32f1xx_it.c:78:6:NMI_Handler	4	static
../Core/Src/stm32f1xx_it.c:91:6:HardFault_Handler	4	static
../Core/Src/stm32f1xx_it.c:106:6:MemManage_Handler	4	static
../Core/Src/stm32f1xx_it.c:121:6:BusFault_Handler	4	static
../Core/Src/stm32f1xx_it.c:136:6:UsageFault_Handler	4	static
../Core/Src/stm32f1xx_it.c:151:6:SVC_Handler	4	static
../Core/Src/stm32f1xx_it.c:164:6:DebugMon_Handler	4	static
../Core/Src/stm32f1xx_it.c:177:6:PendSV_Handler	4	static
../Core/Src/stm32f1xx_it.c:190:6:SysTick_Handler	8	static
../Core/Src/stm32f1xx_it.c:212:6:EXTI0_IRQHandler	8	static
../Core/Src/stm32f1xx_it.c:232:6:EXTI4_IRQHandler	8	static
../Core/Src/stm32f1xx_it.c:252:6:DMA1_Channel6_IRQHandler	8	static
../Core/Src/stm32f1xx_it.c:266:6:TIM3_IRQHandler	8	static
../Core/Src/stm32f1xx_it.c:288:6:USART1_IRQHandler	16	static
../Core/Src/stm32f1xx_it.c:308:6:USART3_IRQHandler	8	static
../Core/Src/stm32f1xx_it.c:324:6:EXTI15_10_IRQHandler	8	static
../Core/Src/stm32f1xx_it.c:345:6:TIM5_IRQHandler	8	static
