../Core/Src/stm32f1xx_it.c:83:6:NMI_Handler	4	static
../Core/Src/stm32f1xx_it.c:96:6:HardFault_Handler	4	static
../Core/Src/stm32f1xx_it.c:111:6:MemManage_Handler	4	static
../Core/Src/stm32f1xx_it.c:126:6:BusFault_Handler	4	static
../Core/Src/stm32f1xx_it.c:141:6:UsageFault_Handler	4	static
../Core/Src/stm32f1xx_it.c:156:6:SVC_Handler	4	static
../Core/Src/stm32f1xx_it.c:169:6:DebugMon_Handler	4	static
../Core/Src/stm32f1xx_it.c:182:6:PendSV_Handler	4	static
../Core/Src/stm32f1xx_it.c:195:6:SysTick_Handler	8	static
../Core/Src/stm32f1xx_it.c:217:6:EXTI0_IRQHandler	8	static
../Core/Src/stm32f1xx_it.c:237:6:EXTI4_IRQHandler	8	static
../Core/Src/stm32f1xx_it.c:257:6:DMA1_Channel1_IRQHandler	8	static
../Core/Src/stm32f1xx_it.c:274:6:DMA1_Channel6_IRQHandler	8	static
../Core/Src/stm32f1xx_it.c:292:6:TIM3_IRQHandler	8	static
../Core/Src/stm32f1xx_it.c:314:6:USART1_IRQHandler	16	static
../Core/Src/stm32f1xx_it.c:334:6:USART3_IRQHandler	8	static
../Core/Src/stm32f1xx_it.c:350:6:EXTI15_10_IRQHandler	8	static
../Core/Src/stm32f1xx_it.c:371:6:TIM5_IRQHandler	8	static
../Core/Src/stm32f1xx_it.c:386:6:DMA2_Channel3_IRQHandler	8	static
