Archive member included to satisfy reference by file (symbol)

C:/ST/STM32CubeIDE_1.16.0/STM32CubeIDE/plugins/com.st.stm32cube.ide.mcu.externaltools.gnu-tools-for-stm32.12.3.rel1.win32_1.0.200.202406191623/tools/bin/../lib/gcc/arm-none-eabi/12.3.1/../../../../arm-none-eabi/lib/thumb/v7-m/nofp\libm.a(libm_a-s_cos.o)
                              ./Core/Src/lcdtp.o (cos)
C:/ST/STM32CubeIDE_1.16.0/STM32CubeIDE/plugins/com.st.stm32cube.ide.mcu.externaltools.gnu-tools-for-stm32.12.3.rel1.win32_1.0.200.202406191623/tools/bin/../lib/gcc/arm-none-eabi/12.3.1/../../../../arm-none-eabi/lib/thumb/v7-m/nofp\libm.a(libm_a-s_sin.o)
                              ./Core/Src/lcdtp.o (sin)
C:/ST/STM32CubeIDE_1.16.0/STM32CubeIDE/plugins/com.st.stm32cube.ide.mcu.externaltools.gnu-tools-for-stm32.12.3.rel1.win32_1.0.200.202406191623/tools/bin/../lib/gcc/arm-none-eabi/12.3.1/../../../../arm-none-eabi/lib/thumb/v7-m/nofp\libm.a(libm_a-wf_sqrt.o)
                              ./Core/Src/SERVO42C.o (sqrtf)
C:/ST/STM32CubeIDE_1.16.0/STM32CubeIDE/plugins/com.st.stm32cube.ide.mcu.externaltools.gnu-tools-for-stm32.12.3.rel1.win32_1.0.200.202406191623/tools/bin/../lib/gcc/arm-none-eabi/12.3.1/../../../../arm-none-eabi/lib/thumb/v7-m/nofp\libm.a(libm_a-ef_sqrt.o)
                              C:/ST/STM32CubeIDE_1.16.0/STM32CubeIDE/plugins/com.st.stm32cube.ide.mcu.externaltools.gnu-tools-for-stm32.12.3.rel1.win32_1.0.200.202406191623/tools/bin/../lib/gcc/arm-none-eabi/12.3.1/../../../../arm-none-eabi/lib/thumb/v7-m/nofp\libm.a(libm_a-wf_sqrt.o) (__ieee754_sqrtf)
C:/ST/STM32CubeIDE_1.16.0/STM32CubeIDE/plugins/com.st.stm32cube.ide.mcu.externaltools.gnu-tools-for-stm32.12.3.rel1.win32_1.0.200.202406191623/tools/bin/../lib/gcc/arm-none-eabi/12.3.1/../../../../arm-none-eabi/lib/thumb/v7-m/nofp\libm.a(libm_a-s_floor.o)
                              ./Core/Src/interface.o (floor)
C:/ST/STM32CubeIDE_1.16.0/STM32CubeIDE/plugins/com.st.stm32cube.ide.mcu.externaltools.gnu-tools-for-stm32.12.3.rel1.win32_1.0.200.202406191623/tools/bin/../lib/gcc/arm-none-eabi/12.3.1/../../../../arm-none-eabi/lib/thumb/v7-m/nofp\libm.a(libm_a-k_cos.o)
                              C:/ST/STM32CubeIDE_1.16.0/STM32CubeIDE/plugins/com.st.stm32cube.ide.mcu.externaltools.gnu-tools-for-stm32.12.3.rel1.win32_1.0.200.202406191623/tools/bin/../lib/gcc/arm-none-eabi/12.3.1/../../../../arm-none-eabi/lib/thumb/v7-m/nofp\libm.a(libm_a-s_cos.o) (__kernel_cos)
C:/ST/STM32CubeIDE_1.16.0/STM32CubeIDE/plugins/com.st.stm32cube.ide.mcu.externaltools.gnu-tools-for-stm32.12.3.rel1.win32_1.0.200.202406191623/tools/bin/../lib/gcc/arm-none-eabi/12.3.1/../../../../arm-none-eabi/lib/thumb/v7-m/nofp\libm.a(libm_a-k_sin.o)
                              C:/ST/STM32CubeIDE_1.16.0/STM32CubeIDE/plugins/com.st.stm32cube.ide.mcu.externaltools.gnu-tools-for-stm32.12.3.rel1.win32_1.0.200.202406191623/tools/bin/../lib/gcc/arm-none-eabi/12.3.1/../../../../arm-none-eabi/lib/thumb/v7-m/nofp\libm.a(libm_a-s_cos.o) (__kernel_sin)
C:/ST/STM32CubeIDE_1.16.0/STM32CubeIDE/plugins/com.st.stm32cube.ide.mcu.externaltools.gnu-tools-for-stm32.12.3.rel1.win32_1.0.200.202406191623/tools/bin/../lib/gcc/arm-none-eabi/12.3.1/../../../../arm-none-eabi/lib/thumb/v7-m/nofp\libm.a(libm_a-e_rem_pio2.o)
                              C:/ST/STM32CubeIDE_1.16.0/STM32CubeIDE/plugins/com.st.stm32cube.ide.mcu.externaltools.gnu-tools-for-stm32.12.3.rel1.win32_1.0.200.202406191623/tools/bin/../lib/gcc/arm-none-eabi/12.3.1/../../../../arm-none-eabi/lib/thumb/v7-m/nofp\libm.a(libm_a-s_cos.o) (__ieee754_rem_pio2)
C:/ST/STM32CubeIDE_1.16.0/STM32CubeIDE/plugins/com.st.stm32cube.ide.mcu.externaltools.gnu-tools-for-stm32.12.3.rel1.win32_1.0.200.202406191623/tools/bin/../lib/gcc/arm-none-eabi/12.3.1/../../../../arm-none-eabi/lib/thumb/v7-m/nofp\libm.a(libm_a-s_fabs.o)
                              C:/ST/STM32CubeIDE_1.16.0/STM32CubeIDE/plugins/com.st.stm32cube.ide.mcu.externaltools.gnu-tools-for-stm32.12.3.rel1.win32_1.0.200.202406191623/tools/bin/../lib/gcc/arm-none-eabi/12.3.1/../../../../arm-none-eabi/lib/thumb/v7-m/nofp\libm.a(libm_a-e_rem_pio2.o) (fabs)
C:/ST/STM32CubeIDE_1.16.0/STM32CubeIDE/plugins/com.st.stm32cube.ide.mcu.externaltools.gnu-tools-for-stm32.12.3.rel1.win32_1.0.200.202406191623/tools/bin/../lib/gcc/arm-none-eabi/12.3.1/../../../../arm-none-eabi/lib/thumb/v7-m/nofp\libm.a(libm_a-k_rem_pio2.o)
                              C:/ST/STM32CubeIDE_1.16.0/STM32CubeIDE/plugins/com.st.stm32cube.ide.mcu.externaltools.gnu-tools-for-stm32.12.3.rel1.win32_1.0.200.202406191623/tools/bin/../lib/gcc/arm-none-eabi/12.3.1/../../../../arm-none-eabi/lib/thumb/v7-m/nofp\libm.a(libm_a-e_rem_pio2.o) (__kernel_rem_pio2)
C:/ST/STM32CubeIDE_1.16.0/STM32CubeIDE/plugins/com.st.stm32cube.ide.mcu.externaltools.gnu-tools-for-stm32.12.3.rel1.win32_1.0.200.202406191623/tools/bin/../lib/gcc/arm-none-eabi/12.3.1/../../../../arm-none-eabi/lib/thumb/v7-m/nofp\libm.a(libm_a-s_scalbn.o)
[...]
Memory Configuration

Name             Origin             Length             Attributes
RAM              0x20000000         0x00010000         xrw
FLASH            0x08000000         0x00080000         xr
*default*        0x00000000         0xffffffff

Linker script and memory map

LOAD C:/ST/STM32CubeIDE_1.16.0/STM32CubeIDE/plugins/com.st.stm32cube.ide.mcu.externaltools.gnu-tools-for-stm32.12.3.rel1.win32_1.0.200.202406191623/tools/bin/../lib/gcc/arm-none-eabi/12.3.1/thumb/v7-m/nofp/crti.o
LOAD C:/ST/STM32CubeIDE_1.16.0/STM32CubeIDE/plugins/com.st.stm32cube.ide.mcu.externaltools.gnu-tools-for-stm32.12.3.rel1.win32_1.0.200.202406191623/tools/bin/../lib/gcc/arm-none-eabi/12.3.1/thumb/v7-m/nofp/crtbegin.o
LOAD C:/ST/STM32CubeIDE_1.16.0/STM32CubeIDE/plugins/com.st.stm32cube.ide.mcu.externaltools.gnu-tools-for-stm32.12.3.rel1.win32_1.0.200.202406191623/tools/bin/../lib/gcc/arm-none-eabi/12.3.1/../../../../arm-none-eabi/lib/thumb/v7-m/nofp/crt0.o
LOAD ./Core/Src/EasyUI.o
LOAD ./Core/Src/LightController.o
LOAD ./Core/Src/SERVO42C.o
LOAD ./Core/Src/SERVO42C_IT.o
LOAD ./Core/Src/WS2812.o
LOAD ./Core/Src/adc.o
LOAD ./Core/Src/bsp_usart.o
LOAD ./Core/Src/buzzer.o
LOAD ./Core/Src/dht11.o
LOAD ./Core/Src/dma.o
LOAD ./Core/Src/esp8266.o
LOAD ./Core/Src/fsmc.o
LOAD ./Core/Src/gpio.o
LOAD ./Core/Src/interface.o
LOAD ./Core/Src/lcdtp.o
LOAD ./Core/Src/main.o
LOAD ./Core/Src/pet.o
LOAD ./Core/Src/printf.o
LOAD ./Core/Src/ring_buffer.o
LOAD ./Core/Src/rtc.o
LOAD ./Core/Src/stm32f1xx_hal_msp.o
LOAD ./Core/Src/stm32f1xx_it.o
LOAD ./Core/Src/syscalls.o
LOAD ./Core/Src/sysmem.o
LOAD ./Core/Src/system_stm32f1xx.o
LOAD ./Core/Src/tim.o
LOAD ./Core/Src/timer.o
LOAD ./Core/Src/usart.o
LOAD ./Core/Src/utils.o
LOAD ./Core/Src/xpt2046.o
LOAD ./Core/Startup/startup_stm32f103vetx.o
LOAD ./Core/batch/cold1.o
LOAD ./Core/batch/cold2.o
LOAD ./Core/batch/happy1.o
LOAD ./Core/batch/hot1.o
LOAD ./Core/batch/hot2.o
LOAD ./Core/batch/normal.o
LOAD ./Core/batch/sleep1.o
LOAD ./Core/batch/sleep2.o
LOAD ./Core/batch/sleep3.o
LOAD ./Core/batch/sleep_water.o
LOAD ./Core/batch/water1.o
LOAD ./Core/batch/water1_night.o
LOAD ./Core/batch/water2.o
LOAD ./Core/batch/water2_night.o
LOAD ./Core/batch/water3.o
LOAD ./Core/batch/water3_night.o
LOAD ./Drivers/STM32F1xx_HAL_Driver/Src/stm32f1xx_hal.o
LOAD ./Drivers/STM32F1xx_HAL_Driver/Src/stm32f1xx_hal_adc.o
LOAD ./Drivers/STM32F1xx_HAL_Driver/Src/stm32f1xx_hal_adc_ex.o
LOAD ./Drivers/STM32F1xx_HAL_Driver/Src/stm32f1xx_hal_cortex.o
LOAD ./Drivers/STM32F1xx_HAL_Driver/Src/stm32f1xx_hal_dma.o
LOAD ./Drivers/STM32F1xx_HAL_Driver/Src/stm32f1xx_hal_flash.o
LOAD ./Drivers/STM32F1xx_HAL_Driver/Src/stm32f1xx_hal_flash_ex.o
LOAD ./Drivers/STM32F1xx_HAL_Driver/Src/stm32f1xx_hal_gpio.o
LOAD ./Drivers/STM32F1xx_HAL_Driver/Src/stm32f1xx_hal_gpio_ex.o
LOAD ./Drivers/STM32F1xx_HAL_Driver/Src/stm32f1xx_hal_pwr.o
LOAD ./Drivers/STM32F1xx_HAL_Driver/Src/stm32f1xx_hal_rcc.o
LOAD ./Drivers/STM32F1xx_HAL_Driver/Src/stm32f1xx_hal_rcc_ex.o
LOAD ./Drivers/STM32F1xx_HAL_Driver/Src/stm32f1xx_hal_rtc.o
LOAD ./Drivers/STM32F1xx_HAL_Driver/Src/stm32f1xx_hal_rtc_ex.o
LOAD ./Drivers/STM32F1xx_HAL_Driver/Src/stm32f1xx_hal_sram.o
LOAD ./Drivers/STM32F1xx_HAL_Driver/Src/stm32f1xx_hal_tim.o
LOAD ./Drivers/STM32F1xx_HAL_Driver/Src/stm32f1xx_hal_tim_ex.o
LOAD ./Drivers/STM32F1xx_HAL_Driver/Src/stm32f1xx_hal_uart.o
LOAD ./Drivers/STM32F1xx_HAL_Driver/Src/stm32f1xx_ll_fsmc.o
START GROUP
LOAD C:/ST/STM32CubeIDE_1.16.0/STM32CubeIDE/plugins/com.st.stm32cube.ide.mcu.externaltools.gnu-tools-for-stm32.12.3.rel1.win32_1.0.200.202406191623/tools/bin/../lib/gcc/arm-none-eabi/12.3.1/../../../../arm-none-eabi/lib/thumb/v7-m/nofp\libstdc++_nano.a
LOAD C:/ST/STM32CubeIDE_1.16.0/STM32CubeIDE/plugins/com.st.stm32cube.ide.mcu.externaltools.gnu-tools-for-stm32.12.3.rel1.win32_1.0.200.202406191623/tools/bin/../lib/gcc/arm-none-eabi/12.3.1/../../../../arm-none-eabi/lib/thumb/v7-m/nofp\libsupc++_nano.a
END GROUP
LOAD C:/ST/STM32CubeIDE_1.16.0/STM32CubeIDE/plugins/com.st.stm32cube.ide.mcu.externaltools.gnu-tools-for-stm32.12.3.rel1.win32_1.0.200.202406191623/tools/bin/../lib/gcc/arm-none-eabi/12.3.1/../../../../arm-none-eabi/lib/thumb/v7-m/nofp\libstdc++_nano.a
LOAD C:/ST/STM32CubeIDE_1.16.0/STM32CubeIDE/plugins/com.st.stm32cube.ide.mcu.externaltools.gnu-tools-for-stm32.12.3.rel1.win32_1.0.200.202406191623/tools/bin/../lib/gcc/arm-none-eabi/12.3.1/../../../../arm-none-eabi/lib/thumb/v7-m/nofp\libm.a
LOAD C:/ST/STM32CubeIDE_1.16.0/STM32CubeIDE/plugins/com.st.stm32cube.ide.mcu.externaltools.gnu-tools-for-stm32.12.3.rel1.win32_1.0.200.202406191623/tools/bin/../lib/gcc/arm-none-eabi/12.3.1/../../../../arm-none-eabi/lib/thumb/v7-m/nofp\libc_nano.a
START GROUP
LOAD C:/ST/STM32CubeIDE_1.16.0/STM32CubeIDE/plugins/com.st.stm32cube.ide.mcu.externaltools.gnu-tools-for-stm32.12.3.rel1.win32_1.0.200.202406191623/tools/bin/../lib/gcc/arm-none-eabi/12.3.1/thumb/v7-m/nofp\libgcc.a
LOAD C:/ST/STM32CubeIDE_1.16.0/STM32CubeIDE/plugins/com.st.stm32cube.ide.mcu.externaltools.gnu-tools-for-stm32.12.3.rel1.win32_1.0.200.202406191623/tools/bin/../lib/gcc/arm-none-eabi/12.3.1/../../../../arm-none-eabi/lib/thumb/v7-m/nofp\libc_nano.a
END GROUP
START GROUP
LOAD C:/ST/STM32CubeIDE_1.16.0/STM32CubeIDE/plugins/com.st.stm32cube.ide.mcu.externaltools.gnu-tools-for-stm32.12.3.rel1.win32_1.0.200.202406191623/tools/bin/../lib/gcc/arm-none-eabi/12.3.1/thumb/v7-m/nofp\libgcc.a
LOAD C:/ST/STM32CubeIDE_1.16.0/STM32CubeIDE/plugins/com.st.stm32cube.ide.mcu.externaltools.gnu-tools-for-stm32.12.3.rel1.win32_1.0.200.202406191623/tools/bin/../lib/gcc/arm-none-eabi/12.3.1/../../../../arm-none-eabi/lib/thumb/v7-m/nofp\libc_nano.a
END GROUP
LOAD C:/ST/STM32CubeIDE_1.16.0/STM32CubeIDE/plugins/com.st.stm32cube.ide.mcu.externaltools.gnu-tools-for-stm32.12.3.rel1.win32_1.0.200.202406191623/tools/bin/../lib/gcc/arm-none-eabi/12.3.1/thumb/v7-m/nofp/crtend.o
LOAD C:/ST/STM32CubeIDE_1.16.0/STM32CubeIDE/plugins/com.st.stm32cube.ide.mcu.externaltools.gnu-tools-for-stm32.12.3.rel1.win32_1.0.200.202406191623/tools/bin/../lib/gcc/arm-none-eabi/12.3.1/thumb/v7-m/nofp/crtn.o
                0x20010000                        _estack = (ORIGIN (RAM) + LENGTH (RAM))
                0x00000200                        _Min_Heap_Size = 0x200
                0x00000400                        _Min_Stack_Size = 0x400

.isr_vector     0x08000000      0x1e4
                0x08000000                        . = ALIGN (0x4)
 *(.isr_vector)
 .isr_vector    0x08000000      0x1e4 ./Core/Startup/startup_stm32f103vetx.o
                0x08000000                g_pfnVectors
                0x080001e4                        . = ALIGN (0x4)

.text           0x080001e8     0x802c
                0x080001e8                        . = ALIGN (0x4)
 *(.text)
 .text          0x080001e8       0x40 C:/ST/STM32CubeIDE_1.16.0/STM32CubeIDE/plugins/com.st.stm32cube.ide.mcu.externaltools.gnu-tools-for-stm32.12.3.rel1.win32_1.0.200.202406191623/tools/bin/../lib/gcc/arm-none-eabi/12.3.1/thumb/v7-m/nofp/crtbegin.o
 .text          0x08000228       0x10 C:/ST/STM32CubeIDE_1.16.0/STM32CubeIDE/plugins/com.st.stm32cube.ide.mcu.externaltools.gnu-tools-for-stm32.12.3.rel1.win32_1.0.200.202406191623/tools/bin/../lib/gcc/arm-none-eabi/12.3.1/../../../../arm-none-eabi/lib/thumb/v7-m/nofp\libc_nano.a(libc_a-strlen.o)
                0x08000228                strlen
 .text          0x08000238      0x378 C:/ST/STM32CubeIDE_1.16.0/STM32CubeIDE/plugins/com.st.stm32cube.ide.mcu.externaltools.gnu-tools-for-stm32.12.3.rel1.win32_1.0.200.202406191623/tools/bin/../lib/gcc/arm-none-eabi/12.3.1/thumb/v7-m/nofp\libgcc.a(_arm_addsubdf3.o)
                0x08000238                __aeabi_drsub
                0x08000240                __aeabi_dsub
                0x08000240                __subdf3
                0x08000244                __aeabi_dadd
                0x08000244                __adddf3
                0x080004bc                __floatunsidf
                0x080004bc                __aeabi_ui2d
                0x080004dc                __floatsidf
                0x080004dc                __aeabi_i2d
                0x08000500                __aeabi_f2d
                0x08000500                __extendsfdf2
                0x08000544                __floatundidf
                0x08000544                __aeabi_ul2d
                0x08000554                __floatdidf
                0x08000554                __aeabi_l2d
 .text          0x080005b0      0x424 C:/ST/STM32CubeIDE_1.16.0/STM32CubeIDE/plugins/com.st.stm32cube.ide.mcu.externaltools.gnu-tools-for-stm32.12.3.rel1.win32_1.0.200.202406191623/tools/bin/../lib/gcc/arm-none-eabi/12.3.1/thumb/v7-m/nofp\libgcc.a(_arm_muldivdf3.o)
                0x080005b0                __aeabi_dmul
                0x080005b0                __muldf3
                0x08000804                __divdf3
                0x08000804                __aeabi_ddiv
 .text          0x080009d4      0x110 C:/ST/STM32CubeIDE_1.16.0/STM32CubeIDE/plugins/com.st.stm32cube.ide.mcu.externaltools.gnu-tools-for-stm32.12.3.rel1.win32_1.0.200.202406191623/tools/bin/../lib/gcc/arm-none-eabi/12.3.1/thumb/v7-m/nofp\libgcc.a(_arm_cmpdf2.o)
                0x080009d4                __gtdf2
                0x080009d4                __gedf2
                0x080009dc                __ltdf2
                0x080009dc                __ledf2
                0x080009e4                __nedf2
                0x080009e4                __eqdf2
                0x080009e4                __cmpdf2
                0x08000a60                __aeabi_cdrcmple
                0x08000a70                __aeabi_cdcmpeq
                0x08000a70                __aeabi_cdcmple
                0x08000a80                __aeabi_dcmpeq
                0x08000a94                __aeabi_dcmplt
                0x08000aa8                __aeabi_dcmple
                0x08000abc                __aeabi_dcmpge
                0x08000ad0                __aeabi_dcmpgt
 .text          0x08000ae4       0x50 C:/ST/STM32CubeIDE_1.16.0/STM32CubeIDE/plugins/com.st.stm32cube.ide.mcu.externaltools.gnu-tools-for-stm32.12.3.rel1.win32_1.0.200.202406191623/tools/bin/../lib/gcc/arm-none-eabi/12.3.1/thumb/v7-m/nofp\libgcc.a(_arm_fixdfsi.o)
                0x08000ae4                __aeabi_d2iz
                0x08000ae4                __fixdfsi
 .text          0x08000b34       0x40 C:/ST/STM32CubeIDE_1.16.0/STM32CubeIDE/plugins/com.st.stm32cube.ide.mcu.externaltools.gnu-tools-for-stm32.12.3.rel1.win32_1.0.200.202406191623/tools/bin/../lib/gcc/arm-none-eabi/12.3.1/thumb/v7-m/nofp\libgcc.a(_arm_fixunsdfsi.o)
                0x08000b34                __aeabi_d2uiz
                0x08000b34                __fixunsdfsi
 .text          0x08000b74       0xa0 C:/ST/STM32CubeIDE_1.16.0/STM32CubeIDE/plugins/com.st.stm32cube.ide.mcu.externaltools.gnu-tools-for-stm32.12.3.rel1.win32_1.0.200.202406191623/tools/bin/../lib/gcc/arm-none-eabi/12.3.1/thumb/v7-m/nofp\libgcc.a(_arm_truncdfsf2.o)
                0x08000b74                __truncdfsf2
                0x08000b74                __aeabi_d2f
 .text          0x08000c14      0x21c C:/ST/STM32CubeIDE_1.16.0/STM32CubeIDE/plugins/com.st.stm32cube.ide.mcu.externaltools.gnu-tools-for-stm32.12.3.rel1.win32_1.0.200.202406191623/tools/bin/../lib/gcc/arm-none-eabi/12.3.1/thumb/v7-m/nofp\libgcc.a(_arm_addsubsf3.o)
                0x08000c14                __aeabi_frsub
                0x08000c1c                __subsf3
                0x08000c1c                __aeabi_fsub
                0x08000c20                __aeabi_fadd
                0x08000c20                __addsf3
                0x08000d80                __aeabi_ui2f
                0x08000d80                __floatunsisf
                0x08000d88                __aeabi_i2f
                0x08000d88                __floatsisf
                0x08000da4                __aeabi_ul2f
                0x08000da4                __floatundisf
                0x08000db4                __aeabi_l2f
                0x08000db4                __floatdisf
 .text          0x08000e30      0x2a0 C:/ST/STM32CubeIDE_1.16.0/STM32CubeIDE/plugins/com.st.stm32cube.ide.mcu.externaltools.gnu-tools-for-stm32.12.3.rel1.win32_1.0.200.202406191623/tools/bin/../lib/gcc/arm-none-eabi/12.3.1/thumb/v7-m/nofp\libgcc.a(_arm_muldivsf3.o)
                0x08000e30                __mulsf3
                0x08000e30                __aeabi_fmul
                0x08000f98                __aeabi_fdiv
                0x08000f98                __divsf3
 .text          0x080010d0       0xec C:/ST/STM32CubeIDE_1.16.0/STM32CubeIDE/plugins/com.st.stm32cube.ide.mcu.externaltools.gnu-tools-for-stm32.12.3.rel1.win32_1.0.200.202406191623/tools/bin/../lib/gcc/arm-none-eabi/12.3.1/thumb/v7-m/nofp\libgcc.a(_arm_cmpsf2.o)
                0x080010d0                __gesf2
                0x080010d0                __gtsf2
                0x080010d8                __lesf2
                0x080010d8                __ltsf2
                0x080010e0                __nesf2
                0x080010e0                __eqsf2
                0x080010e0                __cmpsf2
                0x08001140                __aeabi_cfrcmple
                0x08001148                __aeabi_cfcmpeq
                0x08001148                __aeabi_cfcmple
                0x08001158                __aeabi_fcmpeq
                0x0800116c                __aeabi_fcmplt
                0x08001180                __aeabi_fcmple
                0x08001194                __aeabi_fcmpge
                0x080011a8                __aeabi_fcmpgt
 .text          0x080011bc       0x2c C:/ST/STM32CubeIDE_1.16.0/STM32CubeIDE/plugins/com.st.stm32cube.ide.mcu.externaltools.gnu-tools-for-stm32.12.3.rel1.win32_1.0.200.202406191623/tools/bin/../lib/gcc/arm-none-eabi/12.3.1/thumb/v7-m/nofp\libgcc.a(_arm_unordsf2.o)
                0x080011bc                __unordsf2
                0x080011bc                __aeabi_fcmpun
 .text          0x080011e8       0x4c C:/ST/STM32CubeIDE_1.16.0/STM32CubeIDE/plugins/com.st.stm32cube.ide.mcu.externaltools.gnu-tools-for-stm32.12.3.rel1.win32_1.0.200.202406191623/tools/bin/../lib/gcc/arm-none-eabi/12.3.1/thumb/v7-m/nofp\libgcc.a(_arm_fixsfsi.o)
                0x080011e8                __aeabi_f2iz
                0x080011e8                __fixsfsi
 .text          0x08001234       0x40 C:/ST/STM32CubeIDE_1.16.0/STM32CubeIDE/plugins/com.st.stm32cube.ide.mcu.externaltools.gnu-tools-for-stm32.12.3.rel1.win32_1.0.200.202406191623/tools/bin/../lib/gcc/arm-none-eabi/12.3.1/thumb/v7-m/nofp\libgcc.a(_arm_fixunssfsi.o)
                0x08001234                __fixunssfsi
                0x08001234                __aeabi_f2uiz
 .text          0x08001274       0x30 C:/ST/STM32CubeIDE_1.16.0/STM32CubeIDE/plugins/com.st.stm32cube.ide.mcu.externaltools.gnu-tools-for-stm32.12.3.rel1.win32_1.0.200.202406191623/tools/bin/../lib/gcc/arm-none-eabi/12.3.1/thumb/v7-m/nofp\libgcc.a(_aeabi_uldivmod.o)
                0x08001274                __aeabi_uldivmod
 .text          0x080012a4      0x2b8 C:/ST/STM32CubeIDE_1.16.0/STM32CubeIDE/plugins/com.st.stm32cube.ide.mcu.externaltools.gnu-tools-for-stm32.12.3.rel1.win32_1.0.200.202406191623/tools/bin/../lib/gcc/arm-none-eabi/12.3.1/thumb/v7-m/nofp\libgcc.a(_udivmoddi4.o)
                0x080012a4                __udivmoddi4
 .text          0x0800155c        0x4 C:/ST/STM32CubeIDE_1.16.0/STM32CubeIDE/plugins/com.st.stm32cube.ide.mcu.externaltools.gnu-tools-for-stm32.12.3.rel1.win32_1.0.200.202406191623/tools/bin/../lib/gcc/arm-none-eabi/12.3.1/thumb/v7-m/nofp\libgcc.a(_dvmd_tls.o)
                0x0800155c                __aeabi_idiv0
                0x0800155c                __aeabi_ldiv0
 *(.text*)
 .text._ZN6Screen9updateAllEv
                0x08001560       0x40 ./Core/Src/EasyUI.o
                0x08001560                Screen::updateAll()
 .text._ZN6Screen9renderAllEv
                0x080015a0       0x1e ./Core/Src/EasyUI.o
                0x080015a0                Screen::renderAll()
 *fill*         0x080015be        0x2 
 .text._ZN9UIElement17updateAllElementsEv
                0x080015c0       0x4c ./Core/Src/EasyUI.o
                0x080015c0                UIElement::updateAllElements()
 .text._Z18playStartAnimationv
                0x0800160c       0x74 ./Core/Src/LightController.o
                0x0800160c                playStartAnimation()
 .text._Z21updateBreathAnimationi3RGB
                0x08001680      0x174 ./Core/Src/LightController.o
                0x08001680                updateBreathAnimation(int, RGB)
 .text._Z17updateLightStreamiibRi
                0x080017f4       0xd0 ./Core/Src/LightController.o
                0x080017f4                updateLightStream(int, int, bool, int&)
 .text._Z24updateResettingAnimationv
                0x080018c4       0xdc ./Core/Src/LightController.o
                0x080018c4                updateResettingAnimation()
 .text._Z17updateLightEffectv
                0x080019a0       0xb8 ./Core/Src/LightController.o
                0x080019a0                updateLightEffect()
 .text.startup._GLOBAL__sub_I__Z18playStartAnimationv
                0x08001a58       0x40 ./Core/Src/LightController.o
 .text._ZN10PulseMotor4stepEhm
                0x08001a98       0x5c ./Core/Src/SERVO42C.o
                0x08001a98                PulseMotor::step(unsigned char, unsigned long)
 .text._ZN14SERVO42C_Pulse30getStepCountFromTargetPositionEfRh
                0x08001af4       0x90 ./Core/Src/SERVO42C.o
                0x08001af4                SERVO42C_Pulse::getStepCountFromTargetPosition(float, unsigned char&)
 .text._ZN14SERVO42C_Pulse19stepcountToDistanceEm
                0x08001b84       0x34 ./Core/Src/SERVO42C.o
                0x08001b84                SERVO42C_Pulse::stepcountToDistance(unsigned long)
 .text._ZN14SERVO42C_Pulse8getSpeedEv
                0x08001bb8       0x1c ./Core/Src/SERVO42C.o
                0x08001bb8                SERVO42C_Pulse::getSpeed()
 *fill*         0x08001bd4        0x4 
 .text._ZN14SERVO42C_Pulse8setSpeedEf
                0x08001bd8       0x74 ./Core/Src/SERVO42C.o
                0x08001bd8                SERVO42C_Pulse::setSpeed(float)
 *fill*         0x08001c4c        0x4 
 .text._Z6step3dmhmhmhf
                0x08001c50      0x1a4 ./Core/Src/SERVO42C.o
                0x08001c50                step3d(unsigned long, unsigned char, unsigned long, unsigned char, unsigned long, unsigned char, float)
 .text._Z13setPosition3dffff
                0x08001df4       0x70 ./Core/Src/SERVO42C.o
                0x08001df4                setPosition3d(float, float, float, float)
 .text.startup._GLOBAL__sub_I_PulseDMABuff
                0x08001e64      0x184 ./Core/Src/SERVO42C.o
 .text._ZNK3RGB13toBitSequenceEPm
                0x08001fe8       0x44 ./Core/Src/WS2812.o
                0x08001fe8                RGB::toBitSequence(unsigned long*) const
 .text._Z4initv
                0x0800202c       0x18 ./Core/Src/WS2812.o
                0x0800202c                init()
 .text._Z8setColorihhh
                0x08002044       0x48 ./Core/Src/WS2812.o
                0x08002044                setColor(int, unsigned char, unsigned char, unsigned char)
 .text._Z8setColori3RGB
                0x0800208c       0x30 ./Core/Src/WS2812.o
                0x0800208c                setColor(int, RGB)
 .text._Z5blanki
                0x080020bc       0x2c ./Core/Src/WS2812.o
                0x080020bc                blank(int)
 .text._Z8blankAllv
                0x080020e8       0x24 ./Core/Src/WS2812.o
                0x080020e8                blankAll()
 .text.MX_ADC1_Init
                0x0800210c       0x50 ./Core/Src/adc.o
                0x0800210c                MX_ADC1_Init
 .text.HAL_ADC_MspInit
                0x0800215c       0x5c ./Core/Src/adc.o
                0x0800215c                HAL_ADC_MspInit
 .text.DEBUG_USART_Config
                0x080021b8       0x38 ./Core/Src/bsp_usart.o
                0x080021b8                DEBUG_USART_Config
 .text.MX_DMA_Init
                0x080021f0       0x74 ./Core/Src/dma.o
                0x080021f0                MX_DMA_Init
 .text.MX_FSMC_Init
                0x08002264       0x6c ./Core/Src/fsmc.o
                0x08002264                MX_FSMC_Init
 .text.HAL_SRAM_MspInit
                0x080022d0       0x64 ./Core/Src/fsmc.o
                0x080022d0                HAL_SRAM_MspInit
 .text.MX_GPIO_Init
                0x08002334      0x1d8 ./Core/Src/gpio.o
                0x08002334                MX_GPIO_Init
 .text._ZN9UIElement6renderEv
                0x0800250c        0x2 ./Core/Src/interface.o
                0x0800250c                UIElement::render()
 .text._ZN9UIElement6updateEtt
                0x0800250e        0x2 ./Core/Src/interface.o
                0x0800250e                UIElement::update(unsigned short, unsigned short)
 .text._ZN14PreviewDisplay6updateEtt
                0x08002510        0x2 ./Core/Src/interface.o
                0x08002510                PreviewDisplay::update(unsigned short, unsigned short)
 *fill*         0x08002512        0x2 
 .text._ZZ7setupUIvENUlvE11_4_FUNEv
                0x08002514       0x10 ./Core/Src/interface.o
 .text._ZN6Slider6renderEv
                0x08002524       0x3a ./Core/Src/interface.o
                0x08002524                Slider::render()
 .text._ZN6Button6renderEv
                0x0800255e       0x4a ./Core/Src/interface.o
                0x0800255e                Button::render()
 .text._ZN6Button6updateEtt
                0x080025a8       0x76 ./Core/Src/interface.o
                0x080025a8                Button::update(unsigned short, unsigned short)
 .text._ZN6Slider6updateEtt
                0x0800261e       0xc4 ./Core/Src/interface.o
                0x0800261e                Slider::update(unsigned short, unsigned short)
 *fill*         0x080026e2        0x2 
 .text._ZZ7setupUIvENUlvE15_4_FUNEv
                0x080026e4       0x80 ./Core/Src/interface.o
 .text._ZZ7setupUIvENUlvE14_4_FUNEv
                0x08002764       0x24 ./Core/Src/interface.o
 .text._ZZ7setupUIvENUlvE13_4_FUNEv
                0x08002788       0x28 ./Core/Src/interface.o
 .text._ZZ7setupUIvENUlvE12_4_FUNEv
                0x080027b0       0x28 ./Core/Src/interface.o
 .text._ZN10PulseMotor12setFrequencyEt.part.0.constprop.0
                0x080027d8       0x1e ./Core/Src/interface.o
 *fill*         0x080027f6        0x2 
 .text._ZZ7setupUIvENUlvE0_4_FUNEv
                0x080027f8       0x10 ./Core/Src/interface.o
 .text._ZZ7setupUIvENUlvE2_4_FUNEv
                0x08002808        0x4 ./Core/Src/interface.o
 .text._ZN6StringC2EPKc
                0x0800280c       0x1a ./Core/Src/interface.o
                0x0800280c                String::String(char const*)
                0x0800280c                String::String(char const*)
 .text._ZN10PulseMotor12setDirectionEh
                0x08002826        0xe ./Core/Src/interface.o
                0x08002826                PulseMotor::setDirection(unsigned char)
 .text._ZN10PulseMotor9spinStartEv
                0x08002834       0x1c ./Core/Src/interface.o
                0x08002834                PulseMotor::spinStart()
 .text._ZZ7setupUIvENUlvE1_4_FUNEv
                0x08002850       0x18 ./Core/Src/interface.o
 .text._ZZ7setupUIvENUlvE_4_FUNEv
                0x08002868       0x1c ./Core/Src/interface.o
 .text._ZN10PulseMotor13emergencyStopEv
                0x08002884       0x2c ./Core/Src/interface.o
                0x08002884                PulseMotor::emergencyStop()
 .text._ZN14SERVO42C_Pulse11getPositionEv
                0x080028b0       0x34 ./Core/Src/interface.o
                0x080028b0                SERVO42C_Pulse::getPosition()
 .text._ZN6ScreenC2EPFvvE
                0x080028e4       0x24 ./Core/Src/interface.o
                0x080028e4                Screen::Screen(void (*)())
                0x080028e4                Screen::Screen(void (*)())
 .text._ZN9UIElementC2EP6Screentttt
                0x08002908       0x40 ./Core/Src/interface.o
                0x08002908                UIElement::UIElement(Screen*, unsigned short, unsigned short, unsigned short, unsigned short)
                0x08002908                UIElement::UIElement(Screen*, unsigned short, unsigned short, unsigned short, unsigned short)
 .text._ZN6ButtonC2EP6ScreenttPctttt
                0x08002948       0x48 ./Core/Src/interface.o
                0x08002948                Button::Button(Screen*, unsigned short, unsigned short, char*, unsigned short, unsigned short, unsigned short, unsigned short)
                0x08002948                Button::Button(Screen*, unsigned short, unsigned short, char*, unsigned short, unsigned short, unsigned short, unsigned short)
 .text._ZN8JoystickC2EP6ScreentttttPFvvE
                0x08002990       0x60 ./Core/Src/interface.o
                0x08002990                Joystick::Joystick(Screen*, unsigned short, unsigned short, unsigned short, unsigned short, unsigned short, void (*)())
                0x08002990                Joystick::Joystick(Screen*, unsigned short, unsigned short, unsigned short, unsigned short, unsigned short, void (*)())
 .text._ZN8Joystick8clearDotEv
                0x080029f0       0x2a ./Core/Src/interface.o
                0x080029f0                Joystick::clearDot()
 .text._ZN8Joystick9renderDotEv
                0x08002a1a       0x2c ./Core/Src/interface.o
                0x08002a1a                Joystick::renderDot()
 .text._ZN8Joystick14renderDeadZoneEv
                0x08002a46       0xc0 ./Core/Src/interface.o
                0x08002a46                Joystick::renderDeadZone()
 .text._ZN8Joystick6renderEv
                0x08002b06       0x2a ./Core/Src/interface.o
                0x08002b06                Joystick::render()
 .text._ZN8Joystick5wrapXEt
                0x08002b30       0x26 ./Core/Src/interface.o
                0x08002b30                Joystick::wrapX(unsigned short)
 .text._ZN8Joystick5wrapYEt
                0x08002b56       0x26 ./Core/Src/interface.o
                0x08002b56                Joystick::wrapY(unsigned short)
 .text._ZN8Joystick6updateEtt
                0x08002b7c       0xe6 ./Core/Src/interface.o
                0x08002b7c                Joystick::update(unsigned short, unsigned short)
 .text._ZN8Joystick6get_dXEv
                0x08002c62       0x4a ./Core/Src/interface.o
                0x08002c62                Joystick::get_dX()
 .text._ZN8Joystick9get_dX_dtEv
                0x08002cac       0x30 ./Core/Src/interface.o
                0x08002cac                Joystick::get_dX_dt()
 .text._ZN8Joystick6get_dYEv
                0x08002cdc       0x4a ./Core/Src/interface.o
                0x08002cdc                Joystick::get_dY()
 *fill*         0x08002d26        0x2 
 .text._ZZ7setupUIvENUlvE7_4_FUNEv
                0x08002d28       0x40 ./Core/Src/interface.o
 .text._ZZ7setupUIvENUlvE6_4_FUNEv
                0x08002d68       0xa0 ./Core/Src/interface.o
 .text._ZN8Joystick9get_dY_dtEv
                0x08002e08       0x30 ./Core/Src/interface.o
                0x08002e08                Joystick::get_dY_dt()
 .text._ZZ7setupUIvENUlvE10_4_FUNEv
                0x08002e38       0x78 ./Core/Src/interface.o
 .text._Z7fastsini
                0x08002eb0       0x48 ./Core/Src/interface.o
                0x08002eb0                fastsin(int)
 .text._Z7fastcosi
                0x08002ef8        0x6 ./Core/Src/interface.o
                0x08002ef8                fastcos(int)
 *fill*         0x08002efe        0x2 
 .text._Z11rotatePointRK7Point3D4Axis
                0x08002f00      0x110 ./Core/Src/interface.o
                0x08002f00                rotatePoint(Point3D const&, Axis)
 .text._Z8setPixeliitf
                0x08003010       0xc4 ./Core/Src/interface.o
                0x08003010                setPixel(int, int, unsigned short, float)
 .text._Z14drawLineToVRAMttttt
                0x080030d4       0x7e ./Core/Src/interface.o
                0x080030d4                drawLineToVRAM(unsigned short, unsigned short, unsigned short, unsigned short, unsigned short)
 *fill*         0x08003152        0x2 
 .text._Z17drawLineToVRAM_AAttttt
                0x08003154      0x124 ./Core/Src/interface.o
                0x08003154                drawLineToVRAM_AA(unsigned short, unsigned short, unsigned short, unsigned short, unsigned short)
 .text._Z9resetVRAMv
                0x08003278       0x28 ./Core/Src/interface.o
                0x08003278                resetVRAM()
 .text._Z10renderVRAMii
                0x080032a0       0x4c ./Core/Src/interface.o
                0x080032a0                renderVRAM(int, int)
 *fill*         0x080032ec        0x4 
 .text._ZN14PreviewDisplay5map2dEfff
                0x080032f0      0x100 ./Core/Src/interface.o
                0x080032f0                PreviewDisplay::map2d(float, float, float)
 .text._ZN14PreviewDisplay5map3dEii
                0x080033f0      0x1d4 ./Core/Src/interface.o
                0x080033f0                PreviewDisplay::map3d(int, int)
 .text._ZN14PreviewDisplay6renderEv
                0x080035c4       0x34 ./Core/Src/interface.o
                0x080035c4                PreviewDisplay::render()
 .text._ZZ7setupUIvENUlvE9_4_FUNEv
                0x080035f8       0x28 ./Core/Src/interface.o
 .text._Z16printTargetMotorv
                0x08003620       0x50 ./Core/Src/interface.o
                0x08003620                printTargetMotor()
 .text._ZZ7setupUIvENUlvE3_4_FUNEv
                0x08003670       0x34 ./Core/Src/interface.o
 .text._Z13printPositionv
                0x080036a4       0x64 ./Core/Src/interface.o
                0x080036a4                printPosition()
 .text._ZZ7setupUIvENUlvE8_4_FUNEv
                0x08003708       0x20 ./Core/Src/interface.o
 .text._ZZ7setupUIvENUlvE4_4_FUNEv
                0x08003728       0x84 ./Core/Src/interface.o
 .text._Z14isMotorStuck_Xv
                0x080037ac       0x18 ./Core/Src/interface.o
                0x080037ac                isMotorStuck_X()
 .text._Z14isMotorStuck_Yv
                0x080037c4       0x18 ./Core/Src/interface.o
                0x080037c4                isMotorStuck_Y()
 .text._ZZ7setupUIvENUlvE5_4_FUNEv
                0x080037dc       0x98 ./Core/Src/interface.o
 .text._Z14isMotorStuck_Zv
                0x08003874       0x18 ./Core/Src/interface.o
                0x08003874                isMotorStuck_Z()
 .text.setActiveScreen0
                0x0800388c       0x10 ./Core/Src/interface.o
                0x0800388c                setActiveScreen0
 .text.setActiveScreen1
                0x0800389c       0x10 ./Core/Src/interface.o
                0x0800389c                setActiveScreen1
 .text._Z14setGcodeSource12GCODE_SOURCE
                0x080038ac       0xac ./Core/Src/interface.o
                0x080038ac                setGcodeSource(GCODE_SOURCE)
 .text._ZZ7setupUIvENUlvE20_4_FUNEv
                0x08003958       0x18 ./Core/Src/interface.o
 .text._ZZ7setupUIvENUlvE19_4_FUNEv
                0x08003970       0x18 ./Core/Src/interface.o
 .text._ZZ7setupUIvENUlvE18_4_FUNEv
                0x08003988       0x18 ./Core/Src/interface.o
 .text._ZZ7setupUIvENUlvE17_4_FUNEv
                0x080039a0       0x18 ./Core/Src/interface.o
 .text._ZZ7setupUIvENUlvE16_4_FUNEv
                0x080039b8       0x18 ./Core/Src/interface.o
 .text._Z7setupUIv
                0x080039d0      0x138 ./Core/Src/interface.o
                0x080039d0                setupUI()
 .text.myfunc   0x08003b08       0xa4 ./Core/Src/interface.o
                0x08003b08                myfunc
 .text.startup._GLOBAL__sub_I__Z7fastsini
                0x08003bac      0x344 ./Core/Src/interface.o
 .text.Delay    0x08003ef0       0x14 ./Core/Src/lcdtp.o
                0x08003ef0                Delay
 .text.LCD_Rst  0x08003f04       0x34 ./Core/Src/lcdtp.o
                0x08003f04                LCD_Rst
 .text.LCD_Write_Cmd
                0x08003f38        0x8 ./Core/Src/lcdtp.o
                0x08003f38                LCD_Write_Cmd
 .text.LCD_REG_Config
                0x08003f40      0x190 ./Core/Src/lcdtp.o
                0x08003f40                LCD_REG_Config
 .text.LCD_OpenWindow
                0x080040d0       0x4c ./Core/Src/lcdtp.o
                0x080040d0                LCD_OpenWindow
 .text.LCD_FillColor
                0x0800411c       0x1c ./Core/Src/lcdtp.o
                0x0800411c                LCD_FillColor
 .text.LCD_Clear
                0x08004138       0x2c ./Core/Src/lcdtp.o
                0x08004138                LCD_Clear
 .text.LCD_INIT
                0x08004164       0x2c ./Core/Src/lcdtp.o
                0x08004164                LCD_INIT
 .text.LCD_DrawChar
                0x08004190       0x6c ./Core/Src/lcdtp.o
                0x08004190                LCD_DrawChar
 .text.LCD_DrawString
                0x080041fc       0x32 ./Core/Src/lcdtp.o
                0x080041fc                LCD_DrawString
 .text.LCD_DrawDot
                0x0800422e       0x22 ./Core/Src/lcdtp.o
                0x0800422e                LCD_DrawDot
 .text.LCD_DrawLine
                0x08004250       0xa0 ./Core/Src/lcdtp.o
                0x08004250                LCD_DrawLine
 .text.LCD_DrawChar_Color
                0x080042f0       0x58 ./Core/Src/lcdtp.o
                0x080042f0                LCD_DrawChar_Color
 .text.LCD_DrawString_Color
                0x08004348       0x44 ./Core/Src/lcdtp.o
                0x08004348                LCD_DrawString_Color
 .text.SystemClock_Config
                0x0800438c       0x7c ./Core/Src/main.o
                0x0800438c                SystemClock_Config
 .text.startup.main
                0x08004408       0x8c ./Core/Src/main.o
                0x08004408                main
 .text.Error_Handler
                0x08004494        0x2 ./Core/Src/main.o
                0x08004494                Error_Handler
 .text._out_buffer
                0x08004496        0x8 ./Core/Src/printf.o
 .text._out_null
                0x0800449e        0x2 ./Core/Src/printf.o
 .text._out_rev
                0x080044a0       0x88 ./Core/Src/printf.o
 .text._ntoa_format
                0x08004528      0x10e ./Core/Src/printf.o
 .text._ntoa_long
                0x08004636       0x84 ./Core/Src/printf.o
 .text._ntoa_long_long
                0x080046ba       0xa0 ./Core/Src/printf.o
 *fill*         0x0800475a        0x6 
 .text._etoa    0x08004760      0x384 ./Core/Src/printf.o
 *fill*         0x08004ae4        0x4 
 .text._ftoa    0x08004ae8      0x324 ./Core/Src/printf.o
 .text._vsnprintf
                0x08004e0c      0x500 ./Core/Src/printf.o
 .text.sprintf_
                0x0800530c       0x28 ./Core/Src/printf.o
                0x0800530c                sprintf_
 .text.HAL_MspInit
                0x08005334       0x44 ./Core/Src/stm32f1xx_hal_msp.o
                0x08005334                HAL_MspInit
 .text.NMI_Handler
                0x08005378        0x2 ./Core/Src/stm32f1xx_it.o
                0x08005378                NMI_Handler
 .text.HardFault_Handler
                0x0800537a        0x2 ./Core/Src/stm32f1xx_it.o
                0x0800537a                HardFault_Handler
 .text.MemManage_Handler
                0x0800537c        0x2 ./Core/Src/stm32f1xx_it.o
                0x0800537c                MemManage_Handler
 .text.BusFault_Handler
                0x0800537e        0x2 ./Core/Src/stm32f1xx_it.o
                0x0800537e                BusFault_Handler
 .text.UsageFault_Handler
                0x08005380        0x2 ./Core/Src/stm32f1xx_it.o
                0x08005380                UsageFault_Handler
 .text.SVC_Handler
                0x08005382        0x2 ./Core/Src/stm32f1xx_it.o
                0x08005382                SVC_Handler
 .text.DebugMon_Handler
                0x08005384        0x2 ./Core/Src/stm32f1xx_it.o
                0x08005384                DebugMon_Handler
 .text.PendSV_Handler
                0x08005386        0x2 ./Core/Src/stm32f1xx_it.o
                0x08005386                PendSV_Handler
 .text.SysTick_Handler
                0x08005388       0x14 ./Core/Src/stm32f1xx_it.o
                0x08005388                SysTick_Handler
 .text.EXTI0_IRQHandler
                0x0800539c       0x10 ./Core/Src/stm32f1xx_it.o
                0x0800539c                EXTI0_IRQHandler
 .text.EXTI4_IRQHandler
                0x080053ac       0x2c ./Core/Src/stm32f1xx_it.o
                0x080053ac                EXTI4_IRQHandler
 .text.DMA1_Channel1_IRQHandler
                0x080053d8       0x34 ./Core/Src/stm32f1xx_it.o
                0x080053d8                DMA1_Channel1_IRQHandler
 .text.DMA1_Channel2_IRQHandler
                0x0800540c       0x34 ./Core/Src/stm32f1xx_it.o
                0x0800540c                DMA1_Channel2_IRQHandler
 .text.DMA1_Channel6_IRQHandler
                0x08005440       0x34 ./Core/Src/stm32f1xx_it.o
                0x08005440                DMA1_Channel6_IRQHandler
 .text.TIM3_IRQHandler
                0x08005474       0x3c ./Core/Src/stm32f1xx_it.o
                0x08005474                TIM3_IRQHandler
 .text.USART1_IRQHandler
                0x080054b0       0x28 ./Core/Src/stm32f1xx_it.o
                0x080054b0                USART1_IRQHandler
 .text.EXTI15_10_IRQHandler
                0x080054d8       0x12 ./Core/Src/stm32f1xx_it.o
                0x080054d8                EXTI15_10_IRQHandler
 *fill*         0x080054ea        0x2 
 .text.TIM5_IRQHandler
                0x080054ec       0x14 ./Core/Src/stm32f1xx_it.o
                0x080054ec                TIM5_IRQHandler
 .text.DMA2_Channel3_IRQHandler
                0x08005500        0xc ./Core/Src/stm32f1xx_it.o
                0x08005500                DMA2_Channel3_IRQHandler
 .text.SystemInit
                0x0800550c       0x4c ./Core/Src/system_stm32f1xx.o
                0x0800550c                SystemInit
 .text.MX_TIM2_Init
                0x08005558       0x68 ./Core/Src/tim.o
                0x08005558                MX_TIM2_Init
 .text.MX_TIM5_Init
                0x080055c0       0x6c ./Core/Src/tim.o
                0x080055c0                MX_TIM5_Init
 .text.HAL_TIM_Base_MspInit
                0x0800562c      0x1a4 ./Core/Src/tim.o
                0x0800562c                HAL_TIM_Base_MspInit
 .text.HAL_TIM_MspPostInit
                0x080057d0       0xd8 ./Core/Src/tim.o
                0x080057d0                HAL_TIM_MspPostInit
 .text.MX_TIM1_Init
                0x080058a8       0xd8 ./Core/Src/tim.o
                0x080058a8                MX_TIM1_Init
 .text.MX_TIM3_Init
                0x08005980       0xa8 ./Core/Src/tim.o
                0x08005980                MX_TIM3_Init
 .text.MX_TIM4_Init
                0x08005a28       0xa4 ./Core/Src/tim.o
                0x08005a28                MX_TIM4_Init
 .text.MX_TIM8_Init
                0x08005acc       0xd4 ./Core/Src/tim.o
                0x08005acc                MX_TIM8_Init
 .text.TIMER_INIT
                0x08005ba0       0x20 ./Core/Src/timer.o
                0x08005ba0                TIMER_INIT
 .text.timer_min
                0x08005bc0       0x34 ./Core/Src/timer.o
                0x08005bc0                timer_min
 .text.MX_USART1_UART_Init
                0x08005bf4       0x38 ./Core/Src/usart.o
                0x08005bf4                MX_USART1_UART_Init
 .text.MX_USART2_UART_Init
                0x08005c2c       0x38 ./Core/Src/usart.o
                0x08005c2c                MX_USART2_UART_Init
 .text.HAL_UART_MspInit
                0x08005c64       0xe4 ./Core/Src/usart.o
                0x08005c64                HAL_UART_MspInit
 .text._Z10printToLCDRK6Stringt
                0x08005d48       0x34 ./Core/Src/utils.o
                0x08005d48                printToLCD(String const&, unsigned short)
 .text._Z8debugLogRK6Stringt
                0x08005d7c        0x4 ./Core/Src/utils.o
                0x08005d7c                debugLog(String const&, unsigned short)
 .text.XPT2046_ReadCMD
                0x08005d80       0x4c ./Core/Src/xpt2046.o
 .text.XPT2046_WriteCMD
                0x08005dcc       0x64 ./Core/Src/xpt2046.o
 .text.XPT2046_ReadAdc_Smooth_XY
                0x08005e30      0x148 ./Core/Src/xpt2046.o
 .text.XPT2046_Get_TouchedPoint
                0x08005f78       0xa2 ./Core/Src/xpt2046.o
                0x08005f78                XPT2046_Get_TouchedPoint
 *fill*         0x0800601a        0x2 
 .text.Reset_Handler
                0x0800601c       0x48 ./Core/Startup/startup_stm32f103vetx.o
                0x0800601c                Reset_Handler
 .text.Default_Handler
                0x08006064        0x2 ./Core/Startup/startup_stm32f103vetx.o
                0x08006064                RTC_Alarm_IRQHandler
                0x08006064                EXTI2_IRQHandler
                0x08006064                TIM8_TRG_COM_IRQHandler
                0x08006064                TIM8_CC_IRQHandler
                0x08006064                TIM1_CC_IRQHandler
                0x08006064                TIM6_IRQHandler
                0x08006064                PVD_IRQHandler
                0x08006064                SDIO_IRQHandler
                0x08006064                EXTI3_IRQHandler
                0x08006064                I2C2_EV_IRQHandler
                0x08006064                ADC1_2_IRQHandler
                0x08006064                SPI1_IRQHandler
                0x08006064                TAMPER_IRQHandler
                0x08006064                TIM8_UP_IRQHandler
                0x08006064                DMA2_Channel2_IRQHandler
                0x08006064                DMA1_Channel4_IRQHandler
                0x08006064                USART3_IRQHandler
                0x08006064                RTC_IRQHandler
                0x08006064                DMA1_Channel7_IRQHandler
                0x08006064                CAN1_RX1_IRQHandler
                0x08006064                UART5_IRQHandler
                0x08006064                ADC3_IRQHandler
                0x08006064                TIM4_IRQHandler
                0x08006064                DMA2_Channel1_IRQHandler
                0x08006064                I2C1_EV_IRQHandler
                0x08006064                UART4_IRQHandler
                0x08006064                RCC_IRQHandler
                0x08006064                TIM1_TRG_COM_IRQHandler
                0x08006064                Default_Handler
                0x08006064                TIM7_IRQHandler
                0x08006064                EXTI9_5_IRQHandler
                0x08006064                SPI2_IRQHandler
                0x08006064                DMA1_Channel5_IRQHandler
                0x08006064                USB_LP_CAN1_RX0_IRQHandler
                0x08006064                USB_HP_CAN1_TX_IRQHandler
                0x08006064                DMA1_Channel3_IRQHandler
                0x08006064                FSMC_IRQHandler
                0x08006064                TIM1_UP_IRQHandler
                0x08006064                WWDG_IRQHandler
                0x08006064                TIM2_IRQHandler
                0x08006064                TIM1_BRK_IRQHandler
                0x08006064                EXTI1_IRQHandler
                0x08006064                DMA2_Channel4_5_IRQHandler
                0x08006064                USART2_IRQHandler
                0x08006064                I2C2_ER_IRQHandler
                0x08006064                TIM8_BRK_IRQHandler
                0x08006064                CAN1_SCE_IRQHandler
                0x08006064                FLASH_IRQHandler
                0x08006064                SPI3_IRQHandler
                0x08006064                I2C1_ER_IRQHandler
                0x08006064                USBWakeUp_IRQHandler
 *fill*         0x08006066        0x2 
 .text.HAL_InitTick
                0x08006068       0x48 ./Drivers/STM32F1xx_HAL_Driver/Src/stm32f1xx_hal.o
                0x08006068                HAL_InitTick
 .text.HAL_Init
                0x080060b0       0x24 ./Drivers/STM32F1xx_HAL_Driver/Src/stm32f1xx_hal.o
                0x080060b0                HAL_Init
 .text.HAL_IncTick
                0x080060d4       0x18 ./Drivers/STM32F1xx_HAL_Driver/Src/stm32f1xx_hal.o
                0x080060d4                HAL_IncTick
 .text.HAL_GetTick
                0x080060ec        0xc ./Drivers/STM32F1xx_HAL_Driver/Src/stm32f1xx_hal.o
                0x080060ec                HAL_GetTick
 .text.HAL_Delay
                0x080060f8       0x24 ./Drivers/STM32F1xx_HAL_Driver/Src/stm32f1xx_hal.o
                0x080060f8                HAL_Delay
 .text.HAL_ADC_ConfigChannel
                0x0800611c       0xfc ./Drivers/STM32F1xx_HAL_Driver/Src/stm32f1xx_hal_adc.o
                0x0800611c                HAL_ADC_ConfigChannel
 .text.ADC_ConversionStop_Disable
                0x08006218       0x44 ./Drivers/STM32F1xx_HAL_Driver/Src/stm32f1xx_hal_adc.o
                0x08006218                ADC_ConversionStop_Disable
 .text.HAL_ADC_Init
                0x0800625c      0x114 ./Drivers/STM32F1xx_HAL_Driver/Src/stm32f1xx_hal_adc.o
                0x0800625c                HAL_ADC_Init
 .text.HAL_NVIC_SetPriorityGrouping
                0x08006370       0x24 ./Drivers/STM32F1xx_HAL_Driver/Src/stm32f1xx_hal_cortex.o
                0x08006370                HAL_NVIC_SetPriorityGrouping
 .text.HAL_NVIC_SetPriority
                0x08006394       0x60 ./Drivers/STM32F1xx_HAL_Driver/Src/stm32f1xx_hal_cortex.o
                0x08006394                HAL_NVIC_SetPriority
 .text.HAL_NVIC_EnableIRQ
                0x080063f4       0x18 ./Drivers/STM32F1xx_HAL_Driver/Src/stm32f1xx_hal_cortex.o
                0x080063f4                HAL_NVIC_EnableIRQ
 .text.HAL_SYSTICK_Config
                0x0800640c       0x28 ./Drivers/STM32F1xx_HAL_Driver/Src/stm32f1xx_hal_cortex.o
                0x0800640c                HAL_SYSTICK_Config
 .text.HAL_DMA_Init
                0x08006434       0x7c ./Drivers/STM32F1xx_HAL_Driver/Src/stm32f1xx_hal_dma.o
                0x08006434                HAL_DMA_Init
 .text.HAL_DMA_Start_IT
                0x080064b0       0x76 ./Drivers/STM32F1xx_HAL_Driver/Src/stm32f1xx_hal_dma.o
                0x080064b0                HAL_DMA_Start_IT
 *fill*         0x08006526        0x2 
 .text.HAL_DMA_Abort_IT
                0x08006528      0x138 ./Drivers/STM32F1xx_HAL_Driver/Src/stm32f1xx_hal_dma.o
                0x08006528                HAL_DMA_Abort_IT
 .text.HAL_DMA_IRQHandler
                0x08006660      0x27c ./Drivers/STM32F1xx_HAL_Driver/Src/stm32f1xx_hal_dma.o
                0x08006660                HAL_DMA_IRQHandler
 .text.HAL_GPIO_Init
                0x080068dc      0x1c8 ./Drivers/STM32F1xx_HAL_Driver/Src/stm32f1xx_hal_gpio.o
                0x080068dc                HAL_GPIO_Init
 .text.HAL_GPIO_ReadPin
                0x08006aa4        0xc ./Drivers/STM32F1xx_HAL_Driver/Src/stm32f1xx_hal_gpio.o
                0x08006aa4                HAL_GPIO_ReadPin
 .text.HAL_GPIO_WritePin
                0x08006ab0        0xa ./Drivers/STM32F1xx_HAL_Driver/Src/stm32f1xx_hal_gpio.o
                0x08006ab0                HAL_GPIO_WritePin
 .text.HAL_GPIO_EXTI_Callback
                0x08006aba        0x2 ./Drivers/STM32F1xx_HAL_Driver/Src/stm32f1xx_hal_gpio.o
                0x08006aba                HAL_GPIO_EXTI_Callback
 .text.HAL_GPIO_EXTI_IRQHandler
                0x08006abc       0x18 ./Drivers/STM32F1xx_HAL_Driver/Src/stm32f1xx_hal_gpio.o
                0x08006abc                HAL_GPIO_EXTI_IRQHandler
 .text.HAL_RCC_OscConfig
                0x08006ad4      0x31c ./Drivers/STM32F1xx_HAL_Driver/Src/stm32f1xx_hal_rcc.o
                0x08006ad4                HAL_RCC_OscConfig
 .text.HAL_RCC_GetSysClockFreq
                0x08006df0       0x74 ./Drivers/STM32F1xx_HAL_Driver/Src/stm32f1xx_hal_rcc.o
                0x08006df0                HAL_RCC_GetSysClockFreq
 .text.HAL_RCC_ClockConfig
                0x08006e64      0x160 ./Drivers/STM32F1xx_HAL_Driver/Src/stm32f1xx_hal_rcc.o
                0x08006e64                HAL_RCC_ClockConfig
 .text.HAL_RCC_GetPCLK1Freq
                0x08006fc4       0x20 ./Drivers/STM32F1xx_HAL_Driver/Src/stm32f1xx_hal_rcc.o
                0x08006fc4                HAL_RCC_GetPCLK1Freq
 .text.HAL_RCC_GetPCLK2Freq
                0x08006fe4       0x20 ./Drivers/STM32F1xx_HAL_Driver/Src/stm32f1xx_hal_rcc.o
                0x08006fe4                HAL_RCC_GetPCLK2Freq
 .text.HAL_RCCEx_PeriphCLKConfig
                0x08007004       0xf4 ./Drivers/STM32F1xx_HAL_Driver/Src/stm32f1xx_hal_rcc_ex.o
                0x08007004                HAL_RCCEx_PeriphCLKConfig
 .text.HAL_SRAM_Init
                0x080070f8       0x54 ./Drivers/STM32F1xx_HAL_Driver/Src/stm32f1xx_hal_sram.o
                0x080070f8                HAL_SRAM_Init
 .text.TIM_OC1_SetConfig
                0x0800714c       0x64 ./Drivers/STM32F1xx_HAL_Driver/Src/stm32f1xx_hal_tim.o
 .text.TIM_OC3_SetConfig
                0x080071b0       0x6c ./Drivers/STM32F1xx_HAL_Driver/Src/stm32f1xx_hal_tim.o
 .text.TIM_OC4_SetConfig
                0x0800721c       0x4c ./Drivers/STM32F1xx_HAL_Driver/Src/stm32f1xx_hal_tim.o
 .text.HAL_TIM_Base_Start
                0x08007268       0x1a ./Drivers/STM32F1xx_HAL_Driver/Src/stm32f1xx_hal_tim.o
                0x08007268                HAL_TIM_Base_Start
 .text.HAL_TIM_Base_Stop
                0x08007282       0x2e ./Drivers/STM32F1xx_HAL_Driver/Src/stm32f1xx_hal_tim.o
                0x08007282                HAL_TIM_Base_Stop
 .text.HAL_TIM_Base_Start_IT
                0x080072b0       0x16 ./Drivers/STM32F1xx_HAL_Driver/Src/stm32f1xx_hal_tim.o
                0x080072b0                HAL_TIM_Base_Start_IT
 .text.HAL_TIM_Base_Stop_IT
                0x080072c6       0x2a ./Drivers/STM32F1xx_HAL_Driver/Src/stm32f1xx_hal_tim.o
                0x080072c6                HAL_TIM_Base_Stop_IT
 .text.HAL_TIM_PWM_MspInit
                0x080072f0        0x2 ./Drivers/STM32F1xx_HAL_Driver/Src/stm32f1xx_hal_tim.o
                0x080072f0                HAL_TIM_PWM_MspInit
 .text.HAL_TIM_ConfigClockSource
                0x080072f2      0x174 ./Drivers/STM32F1xx_HAL_Driver/Src/stm32f1xx_hal_tim.o
                0x080072f2                HAL_TIM_ConfigClockSource
 .text.HAL_TIM_PeriodElapsedCallback
                0x08007466        0x2 ./Drivers/STM32F1xx_HAL_Driver/Src/stm32f1xx_hal_tim.o
                0x08007466                HAL_TIM_PeriodElapsedCallback
 .text.HAL_TIM_OC_DelayElapsedCallback
                0x08007468        0x2 ./Drivers/STM32F1xx_HAL_Driver/Src/stm32f1xx_hal_tim.o
                0x08007468                HAL_TIM_OC_DelayElapsedCallback
 .text.HAL_TIM_IC_CaptureCallback
                0x0800746a        0x2 ./Drivers/STM32F1xx_HAL_Driver/Src/stm32f1xx_hal_tim.o
                0x0800746a                HAL_TIM_IC_CaptureCallback
 .text.HAL_TIM_PWM_PulseFinishedCallback
                0x0800746c        0x2 ./Drivers/STM32F1xx_HAL_Driver/Src/stm32f1xx_hal_tim.o
                0x0800746c                HAL_TIM_PWM_PulseFinishedCallback
 .text.TIM_DMADelayPulseCplt
                0x0800746e       0x3c ./Drivers/STM32F1xx_HAL_Driver/Src/stm32f1xx_hal_tim.o
                0x0800746e                TIM_DMADelayPulseCplt
 .text.HAL_TIM_TriggerCallback
                0x080074aa        0x2 ./Drivers/STM32F1xx_HAL_Driver/Src/stm32f1xx_hal_tim.o
                0x080074aa                HAL_TIM_TriggerCallback
 .text.HAL_TIM_IRQHandler
                0x080074ac      0x144 ./Drivers/STM32F1xx_HAL_Driver/Src/stm32f1xx_hal_tim.o
                0x080074ac                HAL_TIM_IRQHandler
 .text.HAL_TIM_ErrorCallback
                0x080075f0        0x2 ./Drivers/STM32F1xx_HAL_Driver/Src/stm32f1xx_hal_tim.o
                0x080075f0                HAL_TIM_ErrorCallback
 .text.TIM_DMAError
                0x080075f2       0x10 ./Drivers/STM32F1xx_HAL_Driver/Src/stm32f1xx_hal_tim.o
                0x080075f2                TIM_DMAError
 *fill*         0x08007602        0x2 
 .text.TIM_Base_SetConfig
                0x08007604       0x98 ./Drivers/STM32F1xx_HAL_Driver/Src/stm32f1xx_hal_tim.o
                0x08007604                TIM_Base_SetConfig
 .text.HAL_TIM_Base_Init
                0x0800769c       0x34 ./Drivers/STM32F1xx_HAL_Driver/Src/stm32f1xx_hal_tim.o
                0x0800769c                HAL_TIM_Base_Init
 .text.HAL_TIM_PWM_Init
                0x080076d0       0x34 ./Drivers/STM32F1xx_HAL_Driver/Src/stm32f1xx_hal_tim.o
                0x080076d0                HAL_TIM_PWM_Init
 .text.TIM_OC2_SetConfig
                0x08007704       0x6c ./Drivers/STM32F1xx_HAL_Driver/Src/stm32f1xx_hal_tim.o
                0x08007704                TIM_OC2_SetConfig
 .text.HAL_TIM_PWM_ConfigChannel
                0x08007770       0xb8 ./Drivers/STM32F1xx_HAL_Driver/Src/stm32f1xx_hal_tim.o
                0x08007770                HAL_TIM_PWM_ConfigChannel
 .text.TIM_CCxChannelCmd
                0x08007828       0x18 ./Drivers/STM32F1xx_HAL_Driver/Src/stm32f1xx_hal_tim.o
                0x08007828                TIM_CCxChannelCmd
 .text.HAL_TIM_OC_Start
                0x08007840       0x30 ./Drivers/STM32F1xx_HAL_Driver/Src/stm32f1xx_hal_tim.o
                0x08007840                HAL_TIM_OC_Start
 .text.HAL_TIM_PWM_Start
                0x08007870        0x4 ./Drivers/STM32F1xx_HAL_Driver/Src/stm32f1xx_hal_tim.o
                0x08007870                HAL_TIM_PWM_Start
 .text.HAL_TIM_OC_Start_DMA
                0x08007874       0xdc ./Drivers/STM32F1xx_HAL_Driver/Src/stm32f1xx_hal_tim.o
                0x08007874                HAL_TIM_OC_Start_DMA
 .text.HAL_TIM_PWM_Start_DMA
                0x08007950        0x4 ./Drivers/STM32F1xx_HAL_Driver/Src/stm32f1xx_hal_tim.o
                0x08007950                HAL_TIM_PWM_Start_DMA
 .text.HAL_TIM_OC_Stop_DMA
                0x08007954       0x94 ./Drivers/STM32F1xx_HAL_Driver/Src/stm32f1xx_hal_tim.o
                0x08007954                HAL_TIM_OC_Stop_DMA
 .text.HAL_TIM_PWM_Stop_DMA
                0x080079e8        0x4 ./Drivers/STM32F1xx_HAL_Driver/Src/stm32f1xx_hal_tim.o
                0x080079e8                HAL_TIM_PWM_Stop_DMA
 .text.HAL_TIM_PWM_Stop
                0x080079ec       0x60 ./Drivers/STM32F1xx_HAL_Driver/Src/stm32f1xx_hal_tim.o
                0x080079ec                HAL_TIM_PWM_Stop
 .text.HAL_TIMEx_ConfigBreakDeadTime
                0x08007a4c       0x4c ./Drivers/STM32F1xx_HAL_Driver/Src/stm32f1xx_hal_tim_ex.o
                0x08007a4c                HAL_TIMEx_ConfigBreakDeadTime
 .text.HAL_TIMEx_MasterConfigSynchronization
                0x08007a98       0x44 ./Drivers/STM32F1xx_HAL_Driver/Src/stm32f1xx_hal_tim_ex.o
                0x08007a98                HAL_TIMEx_MasterConfigSynchronization
 .text.HAL_TIMEx_CommutationCallback
                0x08007adc        0x2 ./Drivers/STM32F1xx_HAL_Driver/Src/stm32f1xx_hal_tim_ex.o
                0x08007adc                HAL_TIMEx_CommutationCallback
 .text.HAL_TIMEx_BreakCallback
                0x08007ade        0x2 ./Drivers/STM32F1xx_HAL_Driver/Src/stm32f1xx_hal_tim_ex.o
                0x08007ade                HAL_TIMEx_BreakCallback
 .text.UART_EndRxTransfer
                0x08007ae0       0x1a ./Drivers/STM32F1xx_HAL_Driver/Src/stm32f1xx_hal_uart.o
 *fill*         0x08007afa        0x2 
 .text.UART_SetConfig
                0x08007afc      0x138 ./Drivers/STM32F1xx_HAL_Driver/Src/stm32f1xx_hal_uart.o
 .text.HAL_UART_Init
                0x08007c34       0x5c ./Drivers/STM32F1xx_HAL_Driver/Src/stm32f1xx_hal_uart.o
                0x08007c34                HAL_UART_Init
 .text.HAL_UART_TxCpltCallback
                0x08007c90        0x2 ./Drivers/STM32F1xx_HAL_Driver/Src/stm32f1xx_hal_uart.o
                0x08007c90                HAL_UART_TxCpltCallback
 .text.HAL_UART_RxCpltCallback
                0x08007c92        0x2 ./Drivers/STM32F1xx_HAL_Driver/Src/stm32f1xx_hal_uart.o
                0x08007c92                HAL_UART_RxCpltCallback
 .text.UART_Receive_IT.isra.0
                0x08007c94       0x70 ./Drivers/STM32F1xx_HAL_Driver/Src/stm32f1xx_hal_uart.o
 .text.HAL_UART_ErrorCallback
                0x08007d04        0x2 ./Drivers/STM32F1xx_HAL_Driver/Src/stm32f1xx_hal_uart.o
                0x08007d04                HAL_UART_ErrorCallback
 *fill*         0x08007d06        0x2 
 .text.HAL_UART_IRQHandler
                0x08007d08      0x140 ./Drivers/STM32F1xx_HAL_Driver/Src/stm32f1xx_hal_uart.o
                0x08007d08                HAL_UART_IRQHandler
 .text.UART_DMAAbortOnError
                0x08007e48       0x10 ./Drivers/STM32F1xx_HAL_Driver/Src/stm32f1xx_hal_uart.o
 .text.FSMC_NORSRAM_Init
                0x08007e58       0xa4 ./Drivers/STM32F1xx_HAL_Driver/Src/stm32f1xx_ll_fsmc.o
                0x08007e58                FSMC_NORSRAM_Init
 .text.FSMC_NORSRAM_Timing_Init
                0x08007efc       0x3c ./Drivers/STM32F1xx_HAL_Driver/Src/stm32f1xx_ll_fsmc.o
                0x08007efc                FSMC_NORSRAM_Timing_Init
 .text.FSMC_NORSRAM_Extended_Timing_Init
                0x08007f38       0x3c ./Drivers/STM32F1xx_HAL_Driver/Src/stm32f1xx_ll_fsmc.o
                0x08007f38                FSMC_NORSRAM_Extended_Timing_Init
 .text.sqrtf    0x08007f74       0x34 C:/ST/STM32CubeIDE_1.16.0/STM32CubeIDE/plugins/com.st.stm32cube.ide.mcu.externaltools.gnu-tools-for-stm32.12.3.rel1.win32_1.0.200.202406191623/tools/bin/../lib/gcc/arm-none-eabi/12.3.1/../../../../arm-none-eabi/lib/thumb/v7-m/nofp\libm.a(libm_a-wf_sqrt.o)
                0x08007f74                sqrtf
 .text.__ieee754_sqrtf
                0x08007fa8       0xe0 C:/ST/STM32CubeIDE_1.16.0/STM32CubeIDE/plugins/com.st.stm32cube.ide.mcu.externaltools.gnu-tools-for-stm32.12.3.rel1.win32_1.0.200.202406191623/tools/bin/../lib/gcc/arm-none-eabi/12.3.1/../../../../arm-none-eabi/lib/thumb/v7-m/nofp\libm.a(libm_a-ef_sqrt.o)
                0x08007fa8                __ieee754_sqrtf
 .text.floor    0x08008088      0x100 C:/ST/STM32CubeIDE_1.16.0/STM32CubeIDE/plugins/com.st.stm32cube.ide.mcu.externaltools.gnu-tools-for-stm32.12.3.rel1.win32_1.0.200.202406191623/tools/bin/../lib/gcc/arm-none-eabi/12.3.1/../../../../arm-none-eabi/lib/thumb/v7-m/nofp\libm.a(libm_a-s_floor.o)
                0x08008088                floor
 .text.memset   0x08008188       0x10 C:/ST/STM32CubeIDE_1.16.0/STM32CubeIDE/plugins/com.st.stm32cube.ide.mcu.externaltools.gnu-tools-for-stm32.12.3.rel1.win32_1.0.200.202406191623/tools/bin/../lib/gcc/arm-none-eabi/12.3.1/../../../../arm-none-eabi/lib/thumb/v7-m/nofp\libc_nano.a(libc_a-memset.o)
                0x08008188                memset
 .text.__errno  0x08008198        0xc C:/ST/STM32CubeIDE_1.16.0/STM32CubeIDE/plugins/com.st.stm32cube.ide.mcu.externaltools.gnu-tools-for-stm32.12.3.rel1.win32_1.0.200.202406191623/tools/bin/../lib/gcc/arm-none-eabi/12.3.1/../../../../arm-none-eabi/lib/thumb/v7-m/nofp\libc_nano.a(libc_a-errno.o)
                0x08008198                __errno
 .text.__libc_init_array
                0x080081a4       0x48 C:/ST/STM32CubeIDE_1.16.0/STM32CubeIDE/plugins/com.st.stm32cube.ide.mcu.externaltools.gnu-tools-for-stm32.12.3.rel1.win32_1.0.200.202406191623/tools/bin/../lib/gcc/arm-none-eabi/12.3.1/../../../../arm-none-eabi/lib/thumb/v7-m/nofp\libc_nano.a(libc_a-init.o)
                0x080081a4                __libc_init_array
 .text.strcpy   0x080081ec       0x10 C:/ST/STM32CubeIDE_1.16.0/STM32CubeIDE/plugins/com.st.stm32cube.ide.mcu.externaltools.gnu-tools-for-stm32.12.3.rel1.win32_1.0.200.202406191623/tools/bin/../lib/gcc/arm-none-eabi/12.3.1/../../../../arm-none-eabi/lib/thumb/v7-m/nofp\libc_nano.a(libc_a-strcpy.o)
                0x080081ec                strcpy
 *(.glue_7)
 .glue_7        0x080081fc        0x0 linker stubs
 *(.glue_7t)
 .glue_7t       0x080081fc        0x0 linker stubs
 *(.eh_frame)
 .eh_frame      0x080081fc        0x0 C:/ST/STM32CubeIDE_1.16.0/STM32CubeIDE/plugins/com.st.stm32cube.ide.mcu.externaltools.gnu-tools-for-stm32.12.3.rel1.win32_1.0.200.202406191623/tools/bin/../lib/gcc/arm-none-eabi/12.3.1/thumb/v7-m/nofp/crtbegin.o
 *(.init)
 .init          0x080081fc        0x4 C:/ST/STM32CubeIDE_1.16.0/STM32CubeIDE/plugins/com.st.stm32cube.ide.mcu.externaltools.gnu-tools-for-stm32.12.3.rel1.win32_1.0.200.202406191623/tools/bin/../lib/gcc/arm-none-eabi/12.3.1/thumb/v7-m/nofp/crti.o
                0x080081fc                _init
 .init          0x08008200        0x8 C:/ST/STM32CubeIDE_1.16.0/STM32CubeIDE/plugins/com.st.stm32cube.ide.mcu.externaltools.gnu-tools-for-stm32.12.3.rel1.win32_1.0.200.202406191623/tools/bin/../lib/gcc/arm-none-eabi/12.3.1/thumb/v7-m/nofp/crtn.o
 *(.fini)
 .fini          0x08008208        0x4 C:/ST/STM32CubeIDE_1.16.0/STM32CubeIDE/plugins/com.st.stm32cube.ide.mcu.externaltools.gnu-tools-for-stm32.12.3.rel1.win32_1.0.200.202406191623/tools/bin/../lib/gcc/arm-none-eabi/12.3.1/thumb/v7-m/nofp/crti.o
                0x08008208                _fini
 .fini          0x0800820c        0x8 C:/ST/STM32CubeIDE_1.16.0/STM32CubeIDE/plugins/com.st.stm32cube.ide.mcu.externaltools.gnu-tools-for-stm32.12.3.rel1.win32_1.0.200.202406191623/tools/bin/../lib/gcc/arm-none-eabi/12.3.1/thumb/v7-m/nofp/crtn.o
                0x08008214                        . = ALIGN (0x4)
                0x08008214                        _etext = .

.vfp11_veneer   0x08008214        0x0
 .vfp11_veneer  0x08008214        0x0 linker stubs

.v4_bx          0x08008214        0x0
 .v4_bx         0x08008214        0x0 linker stubs

.iplt           0x08008214        0x0
 .iplt          0x08008214        0x0 C:/ST/STM32CubeIDE_1.16.0/STM32CubeIDE/plugins/com.st.stm32cube.ide.mcu.externaltools.gnu-tools-for-stm32.12.3.rel1.win32_1.0.200.202406191623/tools/bin/../lib/gcc/arm-none-eabi/12.3.1/thumb/v7-m/nofp/crtbegin.o

.rodata         0x08008218    0x21ff0
                0x08008218                        . = ALIGN (0x4)
 *(.rodata)
 *(.rodata*)
 .rodata._ZN10PulseMotor4stepEhm.str1.1
                0x08008218       0x12 ./Core/Src/SERVO42C.o
 *fill*         0x0800822a        0x2 
 .rodata.PulseDMABuff
                0x0800822c    0x13880 ./Core/Src/SERVO42C.o
                0x0800822c                PulseDMABuff
 .rodata._ZZ7setupUIvENUlvE13_4_FUNEv.str1.1
                0x0801baac        0x8 ./Core/Src/interface.o
 .rodata._ZZ7setupUIvENUlvE12_4_FUNEv.str1.1
                0x0801bab4        0xd ./Core/Src/interface.o
 .rodata._ZZ7setupUIvENUlvE6_4_FUNEv.str1.1
                0x0801bac1        0x5 ./Core/Src/interface.o
 .rodata._Z16printTargetMotorv.str1.1
                0x0801bac6       0x1e ./Core/Src/interface.o
 .rodata._Z13printPositionv.str1.1
                0x0801bae4       0x15 ./Core/Src/interface.o
 .rodata.myfunc.str1.1
                0x0801baf9        0xe ./Core/Src/interface.o
 .rodata._GLOBAL__sub_I__Z7fastsini.str1.1
                0x0801bb07       0x56 ./Core/Src/interface.o
 *fill*         0x0801bb5d        0x3 
 .rodata._ZTV9UIElement
                0x0801bb60       0x10 ./Core/Src/interface.o
                0x0801bb60                vtable for UIElement
 .rodata._ZTV6Button
                0x0801bb70       0x10 ./Core/Src/interface.o
                0x0801bb70                vtable for Button
 .rodata._ZTV6Slider
                0x0801bb80       0x10 ./Core/Src/interface.o
                0x0801bb80                vtable for Slider
 .rodata._ZTV8Joystick
                0x0801bb90       0x10 ./Core/Src/interface.o
                0x0801bb90                vtable for Joystick
 .rodata._ZTV14PreviewDisplay
                0x0801bba0       0x10 ./Core/Src/interface.o
                0x0801bba0                vtable for PreviewDisplay
 .rodata._ZL11gcode_HKUST
                0x0801bbb0     0x36a0 ./Core/Src/interface.o
 .rodata._ZL23gcodeCenterOfMass_HKUST
                0x0801f250        0xc ./Core/Src/interface.o
 .rodata._ZL13gcode_GENSHIN
                0x0801f25c     0x5ae0 ./Core/Src/interface.o
 .rodata._ZL25gcodeCenterOfMass_GENSHIN
                0x08024d3c        0xc ./Core/Src/interface.o
 .rodata._ZL13gcode_PYRAMID
                0x08024d48       0xb0 ./Core/Src/interface.o
 .rodata._ZL25gcodeCenterOfMass_PYRAMID
                0x08024df8        0xc ./Core/Src/interface.o
 .rodata._ZL16gcode_ENTERPRIZE
                0x08024e04     0x4a40 ./Core/Src/interface.o
 .rodata._ZL28gcodeCenterOfMass_ENTERPRIZE
                0x08029844        0xc ./Core/Src/interface.o
 .rodata._ZL5gcode
                0x08029850      0x1b0 ./Core/Src/interface.o
 .rodata._ZL17gcodeCenterOfMass
                0x08029a00        0xc ./Core/Src/interface.o
 .rodata._ZL8sinTable
                0x08029a0c      0x168 ./Core/Src/interface.o
 .rodata.ucAscii_1608
                0x08029b74      0x5f0 ./Core/Src/lcdtp.o
                0x08029b74                ucAscii_1608
 .rodata._ftoa.str1.1
                0x0802a164       0x12 ./Core/Src/printf.o
 *fill*         0x0802a176        0x2 
 .rodata.pow10.0
                0x0802a178       0x50 ./Core/Src/printf.o
 .rodata.APBPrescTable
                0x0802a1c8        0x8 ./Core/Src/system_stm32f1xx.o
                0x0802a1c8                APBPrescTable
 .rodata.AHBPrescTable
                0x0802a1d0       0x10 ./Core/Src/system_stm32f1xx.o
                0x0802a1d0                AHBPrescTable
 .rodata._Z10printToLCDRK6Stringt.str1.1
                0x0802a1e0       0x14 ./Core/Src/utils.o
 .rodata.HAL_RCC_GetSysClockFreq.str1.1
                0x0802a1f4       0x11 ./Drivers/STM32F1xx_HAL_Driver/Src/stm32f1xx_hal_rcc.o
                0x0802a208                        . = ALIGN (0x4)
 *fill*         0x0802a205        0x3 

.ARM.extab      0x0802a208        0x0
                0x0802a208                        . = ALIGN (0x4)
 *(.ARM.extab* .gnu.linkonce.armextab.*)
                0x0802a208                        . = ALIGN (0x4)

.ARM            0x0802a208        0x8
                0x0802a208                        . = ALIGN (0x4)
                0x0802a208                        __exidx_start = .
 *(.ARM.exidx*)
 .ARM.exidx     0x0802a208        0x8 C:/ST/STM32CubeIDE_1.16.0/STM32CubeIDE/plugins/com.st.stm32cube.ide.mcu.externaltools.gnu-tools-for-stm32.12.3.rel1.win32_1.0.200.202406191623/tools/bin/../lib/gcc/arm-none-eabi/12.3.1/../../../../arm-none-eabi/lib/thumb/v7-m/nofp\libc_nano.a(libc_a-strlen.o)
 .ARM.exidx     0x0802a210        0x0 C:/ST/STM32CubeIDE_1.16.0/STM32CubeIDE/plugins/com.st.stm32cube.ide.mcu.externaltools.gnu-tools-for-stm32.12.3.rel1.win32_1.0.200.202406191623/tools/bin/../lib/gcc/arm-none-eabi/12.3.1/thumb/v7-m/nofp\libgcc.a(_udivmoddi4.o)
                                  0x8 (size before relaxing)
                0x0802a210                        __exidx_end = .
                0x0802a210                        . = ALIGN (0x4)

.rel.dyn        0x0802a210        0x0
 .rel.iplt      0x0802a210        0x0 C:/ST/STM32CubeIDE_1.16.0/STM32CubeIDE/plugins/com.st.stm32cube.ide.mcu.externaltools.gnu-tools-for-stm32.12.3.rel1.win32_1.0.200.202406191623/tools/bin/../lib/gcc/arm-none-eabi/12.3.1/thumb/v7-m/nofp/crtbegin.o

.preinit_array  0x0802a210        0x0
                0x0802a210                        . = ALIGN (0x4)
                0x0802a210                        PROVIDE (__preinit_array_start = .)
 *(.preinit_array*)
                0x0802a210                        PROVIDE (__preinit_array_end = .)
                0x0802a210                        . = ALIGN (0x4)

.init_array     0x0802a210       0x10
                0x0802a210                        . = ALIGN (0x4)
                0x0802a210                        PROVIDE (__init_array_start = .)
 *(SORT_BY_NAME(.init_array.*))
 *(.init_array*)
 .init_array    0x0802a210        0x4 C:/ST/STM32CubeIDE_1.16.0/STM32CubeIDE/plugins/com.st.stm32cube.ide.mcu.externaltools.gnu-tools-for-stm32.12.3.rel1.win32_1.0.200.202406191623/tools/bin/../lib/gcc/arm-none-eabi/12.3.1/thumb/v7-m/nofp/crtbegin.o
 .init_array    0x0802a214        0x4 ./Core/Src/LightController.o
 .init_array    0x0802a218        0x4 ./Core/Src/SERVO42C.o
 .init_array    0x0802a21c        0x4 ./Core/Src/interface.o
                0x0802a220                        PROVIDE (__init_array_end = .)
                0x0802a220                        . = ALIGN (0x4)

.fini_array     0x0802a220        0x4
                0x0802a220                        . = ALIGN (0x4)
                [!provide]                        PROVIDE (__fini_array_start = .)
 *(SORT_BY_NAME(.fini_array.*))
 *(.fini_array*)
 .fini_array    0x0802a220        0x4 C:/ST/STM32CubeIDE_1.16.0/STM32CubeIDE/plugins/com.st.stm32cube.ide.mcu.externaltools.gnu-tools-for-stm32.12.3.rel1.win32_1.0.200.202406191623/tools/bin/../lib/gcc/arm-none-eabi/12.3.1/thumb/v7-m/nofp/crtbegin.o
                [!provide]                        PROVIDE (__fini_array_end = .)
                0x0802a224                        . = ALIGN (0x4)
                0x0802a224                        _sidata = LOADADDR (.data)

.data           0x20000000       0xb8 load address 0x0802a224
                0x20000000                        . = ALIGN (0x4)
                0x20000000                        _sdata = .
 *(.data)
 *(.data*)
 .data._ZZN9UIElement17updateAllElementsEvE9firstCall
                0x20000000        0x1 ./Core/Src/EasyUI.o
 .data.lightStatus
                0x20000001        0x1 ./Core/Src/LightController.o
                0x20000001                lightStatus
 *fill*         0x20000002        0x2 
 .data.current_mid_2
                0x20000004        0x4 ./Core/Src/LightController.o
                0x20000004                current_mid_2
 .data.current_mid
                0x20000008        0x4 ./Core/Src/LightController.o
                0x20000008                current_mid
 .data.current_l_2
                0x2000000c        0x4 ./Core/Src/LightController.o
                0x2000000c                current_l_2
 .data.current_l
                0x20000010        0x4 ./Core/Src/LightController.o
                0x20000010                current_l
 .data.length   0x20000014        0x4 ./Core/Src/LightController.o
                0x20000014                length
 .data.pTargetMotor
                0x20000018        0x4 ./Core/Src/interface.o
                0x20000018                pTargetMotor
 .data.DHT11_SCHEDULE_FLAG
                0x2000001c        0x1 ./Core/Src/main.o
                0x2000001c                DHT11_SCHEDULE_FLAG
 *fill*         0x2000001d        0x3 
 .data.SystemCoreClock
                0x20000020        0x4 ./Core/Src/system_stm32f1xx.o
                0x20000020                SystemCoreClock
 *fill*         0x20000024        0x4 
 .data.strXPT2046_TouchPara
                0x20000028       0x30 ./Core/Src/xpt2046.o
                0x20000028                strXPT2046_TouchPara
 .data.uwTickFreq
                0x20000058        0x1 ./Drivers/STM32F1xx_HAL_Driver/Src/stm32f1xx_hal.o
                0x20000058                uwTickFreq
 *fill*         0x20000059        0x3 
 .data.uwTickPrio
                0x2000005c        0x4 ./Drivers/STM32F1xx_HAL_Driver/Src/stm32f1xx_hal.o
                0x2000005c                uwTickPrio
 .data.tiny     0x20000060        0x4 C:/ST/STM32CubeIDE_1.16.0/STM32CubeIDE/plugins/com.st.stm32cube.ide.mcu.externaltools.gnu-tools-for-stm32.12.3.rel1.win32_1.0.200.202406191623/tools/bin/../lib/gcc/arm-none-eabi/12.3.1/../../../../arm-none-eabi/lib/thumb/v7-m/nofp\libm.a(libm_a-ef_sqrt.o)
 .data.one      0x20000064        0x4 C:/ST/STM32CubeIDE_1.16.0/STM32CubeIDE/plugins/com.st.stm32cube.ide.mcu.externaltools.gnu-tools-for-stm32.12.3.rel1.win32_1.0.200.202406191623/tools/bin/../lib/gcc/arm-none-eabi/12.3.1/../../../../arm-none-eabi/lib/thumb/v7-m/nofp\libm.a(libm_a-ef_sqrt.o)
 .data._impure_ptr
                0x20000068        0x4 C:/ST/STM32CubeIDE_1.16.0/STM32CubeIDE/plugins/com.st.stm32cube.ide.mcu.externaltools.gnu-tools-for-stm32.12.3.rel1.win32_1.0.200.202406191623/tools/bin/../lib/gcc/arm-none-eabi/12.3.1/../../../../arm-none-eabi/lib/thumb/v7-m/nofp\libc_nano.a(libc_a-impure.o)
                0x20000068                _impure_ptr
 .data._impure_data
                0x2000006c       0x4c C:/ST/STM32CubeIDE_1.16.0/STM32CubeIDE/plugins/com.st.stm32cube.ide.mcu.externaltools.gnu-tools-for-stm32.12.3.rel1.win32_1.0.200.202406191623/tools/bin/../lib/gcc/arm-none-eabi/12.3.1/../../../../arm-none-eabi/lib/thumb/v7-m/nofp\libc_nano.a(libc_a-impure.o)
                0x2000006c                _impure_data
 *(.RamFunc)
 *(.RamFunc*)
                0x200000b8                        . = ALIGN (0x4)
                0x200000b8                        _edata = .

.igot.plt       0x200000b8        0x0 load address 0x0802a2dc
 .igot.plt      0x200000b8        0x0 C:/ST/STM32CubeIDE_1.16.0/STM32CubeIDE/plugins/com.st.stm32cube.ide.mcu.externaltools.gnu-tools-for-stm32.12.3.rel1.win32_1.0.200.202406191623/tools/bin/../lib/gcc/arm-none-eabi/12.3.1/thumb/v7-m/nofp/crtbegin.o
                0x200000b8                        . = ALIGN (0x4)

.bss            0x200000b8     0xdea4 load address 0x0802a2dc
                0x200000b8                        _sbss = .
                0x200000b8                        __bss_start__ = _sbss
 *(.bss)
 .bss           0x200000b8       0x1c C:/ST/STM32CubeIDE_1.16.0/STM32CubeIDE/plugins/com.st.stm32cube.ide.mcu.externaltools.gnu-tools-for-stm32.12.3.rel1.win32_1.0.200.202406191623/tools/bin/../lib/gcc/arm-none-eabi/12.3.1/thumb/v7-m/nofp/crtbegin.o
 *(.bss*)
 .bss._ZZN9UIElement17updateAllElementsEvE10lastScreen
                0x200000d4        0x4 ./Core/Src/EasyUI.o
 .bss._ZN6Screen12activeScreenE
                0x200000d8        0x4 ./Core/Src/EasyUI.o
                0x200000d8                Screen::activeScreen
 .bss._ZN9UIElement10elementNumE
                0x200000dc        0x1 ./Core/Src/EasyUI.o
                0x200000dc                UIElement::elementNum
 *fill*         0x200000dd        0x3 
 .bss._ZN9UIElement11allElementsE
                0x200000e0       0x80 ./Core/Src/EasyUI.o
                0x200000e0                UIElement::allElements
 .bss.completeCounter
                0x20000160        0x8 ./Core/Src/LightController.o
                0x20000160                completeCounter
 .bss.isResetComplete_Y
                0x20000168        0x1 ./Core/Src/LightController.o
                0x20000168                isResetComplete_Y
 .bss.isResetComplete_X
                0x20000169        0x1 ./Core/Src/LightController.o
                0x20000169                isResetComplete_X
 *fill*         0x2000016a        0x2 
 .bss.current_r_2
                0x2000016c        0x4 ./Core/Src/LightController.o
                0x2000016c                current_r_2
 .bss.current_r
                0x20000170        0x4 ./Core/Src/LightController.o
                0x20000170                current_r
 .bss.headRGB   0x20000174        0x3 ./Core/Src/LightController.o
                0x20000174                headRGB
 .bss.bodyRGB   0x20000177        0x3 ./Core/Src/LightController.o
                0x20000177                bodyRGB
 *fill*         0x2000017a        0x2 
 .bss._ZZ21updateBreathAnimationi3RGBE9startTick
                0x2000017c        0x4 ./Core/Src/LightController.o
 .bss.zServo    0x20000180       0x54 ./Core/Src/SERVO42C.o
                0x20000180                zServo
 .bss.yServo    0x200001d4       0x54 ./Core/Src/SERVO42C.o
                0x200001d4                yServo
 .bss.xServo    0x20000228       0x54 ./Core/Src/SERVO42C.o
                0x20000228                xServo
 .bss.zPulseMotor
                0x2000027c       0x34 ./Core/Src/SERVO42C.o
                0x2000027c                zPulseMotor
 .bss.yPulseMotor
                0x200002b0       0x34 ./Core/Src/SERVO42C.o
                0x200002b0                yPulseMotor
 .bss.xPulseMotor
                0x200002e4       0x34 ./Core/Src/SERVO42C.o
                0x200002e4                xPulseMotor
 .bss.zStepCompleted
                0x20000318        0x1 ./Core/Src/SERVO42C_IT.o
                0x20000318                zStepCompleted
 .bss.yStepCompleted
                0x20000319        0x1 ./Core/Src/SERVO42C_IT.o
                0x20000319                yStepCompleted
 .bss.xStepCompleted
                0x2000031a        0x1 ./Core/Src/SERVO42C_IT.o
                0x2000031a                xStepCompleted
 *fill*         0x2000031b        0x1 
 .bss.CCRDMABuff
                0x2000031c     0x20c0 ./Core/Src/WS2812.o
                0x2000031c                CCRDMABuff
 .bss.isInited  0x200023dc        0x1 ./Core/Src/WS2812.o
                0x200023dc                isInited
 *fill*         0x200023dd        0x3 
 .bss.hadc1     0x200023e0       0x30 ./Core/Src/adc.o
                0x200023e0                hadc1
 .bss.WifiUartHandle
                0x20002410       0x40 ./Core/Src/bsp_usart.o
                0x20002410                WifiUartHandle
 .bss.DebugUartHandle
                0x20002450       0x40 ./Core/Src/bsp_usart.o
                0x20002450                DebugUartHandle
 .bss.FSMC_Initialized
                0x20002490        0x4 ./Core/Src/fsmc.o
 .bss.hsram1    0x20002494       0x44 ./Core/Src/fsmc.o
                0x20002494                hsram1
 .bss.gcodeSource
                0x200024d8        0x1 ./Core/Src/interface.o
                0x200024d8                gcodeSource
 *fill*         0x200024d9        0x3 
 .bss.targetGcodeCenterOfMass
                0x200024dc        0x4 ./Core/Src/interface.o
                0x200024dc                targetGcodeCenterOfMass
 .bss.targetGcodeLength
                0x200024e0        0x4 ./Core/Src/interface.o
                0x200024e0                targetGcodeLength
 .bss.targetGcode
                0x200024e4        0x4 ./Core/Src/interface.o
                0x200024e4                targetGcode
 .bss.itemExternalButton
                0x200024e8       0x34 ./Core/Src/interface.o
                0x200024e8                itemExternalButton
 .bss.item4Button
                0x2000251c       0x34 ./Core/Src/interface.o
                0x2000251c                item4Button
 .bss.item3Button
                0x20002550       0x34 ./Core/Src/interface.o
                0x20002550                item3Button
 .bss.item2Button
                0x20002584       0x34 ./Core/Src/interface.o
                0x20002584                item2Button
 .bss.item1Button
                0x200025b8       0x34 ./Core/Src/interface.o
                0x200025b8                item1Button
 .bss.gcodeSelectScreen
                0x200025ec       0x88 ./Core/Src/interface.o
                0x200025ec                gcodeSelectScreen
 .bss.autoAlignButton
                0x20002674       0x34 ./Core/Src/interface.o
                0x20002674                autoAlignButton
 .bss.resetPreviewButton
                0x200026a8       0x34 ./Core/Src/interface.o
                0x200026a8                resetPreviewButton
 .bss.toggle3D2DButton
                0x200026dc       0x34 ./Core/Src/interface.o
                0x200026dc                toggle3D2DButton
 .bss.toggleAntiAliasButton
                0x20002710       0x34 ./Core/Src/interface.o
                0x20002710                toggleAntiAliasButton
 .bss.selectGcodeButton
                0x20002744       0x34 ./Core/Src/interface.o
                0x20002744                selectGcodeButton
 .bss.previewJoystick
                0x20002778       0x30 ./Core/Src/interface.o
                0x20002778                previewJoystick
 .bss.scaleSlider
                0x200027a8       0x20 ./Core/Src/interface.o
                0x200027a8                scaleSlider
 .bss.previewDisplay
                0x200027c8       0x20 ./Core/Src/interface.o
                0x200027c8                previewDisplay
 .bss.operationScreen
                0x200027e8       0x88 ./Core/Src/interface.o
                0x200027e8                operationScreen
 .bss.zJoystick
                0x20002870       0x30 ./Core/Src/interface.o
                0x20002870                zJoystick
 .bss.testJoystick
                0x200028a0       0x30 ./Core/Src/interface.o
                0x200028a0                testJoystick
 .bss.setZeroButton
                0x200028d0       0x34 ./Core/Src/interface.o
                0x200028d0                setZeroButton
 .bss.resetButton
                0x20002904       0x34 ./Core/Src/interface.o
                0x20002904                resetButton
 .bss.startButton
                0x20002938       0x34 ./Core/Src/interface.o
                0x20002938                startButton
 .bss.CWButton  0x2000296c       0x34 ./Core/Src/interface.o
                0x2000296c                CWButton
 .bss.CCWButton
                0x200029a0       0x34 ./Core/Src/interface.o
                0x200029a0                CCWButton
 .bss.switchButton
                0x200029d4       0x34 ./Core/Src/interface.o
                0x200029d4                switchButton
 .bss.mainScreen
                0x20002a08       0x88 ./Core/Src/interface.o
                0x20002a08                mainScreen
 .bss.screenNum
                0x20002a90        0x1 ./Core/Src/interface.o
                0x20002a90                screenNum
 *fill*         0x20002a91        0x3 
 .bss.allScreens
                0x20002a94       0x80 ./Core/Src/interface.o
                0x20002a94                allScreens
 .bss.vRAM      0x20002b14     0xafc8 ./Core/Src/interface.o
                0x20002b14                vRAM
 .bss.rotateAngleZ
                0x2000dadc        0x4 ./Core/Src/interface.o
                0x2000dadc                rotateAngleZ
 .bss.rotateAngleY
                0x2000dae0        0x4 ./Core/Src/interface.o
                0x2000dae0                rotateAngleY
 .bss.rotateAngleX
                0x2000dae4        0x4 ./Core/Src/interface.o
                0x2000dae4                rotateAngleX
 .bss.cosUnderCurrentAngleZ
                0x2000dae8        0x4 ./Core/Src/interface.o
                0x2000dae8                cosUnderCurrentAngleZ
 .bss.sinUnderCurrentAngleZ
                0x2000daec        0x4 ./Core/Src/interface.o
                0x2000daec                sinUnderCurrentAngleZ
 .bss.cosUnderCurrentAngleY
                0x2000daf0        0x4 ./Core/Src/interface.o
                0x2000daf0                cosUnderCurrentAngleY
 .bss.sinUnderCurrentAngleY
                0x2000daf4        0x4 ./Core/Src/interface.o
                0x2000daf4                sinUnderCurrentAngleY
 .bss.cosUnderCurrentAngleX
                0x2000daf8        0x4 ./Core/Src/interface.o
                0x2000daf8                cosUnderCurrentAngleX
 .bss.sinUnderCurrentAngleX
                0x2000dafc        0x4 ./Core/Src/interface.o
                0x2000dafc                sinUnderCurrentAngleX
 .bss.darkmode_toggle
                0x2000db00        0x1 ./Core/Src/lcdtp.o
                0x2000db00                darkmode_toggle
 *fill*         0x2000db01        0x1 
 .bss.Coordinate
                0x2000db02        0x4 ./Core/Src/main.o
                0x2000db02                Coordinate
 .bss.timeout_rb
                0x2000db06        0x2 ./Core/Src/ring_buffer.o
                0x2000db06                timeout_rb
 .bss.hdma_tim8_ch1
                0x2000db08       0x44 ./Core/Src/tim.o
                0x2000db08                hdma_tim8_ch1
 .bss.hdma_tim4_ch1
                0x2000db4c       0x44 ./Core/Src/tim.o
                0x2000db4c                hdma_tim4_ch1
 .bss.hdma_tim3_ch1_trig
                0x2000db90       0x44 ./Core/Src/tim.o
                0x2000db90                hdma_tim3_ch1_trig
 .bss.hdma_tim1_ch1
                0x2000dbd4       0x44 ./Core/Src/tim.o
                0x2000dbd4                hdma_tim1_ch1
 .bss.htim8     0x2000dc18       0x40 ./Core/Src/tim.o
                0x2000dc18                htim8
 .bss.htim5     0x2000dc58       0x40 ./Core/Src/tim.o
                0x2000dc58                htim5
 .bss.htim4     0x2000dc98       0x40 ./Core/Src/tim.o
                0x2000dc98                htim4
 .bss.htim3     0x2000dcd8       0x40 ./Core/Src/tim.o
                0x2000dcd8                htim3
 .bss.htim2     0x2000dd18       0x40 ./Core/Src/tim.o
                0x2000dd18                htim2
 .bss.htim1     0x2000dd58       0x40 ./Core/Src/tim.o
                0x2000dd58                htim1
 .bss.start_counting
                0x2000dd98        0x1 ./Core/Src/timer.o
                0x2000dd98                start_counting
 .bss.timer_left
                0x2000dd99        0x1 ./Core/Src/timer.o
                0x2000dd99                timer_left
 *fill*         0x2000dd9a        0x2 
 .bss.huart2    0x2000dd9c       0x40 ./Core/Src/usart.o
                0x2000dd9c                huart2
 .bss.huart1    0x2000dddc       0x40 ./Core/Src/usart.o
                0x2000dddc                huart1
 .bss.ucXPT2046_TouchFlag
                0x2000de1c        0x1 ./Core/Src/xpt2046.o
                0x2000de1c                ucXPT2046_TouchFlag
 *fill*         0x2000de1d        0x3 
 .bss.uwTick    0x2000de20        0x4 ./Drivers/STM32F1xx_HAL_Driver/Src/stm32f1xx_hal.o
                0x2000de20                uwTick
 .bss.__sf      0x2000de24      0x138 C:/ST/STM32CubeIDE_1.16.0/STM32CubeIDE/plugins/com.st.stm32cube.ide.mcu.externaltools.gnu-tools-for-stm32.12.3.rel1.win32_1.0.200.202406191623/tools/bin/../lib/gcc/arm-none-eabi/12.3.1/../../../../arm-none-eabi/lib/thumb/v7-m/nofp\libc_nano.a(libc_a-findfp.o)
                0x2000de24                __sf
 *(COMMON)
                0x2000df5c                        . = ALIGN (0x4)
                0x2000df5c                        _ebss = .
                0x2000df5c                        __bss_end__ = _ebss

._user_heap_stack
                0x2000df5c      0x604 load address 0x0802a2dc
                0x2000df60                        . = ALIGN (0x8)
 *fill*         0x2000df5c        0x4 
                [!provide]                        PROVIDE (end = .)
                0x2000df60                        PROVIDE (_end = .)
                0x2000e160                        . = (. + _Min_Heap_Size)
 *fill*         0x2000df60      0x200 
                0x2000e560                        . = (. + _Min_Stack_Size)
 *fill*         0x2000e160      0x400 
                0x2000e560                        . = ALIGN (0x8)

/DISCARD/
 libc.a(*)
 libm.a(*)
 libgcc.a(*)

.ARM.attributes
                0x00000000       0x29
 *(.ARM.attributes)
 .ARM.attributes
                0x00000000       0x1d C:/ST/STM32CubeIDE_1.16.0/STM32CubeIDE/plugins/com.st.stm32cube.ide.mcu.externaltools.gnu-tools-for-stm32.12.3.rel1.win32_1.0.200.202406191623/tools/bin/../lib/gcc/arm-none-eabi/12.3.1/thumb/v7-m/nofp/crti.o
 .ARM.attributes
                0x0000001d       0x2d C:/ST/STM32CubeIDE_1.16.0/STM32CubeIDE/plugins/com.st.stm32cube.ide.mcu.externaltools.gnu-tools-for-stm32.12.3.rel1.win32_1.0.200.202406191623/tools/bin/../lib/gcc/arm-none-eabi/12.3.1/thumb/v7-m/nofp/crtbegin.o
 .ARM.attributes
                0x0000004a       0x2d ./Core/Src/EasyUI.o
 .ARM.attributes
                0x00000077       0x2d ./Core/Src/LightController.o
 .ARM.attributes
                0x000000a4       0x2d ./Core/Src/SERVO42C.o
 .ARM.attributes
                0x000000d1       0x2d ./Core/Src/SERVO42C_IT.o
 .ARM.attributes
                0x000000fe       0x2d ./Core/Src/WS2812.o
 .ARM.attributes
                0x0000012b       0x2d ./Core/Src/adc.o
 .ARM.attributes
                0x00000158       0x2d ./Core/Src/bsp_usart.o
 .ARM.attributes
                0x00000185       0x2d ./Core/Src/dma.o
 .ARM.attributes
                0x000001b2       0x2d ./Core/Src/fsmc.o
 .ARM.attributes
                0x000001df       0x2d ./Core/Src/gpio.o
 .ARM.attributes
                0x0000020c       0x2d ./Core/Src/interface.o
 .ARM.attributes
                0x00000239       0x2d ./Core/Src/lcdtp.o
 .ARM.attributes
                0x00000266       0x2d ./Core/Src/main.o
 .ARM.attributes
                0x00000293       0x2d ./Core/Src/printf.o
 .ARM.attributes
                0x000002c0       0x2d ./Core/Src/ring_buffer.o
 .ARM.attributes
                0x000002ed       0x2d ./Core/Src/stm32f1xx_hal_msp.o
 .ARM.attributes
                0x0000031a       0x2d ./Core/Src/stm32f1xx_it.o
 .ARM.attributes
                0x00000347       0x2d ./Core/Src/system_stm32f1xx.o
 .ARM.attributes
                0x00000374       0x2d ./Core/Src/tim.o
 .ARM.attributes
                0x000003a1       0x2d ./Core/Src/timer.o
 .ARM.attributes
                0x000003ce       0x2d ./Core/Src/usart.o
 .ARM.attributes
                0x000003fb       0x2d ./Core/Src/utils.o
 .ARM.attributes
                0x00000428       0x2d ./Core/Src/xpt2046.o
 .ARM.attributes
                0x00000455       0x21 ./Core/Startup/startup_stm32f103vetx.o
 .ARM.attributes
                0x00000476       0x2d ./Drivers/STM32F1xx_HAL_Driver/Src/stm32f1xx_hal.o
 .ARM.attributes
                0x000004a3       0x2d ./Drivers/STM32F1xx_HAL_Driver/Src/stm32f1xx_hal_adc.o
 .ARM.attributes
                0x000004d0       0x2d ./Drivers/STM32F1xx_HAL_Driver/Src/stm32f1xx_hal_cortex.o
 .ARM.attributes
                0x000004fd       0x2d ./Drivers/STM32F1xx_HAL_Driver/Src/stm32f1xx_hal_dma.o
 .ARM.attributes
                0x0000052a       0x2d ./Drivers/STM32F1xx_HAL_Driver/Src/stm32f1xx_hal_gpio.o
 .ARM.attributes
                0x00000557       0x2d ./Drivers/STM32F1xx_HAL_Driver/Src/stm32f1xx_hal_rcc.o
 .ARM.attributes
                0x00000584       0x2d ./Drivers/STM32F1xx_HAL_Driver/Src/stm32f1xx_hal_rcc_ex.o
 .ARM.attributes
                0x000005b1       0x2d ./Drivers/STM32F1xx_HAL_Driver/Src/stm32f1xx_hal_sram.o
 .ARM.attributes
                0x000005de       0x2d ./Drivers/STM32F1xx_HAL_Driver/Src/stm32f1xx_hal_tim.o
 .ARM.attributes
                0x0000060b       0x2d ./Drivers/STM32F1xx_HAL_Driver/Src/stm32f1xx_hal_tim_ex.o
 .ARM.attributes
                0x00000638       0x2d ./Drivers/STM32F1xx_HAL_Driver/Src/stm32f1xx_hal_uart.o
 .ARM.attributes
                0x00000665       0x2d ./Drivers/STM32F1xx_HAL_Driver/Src/stm32f1xx_ll_fsmc.o
 .ARM.attributes
                0x00000692       0x2d C:/ST/STM32CubeIDE_1.16.0/STM32CubeIDE/plugins/com.st.stm32cube.ide.mcu.externaltools.gnu-tools-for-stm32.12.3.rel1.win32_1.0.200.202406191623/tools/bin/../lib/gcc/arm-none-eabi/12.3.1/../../../../arm-none-eabi/lib/thumb/v7-m/nofp\libm.a(libm_a-wf_sqrt.o)
 .ARM.attributes
                0x000006bf       0x2d C:/ST/STM32CubeIDE_1.16.0/STM32CubeIDE/plugins/com.st.stm32cube.ide.mcu.externaltools.gnu-tools-for-stm32.12.3.rel1.win32_1.0.200.202406191623/tools/bin/../lib/gcc/arm-none-eabi/12.3.1/../../../../arm-none-eabi/lib/thumb/v7-m/nofp\libm.a(libm_a-ef_sqrt.o)
 .ARM.attributes
                0x000006ec       0x2d C:/ST/STM32CubeIDE_1.16.0/STM32CubeIDE/plugins/com.st.stm32cube.ide.mcu.externaltools.gnu-tools-for-stm32.12.3.rel1.win32_1.0.200.202406191623/tools/bin/../lib/gcc/arm-none-eabi/12.3.1/../../../../arm-none-eabi/lib/thumb/v7-m/nofp\libm.a(libm_a-s_floor.o)
 .ARM.attributes
                0x00000719       0x2d C:/ST/STM32CubeIDE_1.16.0/STM32CubeIDE/plugins/com.st.stm32cube.ide.mcu.externaltools.gnu-tools-for-stm32.12.3.rel1.win32_1.0.200.202406191623/tools/bin/../lib/gcc/arm-none-eabi/12.3.1/../../../../arm-none-eabi/lib/thumb/v7-m/nofp\libc_nano.a(libc_a-findfp.o)
 .ARM.attributes
                0x00000746       0x2d C:/ST/STM32CubeIDE_1.16.0/STM32CubeIDE/plugins/com.st.stm32cube.ide.mcu.externaltools.gnu-tools-for-stm32.12.3.rel1.win32_1.0.200.202406191623/tools/bin/../lib/gcc/arm-none-eabi/12.3.1/../../../../arm-none-eabi/lib/thumb/v7-m/nofp\libc_nano.a(libc_a-memset.o)
 .ARM.attributes
                0x00000773       0x2d C:/ST/STM32CubeIDE_1.16.0/STM32CubeIDE/plugins/com.st.stm32cube.ide.mcu.externaltools.gnu-tools-for-stm32.12.3.rel1.win32_1.0.200.202406191623/tools/bin/../lib/gcc/arm-none-eabi/12.3.1/../../../../arm-none-eabi/lib/thumb/v7-m/nofp\libc_nano.a(libc_a-impure.o)
 .ARM.attributes
                0x000007a0       0x2d C:/ST/STM32CubeIDE_1.16.0/STM32CubeIDE/plugins/com.st.stm32cube.ide.mcu.externaltools.gnu-tools-for-stm32.12.3.rel1.win32_1.0.200.202406191623/tools/bin/../lib/gcc/arm-none-eabi/12.3.1/../../../../arm-none-eabi/lib/thumb/v7-m/nofp\libc_nano.a(libc_a-errno.o)
 .ARM.attributes
                0x000007cd       0x2d C:/ST/STM32CubeIDE_1.16.0/STM32CubeIDE/plugins/com.st.stm32cube.ide.mcu.externaltools.gnu-tools-for-stm32.12.3.rel1.win32_1.0.200.202406191623/tools/bin/../lib/gcc/arm-none-eabi/12.3.1/../../../../arm-none-eabi/lib/thumb/v7-m/nofp\libc_nano.a(libc_a-init.o)
 .ARM.attributes
                0x000007fa       0x2d C:/ST/STM32CubeIDE_1.16.0/STM32CubeIDE/plugins/com.st.stm32cube.ide.mcu.externaltools.gnu-tools-for-stm32.12.3.rel1.win32_1.0.200.202406191623/tools/bin/../lib/gcc/arm-none-eabi/12.3.1/../../../../arm-none-eabi/lib/thumb/v7-m/nofp\libc_nano.a(libc_a-strcpy.o)
 .ARM.attributes
                0x00000827       0x17 C:/ST/STM32CubeIDE_1.16.0/STM32CubeIDE/plugins/com.st.stm32cube.ide.mcu.externaltools.gnu-tools-for-stm32.12.3.rel1.win32_1.0.200.202406191623/tools/bin/../lib/gcc/arm-none-eabi/12.3.1/../../../../arm-none-eabi/lib/thumb/v7-m/nofp\libc_nano.a(libc_a-strlen.o)
 .ARM.attributes
                0x0000083e       0x1d C:/ST/STM32CubeIDE_1.16.0/STM32CubeIDE/plugins/com.st.stm32cube.ide.mcu.externaltools.gnu-tools-for-stm32.12.3.rel1.win32_1.0.200.202406191623/tools/bin/../lib/gcc/arm-none-eabi/12.3.1/thumb/v7-m/nofp\libgcc.a(_arm_addsubdf3.o)
 .ARM.attributes
                0x0000085b       0x1d C:/ST/STM32CubeIDE_1.16.0/STM32CubeIDE/plugins/com.st.stm32cube.ide.mcu.externaltools.gnu-tools-for-stm32.12.3.rel1.win32_1.0.200.202406191623/tools/bin/../lib/gcc/arm-none-eabi/12.3.1/thumb/v7-m/nofp\libgcc.a(_arm_muldivdf3.o)
 .ARM.attributes
                0x00000878       0x1d C:/ST/STM32CubeIDE_1.16.0/STM32CubeIDE/plugins/com.st.stm32cube.ide.mcu.externaltools.gnu-tools-for-stm32.12.3.rel1.win32_1.0.200.202406191623/tools/bin/../lib/gcc/arm-none-eabi/12.3.1/thumb/v7-m/nofp\libgcc.a(_arm_cmpdf2.o)
 .ARM.attributes
                0x00000895       0x1d C:/ST/STM32CubeIDE_1.16.0/STM32CubeIDE/plugins/com.st.stm32cube.ide.mcu.externaltools.gnu-tools-for-stm32.12.3.rel1.win32_1.0.200.202406191623/tools/bin/../lib/gcc/arm-none-eabi/12.3.1/thumb/v7-m/nofp\libgcc.a(_arm_fixdfsi.o)
 .ARM.attributes